#
# There is insufficient memory for the Java Runtime Environment to continue.
# Native memory allocation (malloc) failed to allocate 2541984 bytes for Chunk::new
# Possible reasons:
#   The system is out of physical RAM or swap space
#   The process is running with CompressedOops enabled, and the Java Heap may be blocking the growth of the native heap
# Possible solutions:
#   Reduce memory load on the system
#   Increase physical memory or swap space
#   Check if swap backing store is full
#   Decrease Java heap size (-Xmx/-Xms)
#   Decrease number of Java threads
#   Decrease Java thread stack sizes (-Xss)
#   Set larger code cache with -XX:ReservedCodeCacheSize=
#   JVM is running with Unscaled Compressed Oops mode in which the Java heap is
#     placed in the first 4GB address space. The Java Heap base address is the
#     maximum limit for the native heap growth. Please use -XX:HeapBaseMinAddress
#     to set the Java Heap base and to place the Java Heap above 4GB virtual address.
# This output file may be truncated or incomplete.
#
#  Out of Memory Error (arena.cpp:189), pid=10224, tid=17748
#
# JRE version: OpenJDK Runtime Environment Temurin-17.0.4.1+1 (17.0.4.1+1) (build 17.0.4.1+1)
# Java VM: OpenJDK 64-Bit Server VM Temurin-17.0.4.1+1 (17.0.4.1+1, mixed mode, tiered, compressed oops, compressed class ptrs, parallel gc, windows-amd64)
# No core dump will be written. Minidumps are not enabled by default on client versions of Windows
#

---------------  S U M M A R Y ------------

Command Line: --add-modules=ALL-SYSTEM --add-opens=java.base/java.util=ALL-UNNAMED --add-opens=java.base/java.lang=ALL-UNNAMED --add-opens=java.base/sun.nio.fs=ALL-UNNAMED -Declipse.application=org.eclipse.jdt.ls.core.id1 -Dosgi.bundles.defaultStartLevel=4 -Declipse.product=org.eclipse.jdt.ls.core.product -Djava.import.generatesMetadataFilesAtProjectRoot=false -Dfile.encoding=utf8 -XX:+UseParallelGC -XX:GCTimeRatio=4 -XX:AdaptiveSizePolicyWeight=90 -Dsun.zip.disableMemoryMapping=true -Xmx1G -Xms100m -Xlog:disable -javaagent:c:\Users\Ayush\.antigravity\extensions\redhat.java-1.12.0-win32-x64\lombok\lombok-1.18.24.jar c:\Users\Ayush\.antigravity\extensions\redhat.java-1.12.0-win32-x64\server\plugins\org.eclipse.equinox.launcher_1.6.400.v20210924-0641.jar -configuration c:\Users\Ayush\AppData\Roaming\Antigravity\User\globalStorage\redhat.java\1.12.0\config_ss_win -data c:\Users\Ayush\AppData\Roaming\Antigravity\User\workspaceStorage\3f7b54dcdad3fca262c77b1c4bfa23a2\redhat.java\ss_ws

Host: Intel(R) Core(TM) i5-8300H CPU @ 2.30GHz, 8 cores, 7G,  Windows 11 , 64 bit Build 26100 (10.0.26100.7019)
Time: Wed Mar 25 22:37:18 2026 India Standard Time elapsed time: 3.111488 seconds (0d 0h 0m 3s)

---------------  T H R E A D  ---------------

Current thread (0x000001eb252be460):  JavaThread "C2 CompilerThread1" daemon [_thread_in_native, id=17748, stack(0x0000004c7c500000,0x0000004c7c600000)]


Current CompileTask:
C2:   3111 2738       4       org.objectweb.asm.ClassReader::readMethod (1066 bytes)

Stack: [0x0000004c7c500000,0x0000004c7c600000]
Native frames: (J=compiled Java code, j=interpreted, Vv=VM code, C=native code)
V  [jvm.dll+0x67731a]
V  [jvm.dll+0x832284]
V  [jvm.dll+0x833a2e]
V  [jvm.dll+0x834093]
V  [jvm.dll+0x245775]
V  [jvm.dll+0xabd7b]
V  [jvm.dll+0xac30c]
V  [jvm.dll+0x363a97]
V  [jvm.dll+0x1bbf38]
V  [jvm.dll+0x2187d9]
V  [jvm.dll+0x217aa1]
V  [jvm.dll+0x1a3f8d]
V  [jvm.dll+0x227498]
V  [jvm.dll+0x2255e5]
V  [jvm.dll+0x7e7e9b]
V  [jvm.dll+0x7e240a]
V  [jvm.dll+0x6761a5]
C  [ucrtbase.dll+0x37b0]
C  [KERNEL32.DLL+0x2e8d7]
C  [ntdll.dll+0x8c53c]


---------------  P R O C E S S  ---------------

Threads class SMR info:
_java_thread_list=0x000001eb27b0e420, length=30, elements={
0x000001eb0e8e54f0, 0x000001eb2274f010, 0x000001eb2274fcf0, 0x000001eb24081430,
0x000001eb24081cf0, 0x000001eb240868e0, 0x000001eb24089d20, 0x000001eb2408c3c0,
0x000001eb240b5500, 0x000001eb240b7110, 0x000001eb241db0a0, 0x000001eb25270a30,
0x000001eb252be460, 0x000001eb264a4950, 0x000001eb25417760, 0x000001eb25417c30,
0x000001eb254843f0, 0x000001eb25484cd0, 0x000001eb255a1f10, 0x000001eb255ee590,
0x000001eb266a2730, 0x000001eb266a3a70, 0x000001eb266a0f20, 0x000001eb266a13f0,
0x000001eb266a2260, 0x000001eb266a18c0, 0x000001eb266a2c00, 0x000001eb266a35a0,
0x000001eb266a0580, 0x000001eb266a0a50
}

Java Threads: ( => current thread )
  0x000001eb0e8e54f0 JavaThread "main" [_thread_blocked, id=10184, stack(0x0000004c7b600000,0x0000004c7b700000)]
  0x000001eb2274f010 JavaThread "Reference Handler" daemon [_thread_blocked, id=5020, stack(0x0000004c7b900000,0x0000004c7ba00000)]
  0x000001eb2274fcf0 JavaThread "Finalizer" daemon [_thread_blocked, id=13944, stack(0x0000004c7ba00000,0x0000004c7bb00000)]
  0x000001eb24081430 JavaThread "Signal Dispatcher" daemon [_thread_blocked, id=15692, stack(0x0000004c7bb00000,0x0000004c7bc00000)]
  0x000001eb24081cf0 JavaThread "Attach Listener" daemon [_thread_blocked, id=15244, stack(0x0000004c7bc00000,0x0000004c7bd00000)]
  0x000001eb240868e0 JavaThread "Service Thread" daemon [_thread_blocked, id=8156, stack(0x0000004c7bd00000,0x0000004c7be00000)]
  0x000001eb24089d20 JavaThread "Monitor Deflation Thread" daemon [_thread_blocked, id=9796, stack(0x0000004c7be00000,0x0000004c7bf00000)]
  0x000001eb2408c3c0 JavaThread "C2 CompilerThread0" daemon [_thread_blocked, id=13716, stack(0x0000004c7bf00000,0x0000004c7c000000)]
  0x000001eb240b5500 JavaThread "C1 CompilerThread0" daemon [_thread_blocked, id=13680, stack(0x0000004c7c000000,0x0000004c7c100000)]
  0x000001eb240b7110 JavaThread "Sweeper thread" daemon [_thread_blocked, id=8904, stack(0x0000004c7c100000,0x0000004c7c200000)]
  0x000001eb241db0a0 JavaThread "Common-Cleaner" daemon [_thread_blocked, id=5036, stack(0x0000004c7c200000,0x0000004c7c300000)]
  0x000001eb25270a30 JavaThread "Notification Thread" daemon [_thread_blocked, id=1176, stack(0x0000004c7c300000,0x0000004c7c400000)]
=>0x000001eb252be460 JavaThread "C2 CompilerThread1" daemon [_thread_in_native, id=17748, stack(0x0000004c7c500000,0x0000004c7c600000)]
  0x000001eb264a4950 JavaThread "Equinox resolver thread - Equinox Container: cc191cc2-b5a4-4bd5-a214-5803e3a833e8" daemon [_thread_blocked, id=12252, stack(0x0000004c7cc00000,0x0000004c7cd00000)]
  0x000001eb25417760 JavaThread "Equinox resolver thread - Equinox Container: cc191cc2-b5a4-4bd5-a214-5803e3a833e8" daemon [_thread_blocked, id=11884, stack(0x0000004c7cd00000,0x0000004c7ce00000)]
  0x000001eb25417c30 JavaThread "Equinox resolver thread - Equinox Container: cc191cc2-b5a4-4bd5-a214-5803e3a833e8" daemon [_thread_blocked, id=2784, stack(0x0000004c7ce00000,0x0000004c7cf00000)]
  0x000001eb254843f0 JavaThread "Equinox resolver thread - Equinox Container: cc191cc2-b5a4-4bd5-a214-5803e3a833e8" daemon [_thread_blocked, id=14540, stack(0x0000004c7cf00000,0x0000004c7d000000)]
  0x000001eb25484cd0 JavaThread "Equinox resolver thread - Equinox Container: cc191cc2-b5a4-4bd5-a214-5803e3a833e8" daemon [_thread_blocked, id=8700, stack(0x0000004c7d000000,0x0000004c7d100000)]
  0x000001eb255a1f10 JavaThread "Equinox resolver thread - Equinox Container: cc191cc2-b5a4-4bd5-a214-5803e3a833e8" daemon [_thread_blocked, id=5904, stack(0x0000004c7d100000,0x0000004c7d200000)]
  0x000001eb255ee590 JavaThread "Active Thread: Equinox Container: cc191cc2-b5a4-4bd5-a214-5803e3a833e8" [_thread_blocked, id=9580, stack(0x0000004c7d200000,0x0000004c7d300000)]
  0x000001eb266a2730 JavaThread "Framework Event Dispatcher: Equinox Container: cc191cc2-b5a4-4bd5-a214-5803e3a833e8" daemon [_thread_blocked, id=16960, stack(0x0000004c7d300000,0x0000004c7d400000)]
  0x000001eb266a3a70 JavaThread "Start Level: Equinox Container: cc191cc2-b5a4-4bd5-a214-5803e3a833e8" daemon [_thread_in_vm, id=2136, stack(0x0000004c7d400000,0x0000004c7d500000)]
  0x000001eb266a0f20 JavaThread "Refresh Thread: Equinox Container: cc191cc2-b5a4-4bd5-a214-5803e3a833e8" daemon [_thread_blocked, id=17936, stack(0x0000004c7d600000,0x0000004c7d700000)]
  0x000001eb266a13f0 JavaThread "Equinox resolver thread - Equinox Container: cc191cc2-b5a4-4bd5-a214-5803e3a833e8" daemon [_thread_blocked, id=18088, stack(0x0000004c7d700000,0x0000004c7d800000)]
  0x000001eb266a2260 JavaThread "Equinox resolver thread - Equinox Container: cc191cc2-b5a4-4bd5-a214-5803e3a833e8" daemon [_thread_blocked, id=7284, stack(0x0000004c7d800000,0x0000004c7d900000)]
  0x000001eb266a18c0 JavaThread "SCR Component Actor" daemon [_thread_blocked, id=2524, stack(0x0000004c7d900000,0x0000004c7da00000)]
  0x000001eb266a2c00 JavaThread "SCR Component Registry" daemon [_thread_blocked, id=6008, stack(0x0000004c7da00000,0x0000004c7db00000)]
  0x000001eb266a35a0 JavaThread "Worker-JM" [_thread_blocked, id=2532, stack(0x0000004c7dc00000,0x0000004c7dd00000)]
  0x000001eb266a0580 JavaThread "Worker-0" [_thread_blocked, id=17640, stack(0x0000004c7dd00000,0x0000004c7de00000)]
  0x000001eb266a0a50 JavaThread "Worker-1" [_thread_blocked, id=16332, stack(0x0000004c7c600000,0x0000004c7c700000)]

Other Threads:
  0x000001eb0e971490 VMThread "VM Thread" [stack: 0x0000004c7b800000,0x0000004c7b900000] [id=9204]
  0x000001eb24381390 WatcherThread [stack: 0x0000004c7c400000,0x0000004c7c500000] [id=9604]
  0x000001eb0e8fbac0 GCTaskThread "GC Thread#0" [stack: 0x0000004c7b700000,0x0000004c7b800000] [id=15568]
  0x000001eb254189d0 GCTaskThread "GC Thread#1" [stack: 0x0000004c7c700000,0x0000004c7c800000] [id=14928]
  0x000001eb25418c80 GCTaskThread "GC Thread#2" [stack: 0x0000004c7c800000,0x0000004c7c900000] [id=2416]
  0x000001eb2575fb20 GCTaskThread "GC Thread#3" [stack: 0x0000004c7c900000,0x0000004c7ca00000] [id=3788]
  0x000001eb2575fdd0 GCTaskThread "GC Thread#4" [stack: 0x0000004c7ca00000,0x0000004c7cb00000] [id=5656]
  0x000001eb25760080 GCTaskThread "GC Thread#5" [stack: 0x0000004c7cb00000,0x0000004c7cc00000] [id=8508]
  0x000001eb26638720 GCTaskThread "GC Thread#6" [stack: 0x0000004c7d500000,0x0000004c7d600000] [id=328]
  0x000001eb27103860 GCTaskThread "GC Thread#7" [stack: 0x0000004c7db00000,0x0000004c7dc00000] [id=9200]

Threads with active compile tasks:
C2 CompilerThread1     3125 2738       4       org.objectweb.asm.ClassReader::readMethod (1066 bytes)

VM state: not at safepoint (normal execution)

VM Mutex/Monitor currently owned by a thread: None

Heap address: 0x00000000c0000000, size: 1024 MB, Compressed Oops mode: 32-bit

CDS archive(s) not mapped
Compressed class space mapped at: 0x0000000100000000-0x0000000140000000, reserved size: 1073741824
Narrow klass base: 0x0000000000000000, Narrow klass shift: 3, Narrow klass range: 0x140000000

GC Precious Log:
 CPUs: 8 total, 8 available
 Memory: 8044M
 Large Page Support: Disabled
 NUMA Support: Disabled
 Compressed Oops: Enabled (32-bit)
 Alignments: Space 512K, Generation 512K, Heap 2M
 Heap Min Capacity: 100M
 Heap Initial Capacity: 100M
 Heap Max Capacity: 1G
 Pre-touch: Disabled
 Parallel Workers: 8

Heap:
 PSYoungGen      total 25600K, used 4580K [0x00000000eab00000, 0x00000000ec700000, 0x0000000100000000)
  eden space 24576K, 15% used [0x00000000eab00000,0x00000000eaeba148,0x00000000ec300000)
  from space 1024K, 74% used [0x00000000ec600000,0x00000000ec6bef38,0x00000000ec700000)
  to   space 1024K, 0% used [0x00000000ec500000,0x00000000ec500000,0x00000000ec600000)
 ParOldGen       total 68608K, used 8476K [0x00000000c0000000, 0x00000000c4300000, 0x00000000eab00000)
  object space 68608K, 12% used [0x00000000c0000000,0x00000000c0847270,0x00000000c4300000)
 Metaspace       used 28351K, committed 28800K, reserved 1081344K
  class space    used 2725K, committed 2944K, reserved 1048576K

Card table byte_map: [0x000001eb0e280000,0x000001eb0e490000] _byte_map_base: 0x000001eb0dc80000

Marking Bits: (ParMarkBitMap*) 0x00007ffc89e52cc0
 Begin Bits: [0x000001eb20560000, 0x000001eb21560000)
 End Bits:   [0x000001eb21560000, 0x000001eb22560000)

Polling page: 0x000001eb0c7c0000

Metaspace:

Usage:
  Non-class:     25.03 MB used.
      Class:      2.66 MB used.
       Both:     27.69 MB used.

Virtual space:
  Non-class space:       32.00 MB reserved,      25.25 MB ( 79%) committed,  4 nodes.
      Class space:        1.00 GB reserved,       2.88 MB ( <1%) committed,  1 nodes.
             Both:        1.03 GB reserved,      28.12 MB (  3%) committed. 

Chunk freelists:
   Non-Class:  2.70 MB
       Class:  1.06 MB
        Both:  3.76 MB

MaxMetaspaceSize: unlimited
CompressedClassSpaceSize: 1.00 GB
Initial GC threshold: 21.00 MB
Current GC threshold: 35.00 MB
CDS: off
MetaspaceReclaimPolicy: balanced
 - commit_granule_bytes: 65536.
 - commit_granule_words: 8192.
 - virtual_space_node_default_size: 1048576.
 - enlarge_chunks_in_place: 1.
 - new_chunks_are_fully_committed: 0.
 - uncommit_free_chunks: 1.
 - use_allocation_guard: 0.
 - handle_deallocations: 1.


Internal statistics:

num_allocs_failed_limit: 3.
num_arena_births: 190.
num_arena_deaths: 14.
num_vsnodes_births: 5.
num_vsnodes_deaths: 0.
num_space_committed: 450.
num_space_uncommitted: 0.
num_chunks_returned_to_freelist: 17.
num_chunks_taken_from_freelist: 914.
num_chunk_merges: 7.
num_chunk_splits: 635.
num_chunks_enlarged: 479.
num_purges: 2.
num_inconsistent_stats: 0.

CodeHeap 'non-profiled nmethods': size=120000Kb used=1110Kb max_used=1110Kb free=118889Kb
 bounds [0x000001eb19030000, 0x000001eb192a0000, 0x000001eb20560000]
CodeHeap 'profiled nmethods': size=120000Kb used=5962Kb max_used=5962Kb free=114038Kb
 bounds [0x000001eb11b00000, 0x000001eb120e0000, 0x000001eb19030000]
CodeHeap 'non-nmethods': size=5760Kb used=1232Kb max_used=1254Kb free=4527Kb
 bounds [0x000001eb11560000, 0x000001eb117d0000, 0x000001eb11b00000]
 total_blobs=3371 nmethods=2830 adapters=455
 compilation: enabled
              stopped_count=0, restarted_count=0
 full_count=0

Compilation events (20 events):
Event: 1.974 Thread 0x000001eb240b5500 nmethod 2821 0x000001eb120cdb90 code [0x000001eb120cdd40, 0x000001eb120cdee8]
Event: 1.976 Thread 0x000001eb2408c3c0 nmethod 2807% 0x000001eb1913fb90 code [0x000001eb1913fda0, 0x000001eb19140c70]
Event: 1.976 Thread 0x000001eb2408c3c0 2808       4       java.util.Properties::loadConvert (540 bytes)
Event: 1.976 Thread 0x000001eb240b5500 2822       3       java.util.TreeMap::leftOf (13 bytes)
Event: 1.976 Thread 0x000001eb240b5500 nmethod 2822 0x000001eb120cdf90 code [0x000001eb120ce120, 0x000001eb120ce298]
Event: 1.976 Thread 0x000001eb240b5500 2825       3       java.lang.Character::toUpperCase (9 bytes)
Event: 1.976 Thread 0x000001eb240b5500 nmethod 2825 0x000001eb120ce390 code [0x000001eb120ce540, 0x000001eb120ce738]
Event: 1.976 Thread 0x000001eb240b5500 2823       3       java.lang.Character::toUpperCase (6 bytes)
Event: 1.977 Thread 0x000001eb240b5500 nmethod 2823 0x000001eb120ce810 code [0x000001eb120ce9c0, 0x000001eb120cec18]
Event: 1.977 Thread 0x000001eb240b5500 2826       3       java.lang.ProcessEnvironment$NameComparator::compare (13 bytes)
Event: 1.977 Thread 0x000001eb240b5500 nmethod 2826 0x000001eb120ced10 code [0x000001eb120ceec0, 0x000001eb120cf1c8]
Event: 1.978 Thread 0x000001eb240b5500 2827       1       org.eclipse.osgi.internal.loader.sources.PackageSource::getId (5 bytes)
Event: 1.978 Thread 0x000001eb240b5500 nmethod 2827 0x000001eb19141790 code [0x000001eb19141920, 0x000001eb191419f8]
Event: 1.994 Thread 0x000001eb2408c3c0 nmethod 2808 0x000001eb19141a90 code [0x000001eb19141ce0, 0x000001eb19143250]
Event: 1.994 Thread 0x000001eb2408c3c0 2824       4       java.lang.CharacterDataLatin1::toUpperCase (53 bytes)
Event: 1.995 Thread 0x000001eb2408c3c0 nmethod 2824 0x000001eb19144090 code [0x000001eb19144200, 0x000001eb19144318]
Event: 2.676 Thread 0x000001eb240b5500 2828       3       java.util.concurrent.Semaphore$NonfairSync::tryAcquireShared (6 bytes)
Event: 2.677 Thread 0x000001eb240b5500 nmethod 2828 0x000001eb120cf290 code [0x000001eb120cf420, 0x000001eb120cf568]
Event: 2.677 Thread 0x000001eb240b5500 2829       3       java.util.concurrent.Semaphore$Sync::nonfairTryAcquireShared (27 bytes)
Event: 2.677 Thread 0x000001eb240b5500 nmethod 2829 0x000001eb120cf610 code [0x000001eb120cf7c0, 0x000001eb120cfa28]

GC Heap History (14 events):
Event: 0.526 GC heap before
{Heap before GC invocations=1 (full 0):
 PSYoungGen      total 29696K, used 25600K [0x00000000eab00000, 0x00000000ecc00000, 0x0000000100000000)
  eden space 25600K, 100% used [0x00000000eab00000,0x00000000ec400000,0x00000000ec400000)
  from space 4096K, 0% used [0x00000000ec800000,0x00000000ec800000,0x00000000ecc00000)
  to   space 4096K, 0% used [0x00000000ec400000,0x00000000ec400000,0x00000000ec800000)
 ParOldGen       total 68608K, used 0K [0x00000000c0000000, 0x00000000c4300000, 0x00000000eab00000)
  object space 68608K, 0% used [0x00000000c0000000,0x00000000c0000000,0x00000000c4300000)
 Metaspace       used 10815K, committed 10944K, reserved 1064960K
  class space    used 1089K, committed 1152K, reserved 1048576K
}
Event: 0.530 GC heap after
{Heap after GC invocations=1 (full 0):
 PSYoungGen      total 29696K, used 3144K [0x00000000eab00000, 0x00000000ecc00000, 0x0000000100000000)
  eden space 25600K, 0% used [0x00000000eab00000,0x00000000eab00000,0x00000000ec400000)
  from space 4096K, 76% used [0x00000000ec400000,0x00000000ec712228,0x00000000ec800000)
  to   space 4096K, 0% used [0x00000000ec800000,0x00000000ec800000,0x00000000ecc00000)
 ParOldGen       total 68608K, used 16K [0x00000000c0000000, 0x00000000c4300000, 0x00000000eab00000)
  object space 68608K, 0% used [0x00000000c0000000,0x00000000c0004000,0x00000000c4300000)
 Metaspace       used 10815K, committed 10944K, reserved 1064960K
  class space    used 1089K, committed 1152K, reserved 1048576K
}
Event: 0.795 GC heap before
{Heap before GC invocations=2 (full 0):
 PSYoungGen      total 29696K, used 28744K [0x00000000eab00000, 0x00000000ecc00000, 0x0000000100000000)
  eden space 25600K, 100% used [0x00000000eab00000,0x00000000ec400000,0x00000000ec400000)
  from space 4096K, 76% used [0x00000000ec400000,0x00000000ec712228,0x00000000ec800000)
  to   space 4096K, 0% used [0x00000000ec800000,0x00000000ec800000,0x00000000ecc00000)
 ParOldGen       total 68608K, used 16K [0x00000000c0000000, 0x00000000c4300000, 0x00000000eab00000)
  object space 68608K, 0% used [0x00000000c0000000,0x00000000c0004000,0x00000000c4300000)
 Metaspace       used 13646K, committed 13760K, reserved 1064960K
  class space    used 1364K, committed 1408K, reserved 1048576K
}
Event: 0.798 GC heap after
{Heap after GC invocations=2 (full 0):
 PSYoungGen      total 29696K, used 4082K [0x00000000eab00000, 0x00000000ecc00000, 0x0000000100000000)
  eden space 25600K, 0% used [0x00000000eab00000,0x00000000eab00000,0x00000000ec400000)
  from space 4096K, 99% used [0x00000000ec800000,0x00000000ecbfc890,0x00000000ecc00000)
  to   space 4096K, 0% used [0x00000000ec400000,0x00000000ec400000,0x00000000ec800000)
 ParOldGen       total 68608K, used 1108K [0x00000000c0000000, 0x00000000c4300000, 0x00000000eab00000)
  object space 68608K, 1% used [0x00000000c0000000,0x00000000c0115390,0x00000000c4300000)
 Metaspace       used 13646K, committed 13760K, reserved 1064960K
  class space    used 1364K, committed 1408K, reserved 1048576K
}
Event: 1.069 GC heap before
{Heap before GC invocations=3 (full 0):
 PSYoungGen      total 29696K, used 29682K [0x00000000eab00000, 0x00000000ecc00000, 0x0000000100000000)
  eden space 25600K, 100% used [0x00000000eab00000,0x00000000ec400000,0x00000000ec400000)
  from space 4096K, 99% used [0x00000000ec800000,0x00000000ecbfc890,0x00000000ecc00000)
  to   space 4096K, 0% used [0x00000000ec400000,0x00000000ec400000,0x00000000ec800000)
 ParOldGen       total 68608K, used 1108K [0x00000000c0000000, 0x00000000c4300000, 0x00000000eab00000)
  object space 68608K, 1% used [0x00000000c0000000,0x00000000c0115390,0x00000000c4300000)
 Metaspace       used 16674K, committed 16960K, reserved 1064960K
  class space    used 1714K, committed 1856K, reserved 1048576K
}
Event: 1.073 GC heap after
{Heap after GC invocations=3 (full 0):
 PSYoungGen      total 29696K, used 4094K [0x00000000eab00000, 0x00000000ecc00000, 0x0000000100000000)
  eden space 25600K, 0% used [0x00000000eab00000,0x00000000eab00000,0x00000000ec400000)
  from space 4096K, 99% used [0x00000000ec400000,0x00000000ec7ff9a0,0x00000000ec800000)
  to   space 4096K, 0% used [0x00000000ec800000,0x00000000ec800000,0x00000000ecc00000)
 ParOldGen       total 68608K, used 2592K [0x00000000c0000000, 0x00000000c4300000, 0x00000000eab00000)
  object space 68608K, 3% used [0x00000000c0000000,0x00000000c0288010,0x00000000c4300000)
 Metaspace       used 16674K, committed 16960K, reserved 1064960K
  class space    used 1714K, committed 1856K, reserved 1048576K
}
Event: 1.518 GC heap before
{Heap before GC invocations=4 (full 0):
 PSYoungGen      total 29696K, used 28200K [0x00000000eab00000, 0x00000000ecc00000, 0x0000000100000000)
  eden space 25600K, 94% used [0x00000000eab00000,0x00000000ec28a8d0,0x00000000ec400000)
  from space 4096K, 99% used [0x00000000ec400000,0x00000000ec7ff9a0,0x00000000ec800000)
  to   space 4096K, 0% used [0x00000000ec800000,0x00000000ec800000,0x00000000ecc00000)
 ParOldGen       total 68608K, used 2592K [0x00000000c0000000, 0x00000000c4300000, 0x00000000eab00000)
  object space 68608K, 3% used [0x00000000c0000000,0x00000000c0288010,0x00000000c4300000)
 Metaspace       used 21087K, committed 21504K, reserved 1073152K
  class space    used 2140K, committed 2304K, reserved 1048576K
}
Event: 1.521 GC heap after
{Heap after GC invocations=4 (full 0):
 PSYoungGen      total 29696K, used 4085K [0x00000000eab00000, 0x00000000ecc00000, 0x0000000100000000)
  eden space 25600K, 0% used [0x00000000eab00000,0x00000000eab00000,0x00000000ec400000)
  from space 4096K, 99% used [0x00000000ec800000,0x00000000ecbfd458,0x00000000ecc00000)
  to   space 4096K, 0% used [0x00000000ec400000,0x00000000ec400000,0x00000000ec800000)
 ParOldGen       total 68608K, used 4528K [0x00000000c0000000, 0x00000000c4300000, 0x00000000eab00000)
  object space 68608K, 6% used [0x00000000c0000000,0x00000000c046c0f0,0x00000000c4300000)
 Metaspace       used 21087K, committed 21504K, reserved 1073152K
  class space    used 2140K, committed 2304K, reserved 1048576K
}
Event: 1.521 GC heap before
{Heap before GC invocations=5 (full 1):
 PSYoungGen      total 29696K, used 4085K [0x00000000eab00000, 0x00000000ecc00000, 0x0000000100000000)
  eden space 25600K, 0% used [0x00000000eab00000,0x00000000eab00000,0x00000000ec400000)
  from space 4096K, 99% used [0x00000000ec800000,0x00000000ecbfd458,0x00000000ecc00000)
  to   space 4096K, 0% used [0x00000000ec400000,0x00000000ec400000,0x00000000ec800000)
 ParOldGen       total 68608K, used 4528K [0x00000000c0000000, 0x00000000c4300000, 0x00000000eab00000)
  object space 68608K, 6% used [0x00000000c0000000,0x00000000c046c0f0,0x00000000c4300000)
 Metaspace       used 21087K, committed 21504K, reserved 1073152K
  class space    used 2140K, committed 2304K, reserved 1048576K
}
Event: 1.545 GC heap after
{Heap after GC invocations=5 (full 1):
 PSYoungGen      total 29696K, used 0K [0x00000000eab00000, 0x00000000ecc00000, 0x0000000100000000)
  eden space 25600K, 0% used [0x00000000eab00000,0x00000000eab00000,0x00000000ec400000)
  from space 4096K, 0% used [0x00000000ec800000,0x00000000ec800000,0x00000000ecc00000)
  to   space 4096K, 0% used [0x00000000ec400000,0x00000000ec400000,0x00000000ec800000)
 ParOldGen       total 68608K, used 8460K [0x00000000c0000000, 0x00000000c4300000, 0x00000000eab00000)
  object space 68608K, 12% used [0x00000000c0000000,0x00000000c0843270,0x00000000c4300000)
 Metaspace       used 21074K, committed 21504K, reserved 1073152K
  class space    used 2137K, committed 2304K, reserved 1048576K
}
Event: 1.749 GC heap before
{Heap before GC invocations=6 (full 1):
 PSYoungGen      total 29696K, used 25600K [0x00000000eab00000, 0x00000000ecc00000, 0x0000000100000000)
  eden space 25600K, 100% used [0x00000000eab00000,0x00000000ec400000,0x00000000ec400000)
  from space 4096K, 0% used [0x00000000ec800000,0x00000000ec800000,0x00000000ecc00000)
  to   space 4096K, 0% used [0x00000000ec400000,0x00000000ec400000,0x00000000ec800000)
 ParOldGen       total 68608K, used 8460K [0x00000000c0000000, 0x00000000c4300000, 0x00000000eab00000)
  object space 68608K, 12% used [0x00000000c0000000,0x00000000c0843270,0x00000000c4300000)
 Metaspace       used 24742K, committed 25216K, reserved 1073152K
  class space    used 2414K, committed 2624K, reserved 1048576K
}
Event: 1.750 GC heap after
{Heap after GC invocations=6 (full 1):
 PSYoungGen      total 25600K, used 448K [0x00000000eab00000, 0x00000000ec880000, 0x0000000100000000)
  eden space 25088K, 0% used [0x00000000eab00000,0x00000000eab00000,0x00000000ec380000)
  from space 512K, 87% used [0x00000000ec400000,0x00000000ec470000,0x00000000ec480000)
  to   space 2560K, 0% used [0x00000000ec600000,0x00000000ec600000,0x00000000ec880000)
 ParOldGen       total 68608K, used 8468K [0x00000000c0000000, 0x00000000c4300000, 0x00000000eab00000)
  object space 68608K, 12% used [0x00000000c0000000,0x00000000c0845270,0x00000000c4300000)
 Metaspace       used 24742K, committed 25216K, reserved 1073152K
  class space    used 2414K, committed 2624K, reserved 1048576K
}
Event: 1.945 GC heap before
{Heap before GC invocations=7 (full 1):
 PSYoungGen      total 25600K, used 25536K [0x00000000eab00000, 0x00000000ec880000, 0x0000000100000000)
  eden space 25088K, 100% used [0x00000000eab00000,0x00000000ec380000,0x00000000ec380000)
  from space 512K, 87% used [0x00000000ec400000,0x00000000ec470000,0x00000000ec480000)
  to   space 2560K, 0% used [0x00000000ec600000,0x00000000ec600000,0x00000000ec880000)
 ParOldGen       total 68608K, used 8468K [0x00000000c0000000, 0x00000000c4300000, 0x00000000eab00000)
  object space 68608K, 12% used [0x00000000c0000000,0x00000000c0845270,0x00000000c4300000)
 Metaspace       used 27444K, committed 27840K, reserved 1081344K
  class space    used 2628K, committed 2816K, reserved 1048576K
}
Event: 1.946 GC heap after
{Heap after GC invocations=7 (full 1):
 PSYoungGen      total 25600K, used 763K [0x00000000eab00000, 0x00000000ec700000, 0x0000000100000000)
  eden space 24576K, 0% used [0x00000000eab00000,0x00000000eab00000,0x00000000ec300000)
  from space 1024K, 74% used [0x00000000ec600000,0x00000000ec6bef38,0x00000000ec700000)
  to   space 1024K, 0% used [0x00000000ec500000,0x00000000ec500000,0x00000000ec600000)
 ParOldGen       total 68608K, used 8476K [0x00000000c0000000, 0x00000000c4300000, 0x00000000eab00000)
  object space 68608K, 12% used [0x00000000c0000000,0x00000000c0847270,0x00000000c4300000)
 Metaspace       used 27444K, committed 27840K, reserved 1081344K
  class space    used 2628K, committed 2816K, reserved 1048576K
}

Deoptimization events (20 events):
Event: 1.958 Thread 0x000001eb266a3a70 Uncommon trap: trap_request=0xffffff45 fr.pc=0x000001eb190fb0fc relative=0x000000000000007c
Event: 1.958 Thread 0x000001eb266a3a70 Uncommon trap: reason=unstable_if action=reinterpret pc=0x000001eb190fb0fc method=com.sun.org.apache.xerces.internal.impl.XMLEntityScanner.checkBeforeLoad(Lcom/sun/xml/internal/stream/Entity$ScannedEntity;II)I @ 18 c2
Event: 1.958 Thread 0x000001eb266a3a70 DEOPT PACKING pc=0x000001eb190fb0fc sp=0x0000004c7d4f95e0
Event: 1.958 Thread 0x000001eb266a3a70 DEOPT UNPACKING pc=0x000001eb115b20a3 sp=0x0000004c7d4f9570 mode 2
Event: 1.976 Thread 0x000001eb266a3a70 Uncommon trap: trap_request=0xffffffc6 fr.pc=0x000001eb190a9af0 relative=0x0000000000000ab0
Event: 1.976 Thread 0x000001eb266a3a70 Uncommon trap: reason=bimorphic_or_optimized_type_check action=maybe_recompile pc=0x000001eb190a9af0 method=java.util.HashMap.putVal(ILjava/lang/Object;Ljava/lang/Object;ZZ)Ljava/lang/Object; @ 56 c2
Event: 1.976 Thread 0x000001eb266a3a70 DEOPT PACKING pc=0x000001eb190a9af0 sp=0x0000004c7d4fdba0
Event: 1.976 Thread 0x000001eb266a3a70 DEOPT UNPACKING pc=0x000001eb115b20a3 sp=0x0000004c7d4fdaf8 mode 2
Event: 1.976 Thread 0x000001eb266a3a70 Uncommon trap: trap_request=0xffffffc6 fr.pc=0x000001eb190a9af0 relative=0x0000000000000ab0
Event: 1.976 Thread 0x000001eb266a3a70 Uncommon trap: reason=bimorphic_or_optimized_type_check action=maybe_recompile pc=0x000001eb190a9af0 method=java.util.HashMap.putVal(ILjava/lang/Object;Ljava/lang/Object;ZZ)Ljava/lang/Object; @ 56 c2
Event: 1.976 Thread 0x000001eb266a3a70 DEOPT PACKING pc=0x000001eb190a9af0 sp=0x0000004c7d4fdba0
Event: 1.976 Thread 0x000001eb266a3a70 DEOPT UNPACKING pc=0x000001eb115b20a3 sp=0x0000004c7d4fdaf8 mode 2
Event: 1.976 Thread 0x000001eb266a3a70 Uncommon trap: trap_request=0xffffffc6 fr.pc=0x000001eb190a9af0 relative=0x0000000000000ab0
Event: 1.976 Thread 0x000001eb266a3a70 Uncommon trap: reason=bimorphic_or_optimized_type_check action=maybe_recompile pc=0x000001eb190a9af0 method=java.util.HashMap.putVal(ILjava/lang/Object;Ljava/lang/Object;ZZ)Ljava/lang/Object; @ 56 c2
Event: 1.976 Thread 0x000001eb266a3a70 DEOPT PACKING pc=0x000001eb190a9af0 sp=0x0000004c7d4fdba0
Event: 1.976 Thread 0x000001eb266a3a70 DEOPT UNPACKING pc=0x000001eb115b20a3 sp=0x0000004c7d4fdaf8 mode 2
Event: 1.976 Thread 0x000001eb266a3a70 Uncommon trap: trap_request=0xffffffc6 fr.pc=0x000001eb190a9af0 relative=0x0000000000000ab0
Event: 1.976 Thread 0x000001eb266a3a70 Uncommon trap: reason=bimorphic_or_optimized_type_check action=maybe_recompile pc=0x000001eb190a9af0 method=java.util.HashMap.putVal(ILjava/lang/Object;Ljava/lang/Object;ZZ)Ljava/lang/Object; @ 56 c2
Event: 1.976 Thread 0x000001eb266a3a70 DEOPT PACKING pc=0x000001eb190a9af0 sp=0x0000004c7d4fdba0
Event: 1.976 Thread 0x000001eb266a3a70 DEOPT UNPACKING pc=0x000001eb115b20a3 sp=0x0000004c7d4fdaf8 mode 2

Classes unloaded (7 events):
Event: 1.525 Thread 0x000001eb0e971490 Unloading class 0x0000000100214000 'java/lang/invoke/LambdaForm$MH+0x0000000100214000'
Event: 1.525 Thread 0x000001eb0e971490 Unloading class 0x0000000100213c00 'java/lang/invoke/LambdaForm$MH+0x0000000100213c00'
Event: 1.525 Thread 0x000001eb0e971490 Unloading class 0x0000000100213800 'java/lang/invoke/LambdaForm$MH+0x0000000100213800'
Event: 1.525 Thread 0x000001eb0e971490 Unloading class 0x0000000100213400 'java/lang/invoke/LambdaForm$MH+0x0000000100213400'
Event: 1.525 Thread 0x000001eb0e971490 Unloading class 0x0000000100212c00 'java/lang/invoke/LambdaForm$BMH+0x0000000100212c00'
Event: 1.525 Thread 0x000001eb0e971490 Unloading class 0x0000000100212800 'java/lang/invoke/LambdaForm$DMH+0x0000000100212800'
Event: 1.525 Thread 0x000001eb0e971490 Unloading class 0x0000000100210000 'java/lang/invoke/LambdaForm$DMH+0x0000000100210000'

Classes redefined (0 events):
No events

Internal exceptions (20 events):
Event: 1.219 Thread 0x000001eb266a3a70 Exception <a 'java/lang/NullPointerException'{0x00000000eb1ac618}> (0x00000000eb1ac618) 
thrown [s\src\hotspot\share\interpreter\linkResolver.cpp, line 1350]
Event: 1.324 Thread 0x000001eb266a3a70 Exception <a 'java/lang/NoSuchMethodError'{0x00000000eb8a58f0}: 'void java.lang.invoke.DirectMethodHandle$Holder.invokeInterface(java.lang.Object, java.lang.Object, java.lang.Object)'> (0x00000000eb8a58f0) 
thrown [s\src\hotspot\share\interpreter\linkResolver.cpp, line 759]
Event: 1.380 Thread 0x000001eb266a3a70 Exception <a 'java/lang/NoSuchMethodError'{0x00000000ebc695a0}: 'java.lang.Object java.lang.invoke.DirectMethodHandle$Holder.invokeStatic(java.lang.Object, java.lang.Object, int)'> (0x00000000ebc695a0) 
thrown [s\src\hotspot\share\interpreter\linkResolver.cpp, line 759]
Event: 1.383 Thread 0x000001eb266a3a70 Exception <a 'java/lang/NoSuchMethodError'{0x00000000ebc6e150}: 'void java.lang.invoke.DirectMethodHandle$Holder.invokeStatic(java.lang.Object, java.lang.Object, int, java.lang.Object)'> (0x00000000ebc6e150) 
thrown [s\src\hotspot\share\interpreter\linkResolver.cpp, line 759]
Event: 1.383 Thread 0x000001eb266a3a70 Exception <a 'java/lang/NoSuchMethodError'{0x00000000ebc75880}: 'void java.lang.invoke.DelegatingMethodHandle$Holder.delegate(java.lang.Object, java.lang.Object, int, java.lang.Object)'> (0x00000000ebc75880) 
thrown [s\src\hotspot\share\interpreter\linkResolver.cpp, line 759]
Event: 1.384 Thread 0x000001eb266a3a70 Exception <a 'java/lang/NoSuchMethodError'{0x00000000ebc87238}: 'int java.lang.invoke.DirectMethodHandle$Holder.invokeStatic(java.lang.Object, java.lang.Object, int)'> (0x00000000ebc87238) 
thrown [s\src\hotspot\share\interpreter\linkResolver.cpp, line 759]
Event: 1.384 Thread 0x000001eb266a3a70 Exception <a 'java/lang/NoSuchMethodError'{0x00000000ebc8b260}: 'int java.lang.invoke.DirectMethodHandle$Holder.invokeSpecial(java.lang.Object, java.lang.Object, java.lang.Object, int)'> (0x00000000ebc8b260) 
thrown [s\src\hotspot\share\interpreter\linkResolver.cpp, line 759]
Event: 1.386 Thread 0x000001eb266a3a70 Exception <a 'java/lang/NoSuchMethodError'{0x00000000ebca6f40}: 'java.lang.Object java.lang.invoke.DirectMethodHandle$Holder.invokeStatic(java.lang.Object, java.lang.Object, java.lang.Object, java.lang.Object, int)'> (0x00000000ebca6f40) 
thrown [s\src\hotspot\share\interpreter\linkResolver.cpp, line 759]
Event: 1.387 Thread 0x000001eb266a3a70 Exception <a 'java/lang/NoSuchMethodError'{0x00000000ebcb2f38}: 'java.lang.Object java.lang.invoke.DelegatingMethodHandle$Holder.reinvoke_L(java.lang.Object, java.lang.Object, java.lang.Object, java.lang.Object, int, int)'> (0x00000000ebcb2f38) 
thrown [s\src\hotspot\share\interpreter\linkResolver.cpp, line 759]
Event: 1.389 Thread 0x000001eb266a3a70 Exception <a 'java/lang/NoSuchMethodError'{0x00000000ebccae60}: 'java.lang.Object java.lang.invoke.Invokers$Holder.invokeExact_MT(java.lang.Object, java.lang.Object, java.lang.Object, java.lang.Object)'> (0x00000000ebccae60) 
thrown [s\src\hotspot\share\interpreter\linkResolver.cpp, line 759]
Event: 1.411 Thread 0x000001eb266a3a70 Exception <a 'java/lang/NoSuchMethodError'{0x00000000ebdd9580}: 'void java.lang.invoke.DirectMethodHandle$Holder.invokeSpecial(java.lang.Object, java.lang.Object, java.lang.Object)'> (0x00000000ebdd9580) 
thrown [s\src\hotspot\share\interpreter\linkResolver.cpp, line 759]
Event: 1.581 Thread 0x000001eb266a3a70 Exception <a 'java/lang/NoSuchMethodError'{0x00000000ead7fcf0}: 'int java.lang.invoke.DirectMethodHandle$Holder.invokeStaticInit(java.lang.Object, java.lang.Object, java.lang.Object)'> (0x00000000ead7fcf0) 
thrown [s\src\hotspot\share\interpreter\linkResolver.cpp, line 759]
Event: 1.585 Thread 0x000001eb266a3a70 Exception <a 'java/lang/IncompatibleClassChangeError'{0x00000000eadfeab0}: Found class java.lang.Object, but interface was expected> (0x00000000eadfeab0) 
thrown [s\src\hotspot\share\interpreter\linkResolver.cpp, line 826]
Event: 1.603 Thread 0x000001eb266a0580 Exception <a 'java/io/FileNotFoundException'{0x00000000eaf3e4f0}> (0x00000000eaf3e4f0) 
thrown [s\src\hotspot\share\prims\jni.cpp, line 516]
Event: 1.693 Thread 0x000001eb266a3a70 Exception <a 'java/io/FileNotFoundException'{0x00000000ebe6a1e0}> (0x00000000ebe6a1e0) 
thrown [s\src\hotspot\share\prims\jni.cpp, line 516]
Event: 1.693 Thread 0x000001eb266a3a70 Exception <a 'java/io/FileNotFoundException'{0x00000000ebe6b028}> (0x00000000ebe6b028) 
thrown [s\src\hotspot\share\prims\jni.cpp, line 516]
Event: 1.693 Thread 0x000001eb266a3a70 Exception <a 'java/io/FileNotFoundException'{0x00000000ebe6be80}> (0x00000000ebe6be80) 
thrown [s\src\hotspot\share\prims\jni.cpp, line 516]
Event: 1.961 Thread 0x000001eb266a3a70 Exception <a 'java/lang/ClassNotFoundException'{0x00000000eac51250}: com/sun/org/apache/xerces/internal/impl/msg/spi/DOMMessagesProvider> (0x00000000eac51250) 
thrown [s\src\hotspot\share\classfile\systemDictionary.cpp, line 256]
Event: 1.962 Thread 0x000001eb266a3a70 Exception <a 'java/lang/ClassNotFoundException'{0x00000000eac6cea0}: com/sun/org/apache/xerces/internal/impl/msg/spi/XMLSerializerMessagesProvider> (0x00000000eac6cea0) 
thrown [s\src\hotspot\share\classfile\systemDictionary.cpp, line 256]
Event: 1.962 Thread 0x000001eb266a3a70 Exception <a 'java/lang/ClassNotFoundException'{0x00000000eac7a128}: com/sun/org/apache/xerces/internal/impl/msg/spi/XMLMessagesProvider> (0x00000000eac7a128) 
thrown [s\src\hotspot\share\classfile\systemDictionary.cpp, line 256]

VM Operations (20 events):
Event: 1.272 Executing VM operation: HandshakeAllThreads
Event: 1.272 Executing VM operation: HandshakeAllThreads done
Event: 1.306 Executing VM operation: HandshakeAllThreads
Event: 1.306 Executing VM operation: HandshakeAllThreads done
Event: 1.308 Executing VM operation: HandshakeAllThreads
Event: 1.308 Executing VM operation: HandshakeAllThreads done
Event: 1.380 Executing VM operation: HandshakeAllThreads
Event: 1.380 Executing VM operation: HandshakeAllThreads done
Event: 1.518 Executing VM operation: CollectForMetadataAllocation
Event: 1.545 Executing VM operation: CollectForMetadataAllocation done
Event: 1.599 Executing VM operation: HandshakeAllThreads
Event: 1.599 Executing VM operation: HandshakeAllThreads done
Event: 1.749 Executing VM operation: ParallelGCFailedAllocation
Event: 1.750 Executing VM operation: ParallelGCFailedAllocation done
Event: 1.945 Executing VM operation: ParallelGCFailedAllocation
Event: 1.946 Executing VM operation: ParallelGCFailedAllocation done
Event: 1.976 Executing VM operation: HandshakeAllThreads
Event: 1.976 Executing VM operation: HandshakeAllThreads done
Event: 2.982 Executing VM operation: Cleanup
Event: 2.982 Executing VM operation: Cleanup done

Events (20 events):
Event: 1.963 loading class com/sun/org/apache/xerces/internal/impl/msg/XMLMessages_en
Event: 1.963 loading class com/sun/org/apache/xerces/internal/impl/msg/XMLMessages_en done
Event: 1.964 loading class com/sun/org/apache/xerces/internal/impl/msg/XMLMessages_en_IN
Event: 1.964 loading class com/sun/org/apache/xerces/internal/impl/msg/XMLMessages_en_IN done
Event: 1.964 loading class com/sun/org/apache/xerces/internal/impl/msg/XMLMessages_en_IN
Event: 1.964 loading class com/sun/org/apache/xerces/internal/impl/msg/XMLMessages_en_IN done
Event: 1.970 Thread 0x000001eb266a1d90 Thread added: 0x000001eb266a1d90
Event: 1.975 loading class java/lang/ProcessEnvironment
Event: 1.975 loading class java/lang/ProcessEnvironment done
Event: 1.976 loading class java/lang/ProcessEnvironment$NameComparator
Event: 1.976 loading class java/lang/ProcessEnvironment$NameComparator done
Event: 1.976 loading class java/lang/ProcessEnvironment$EntryComparator
Event: 1.976 loading class java/lang/ProcessEnvironment$EntryComparator done
Event: 1.976 loading class java/lang/ProcessEnvironment$CheckedEntrySet
Event: 1.976 loading class java/lang/ProcessEnvironment$CheckedEntrySet done
Event: 1.976 loading class java/lang/ProcessEnvironment$CheckedEntrySet$1
Event: 1.976 loading class java/lang/ProcessEnvironment$CheckedEntrySet$1 done
Event: 1.976 loading class java/lang/ProcessEnvironment$CheckedEntry
Event: 1.976 loading class java/lang/ProcessEnvironment$CheckedEntry done
Event: 2.482 Thread 0x000001eb266a1d90 Thread exited: 0x000001eb266a1d90


Dynamic libraries:
0x00007ff7587c0000 - 0x00007ff7587ce000 	c:\Users\Ayush\.antigravity\extensions\redhat.java-1.12.0-win32-x64\jre\17.0.4.1-win32-x86_64\bin\java.exe
0x00007ffd0ba20000 - 0x00007ffd0bc88000 	C:\WINDOWS\SYSTEM32\ntdll.dll
0x00007ffd0a5e0000 - 0x00007ffd0a6a9000 	C:\WINDOWS\System32\KERNEL32.DLL
0x00007ffd09060000 - 0x00007ffd09458000 	C:\WINDOWS\System32\KERNELBASE.dll
0x00007ffd05700000 - 0x00007ffd0579f000 	C:\WINDOWS\SYSTEM32\apphelp.dll
0x00007ffd09670000 - 0x00007ffd097bb000 	C:\WINDOWS\System32\ucrtbase.dll
0x00007ffd008c0000 - 0x00007ffd008d8000 	c:\Users\Ayush\.antigravity\extensions\redhat.java-1.12.0-win32-x64\jre\17.0.4.1-win32-x86_64\bin\jli.dll
0x00007ffd008a0000 - 0x00007ffd008b9000 	c:\Users\Ayush\.antigravity\extensions\redhat.java-1.12.0-win32-x64\jre\17.0.4.1-win32-x86_64\bin\VCRUNTIME140.dll
0x00007ffd0b080000 - 0x00007ffd0b247000 	C:\WINDOWS\System32\USER32.dll
0x00007ffd09640000 - 0x00007ffd09667000 	C:\WINDOWS\System32\win32u.dll
0x00007ffcf0de0000 - 0x00007ffcf1074000 	C:\WINDOWS\WinSxS\amd64_microsoft.windows.common-controls_6595b64144ccf1df_6.0.26100.7019_none_3e06ffa0e335b8a8\COMCTL32.dll
0x00007ffd09b60000 - 0x00007ffd09b8b000 	C:\WINDOWS\System32\GDI32.dll
0x00007ffd0a410000 - 0x00007ffd0a4b9000 	C:\WINDOWS\System32\msvcrt.dll
0x00007ffd09460000 - 0x00007ffd0958c000 	C:\WINDOWS\System32\gdi32full.dll
0x00007ffd09590000 - 0x00007ffd09633000 	C:\WINDOWS\System32\msvcp_win.dll
0x00007ffd0a4c0000 - 0x00007ffd0a4f1000 	C:\WINDOWS\System32\IMM32.DLL
0x00007ffd05670000 - 0x00007ffd0567c000 	c:\Users\Ayush\.antigravity\extensions\redhat.java-1.12.0-win32-x64\jre\17.0.4.1-win32-x86_64\bin\vcruntime140_1.dll
0x00007ffce8960000 - 0x00007ffce89f1000 	c:\Users\Ayush\.antigravity\extensions\redhat.java-1.12.0-win32-x64\jre\17.0.4.1-win32-x86_64\bin\msvcp140.dll
0x00007ffc892d0000 - 0x00007ffc89f16000 	c:\Users\Ayush\.antigravity\extensions\redhat.java-1.12.0-win32-x64\jre\17.0.4.1-win32-x86_64\bin\server\jvm.dll
0x00007ffd0b540000 - 0x00007ffd0b5f4000 	C:\WINDOWS\System32\ADVAPI32.dll
0x00007ffd0a2b0000 - 0x00007ffd0a356000 	C:\WINDOWS\System32\sechost.dll
0x00007ffd0b8c0000 - 0x00007ffd0b9d8000 	C:\WINDOWS\System32\RPCRT4.dll
0x00007ffd0aee0000 - 0x00007ffd0aee8000 	C:\WINDOWS\System32\PSAPI.DLL
0x00007ffcf4510000 - 0x00007ffcf4545000 	C:\WINDOWS\SYSTEM32\WINMM.dll
0x00007ffcf0060000 - 0x00007ffcf006a000 	C:\WINDOWS\SYSTEM32\WSOCK32.dll
0x00007ffcfbc30000 - 0x00007ffcfbc3b000 	C:\WINDOWS\SYSTEM32\VERSION.dll
0x00007ffd0a360000 - 0x00007ffd0a3d4000 	C:\WINDOWS\System32\WS2_32.dll
0x00007ffd07930000 - 0x00007ffd0794b000 	C:\WINDOWS\SYSTEM32\kernel.appcore.dll
0x00007ffd036c0000 - 0x00007ffd036ca000 	c:\Users\Ayush\.antigravity\extensions\redhat.java-1.12.0-win32-x64\jre\17.0.4.1-win32-x86_64\bin\jimage.dll
0x00007ffd06070000 - 0x00007ffd062b2000 	C:\WINDOWS\SYSTEM32\DBGHELP.DLL
0x00007ffd097c0000 - 0x00007ffd09b4b000 	C:\WINDOWS\System32\combase.dll
0x00007ffd0a500000 - 0x00007ffd0a5d7000 	C:\WINDOWS\System32\OLEAUT32.dll
0x00007ffce1370000 - 0x00007ffce13ac000 	C:\WINDOWS\SYSTEM32\dbgcore.DLL
0x00007ffd08fb0000 - 0x00007ffd09055000 	C:\WINDOWS\System32\bcryptPrimitives.dll
0x00007ffd01d20000 - 0x00007ffd01d2e000 	c:\Users\Ayush\.antigravity\extensions\redhat.java-1.12.0-win32-x64\jre\17.0.4.1-win32-x86_64\bin\instrument.dll
0x00007ffcfdda0000 - 0x00007ffcfddc5000 	c:\Users\Ayush\.antigravity\extensions\redhat.java-1.12.0-win32-x64\jre\17.0.4.1-win32-x86_64\bin\java.dll
0x00007ffcf9040000 - 0x00007ffcf9058000 	c:\Users\Ayush\.antigravity\extensions\redhat.java-1.12.0-win32-x64\jre\17.0.4.1-win32-x86_64\bin\zip.dll
0x00007ffd0a6b0000 - 0x00007ffd0adff000 	C:\WINDOWS\System32\SHELL32.dll
0x00007ffd08b70000 - 0x00007ffd08cdb000 	C:\WINDOWS\System32\wintypes.dll
0x00007ffd06640000 - 0x00007ffd06e9d000 	C:\WINDOWS\SYSTEM32\windows.storage.dll
0x00007ffd0b7c0000 - 0x00007ffd0b8b2000 	C:\WINDOWS\System32\SHCORE.dll
0x00007ffd0b450000 - 0x00007ffd0b4b7000 	C:\WINDOWS\System32\shlwapi.dll
0x00007ffd08a90000 - 0x00007ffd08ab9000 	C:\WINDOWS\SYSTEM32\profapi.dll
0x00007ffd022f0000 - 0x00007ffd02309000 	C:\Users\Ayush\.antigravity\extensions\redhat.java-1.12.0-win32-x64\jre\17.0.4.1-win32-x86_64\bin\net.dll
0x00007ffcffe70000 - 0x00007ffcfff98000 	C:\WINDOWS\SYSTEM32\WINHTTP.dll
0x00007ffd07ea0000 - 0x00007ffd07f0b000 	C:\WINDOWS\system32\mswsock.dll
0x00007ffd01ba0000 - 0x00007ffd01bb5000 	C:\Users\Ayush\.antigravity\extensions\redhat.java-1.12.0-win32-x64\jre\17.0.4.1-win32-x86_64\bin\nio.dll
0x00007ffd01c80000 - 0x00007ffd01c90000 	c:\Users\Ayush\.antigravity\extensions\redhat.java-1.12.0-win32-x64\jre\17.0.4.1-win32-x86_64\bin\verify.dll
0x00007ffcee810000 - 0x00007ffcee84e000 	C:\Users\Ayush\AppData\Roaming\Antigravity\User\globalStorage\redhat.java\1.12.0\config_ss_win\org.eclipse.equinox.launcher\org.eclipse.equinox.launcher.win32.win32.x86_64_1.2.600.v20220720-1916\eclipse_11700.dll
0x00007ffd09c20000 - 0x00007ffd09db7000 	C:\WINDOWS\System32\ole32.dll
0x00007ffd08160000 - 0x00007ffd0817b000 	C:\WINDOWS\SYSTEM32\CRYPTSP.dll
0x00007ffd07890000 - 0x00007ffd078ca000 	C:\WINDOWS\system32\rsaenh.dll
0x00007ffd07f50000 - 0x00007ffd07f7b000 	C:\WINDOWS\SYSTEM32\USERENV.dll
0x00007ffd08a60000 - 0x00007ffd08a8a000 	C:\WINDOWS\SYSTEM32\bcrypt.dll
0x00007ffd08180000 - 0x00007ffd0818c000 	C:\WINDOWS\SYSTEM32\CRYPTBASE.dll

dbghelp: loaded successfully - version: 4.0.5 - missing functions: none
symbol engine: initialized successfully - sym options: 0x614 - pdb path: .;c:\Users\Ayush\.antigravity\extensions\redhat.java-1.12.0-win32-x64\jre\17.0.4.1-win32-x86_64\bin;C:\WINDOWS\SYSTEM32;C:\WINDOWS\WinSxS\amd64_microsoft.windows.common-controls_6595b64144ccf1df_6.0.26100.7019_none_3e06ffa0e335b8a8;c:\Users\Ayush\.antigravity\extensions\redhat.java-1.12.0-win32-x64\jre\17.0.4.1-win32-x86_64\bin\server;C:\Users\Ayush\AppData\Roaming\Antigravity\User\globalStorage\redhat.java\1.12.0\config_ss_win\org.eclipse.equinox.launcher\org.eclipse.equinox.launcher.win32.win32.x86_64_1.2.600.v20220720-1916

VM Arguments:
jvm_args: --add-modules=ALL-SYSTEM --add-opens=java.base/java.util=ALL-UNNAMED --add-opens=java.base/java.lang=ALL-UNNAMED --add-opens=java.base/sun.nio.fs=ALL-UNNAMED -Declipse.application=org.eclipse.jdt.ls.core.id1 -Dosgi.bundles.defaultStartLevel=4 -Declipse.product=org.eclipse.jdt.ls.core.product -Djava.import.generatesMetadataFilesAtProjectRoot=false -Dfile.encoding=utf8 -XX:+UseParallelGC -XX:GCTimeRatio=4 -XX:AdaptiveSizePolicyWeight=90 -Dsun.zip.disableMemoryMapping=true -Xmx1G -Xms100m -Xlog:disable -javaagent:c:\Users\Ayush\.antigravity\extensions\redhat.java-1.12.0-win32-x64\lombok\lombok-1.18.24.jar 
java_command: c:\Users\Ayush\.antigravity\extensions\redhat.java-1.12.0-win32-x64\server\plugins\org.eclipse.equinox.launcher_1.6.400.v20210924-0641.jar -configuration c:\Users\Ayush\AppData\Roaming\Antigravity\User\globalStorage\redhat.java\1.12.0\config_ss_win -data c:\Users\Ayush\AppData\Roaming\Antigravity\User\workspaceStorage\3f7b54dcdad3fca262c77b1c4bfa23a2\redhat.java\ss_ws
java_class_path (initial): c:\Users\Ayush\.antigravity\extensions\redhat.java-1.12.0-win32-x64\server\plugins\org.eclipse.equinox.launcher_1.6.400.v20210924-0641.jar
Launcher Type: SUN_STANDARD

[Global flags]
    uintx AdaptiveSizePolicyWeight                 = 90                                        {product} {command line}
     intx CICompilerCount                          = 4                                         {product} {ergonomic}
    uintx GCTimeRatio                              = 4                                         {product} {command line}
   size_t InitialHeapSize                          = 104857600                                 {product} {command line}
   size_t MaxHeapSize                              = 1073741824                                {product} {command line}
   size_t MaxNewSize                               = 357564416                                 {product} {ergonomic}
   size_t MinHeapDeltaBytes                        = 524288                                    {product} {ergonomic}
   size_t MinHeapSize                              = 104857600                                 {product} {command line}
   size_t NewSize                                  = 34603008                                  {product} {ergonomic}
    uintx NonNMethodCodeHeapSize                   = 5839372                                {pd product} {ergonomic}
    uintx NonProfiledCodeHeapSize                  = 122909434                              {pd product} {ergonomic}
   size_t OldSize                                  = 70254592                                  {product} {ergonomic}
    uintx ProfiledCodeHeapSize                     = 122909434                              {pd product} {ergonomic}
    uintx ReservedCodeCacheSize                    = 251658240                              {pd product} {ergonomic}
     bool SegmentedCodeCache                       = true                                      {product} {ergonomic}
   size_t SoftMaxHeapSize                          = 1073741824                             {manageable} {ergonomic}
     bool UseCompressedClassPointers               = true                           {product lp64_product} {ergonomic}
     bool UseCompressedOops                        = true                           {product lp64_product} {ergonomic}
     bool UseLargePagesIndividualAllocation        = false                                  {pd product} {ergonomic}
     bool UseParallelGC                            = true                                      {product} {command line}

Logging:
Log output configuration:
 #0: stdout all=off uptime,level,tags
 #1: stderr all=off uptime,level,tags

Environment Variables:
JAVA_HOME=C:\Program Files\Java\jdk-24
PATH=C:\Program Files\Common Files\Oracle\Java\javapath;C:\Windows\system32;C:\Windows;C:\Windows\System32\Wbem;C:\Windows\System32\WindowsPowerShell\v1.0\;C:\Windows\System32\OpenSSH\;C:\WINDOWS\system32;C:\WINDOWS;C:\WINDOWS\System32\Wbem;C:\WINDOWS\System32\WindowsPowerShell\v1.0\;C:\WINDOWS\System32\OpenSSH\;C:\MinGW\bin;C:\Users\Ayush\Downloads\opencv\build\x64\vc16\bin;C:\Program Files\CMake;C:\Users\Ayush\Downloads\opencv\build\x64\vc16\lib;C:\Program Files\Java\jdk-23\bin;C:\Program Files\Java\jdk-24\bin;C:\Program Files (x86)\NVIDIA Corporation\PhysX\Common;C:\Program Files\Common Files\Autodesk Shared\;C:\Program Files\MySQL\MySQL Server 8.0\bin;C:\Program Files\Git\cmd;C:\Program Files\nodejs\;C:\Program Files\NVIDIA Corporation\NVIDIA App\NvDLISR;C:\Program Files\MySQL\MySQL Shell 8.0\bin\;C:\Users\Ayush\AppData\Local\Programs\Python\Python313\Scripts\;C:\Users\Ayush\AppData\Local\Programs\Python\Python313\;C:\Users\Ayush\AppData\Local\Microsoft\WindowsApps;C:\MinGW\bin;C:\Users\Ayush\Downloads\opencv\build\x64\vc16\bin;C:\Program Files\CMake;C:\Users\Ayush\Downloads\opencv\build\x64\vc16\lib;C:\Program Files\CMake\bin;C:\Program Files\Java\jdk-23\bin;C:\Program Files\JetBrains\PyCharm 2024.3.5\bin;;C:\Program Files\JetBrains\PyCharm Community Edition 2023.3.3\bin;;D:\JAVA ITELLi\IntelliJ IDEA Community Edition 2025.2\bin;C:\Users\Ayush\AppData\Local\GitHubDesktop\bin;C:\Users\Ayush\AppData\Roaming\npm;C:\Users\Ayush\AppData\Local\Programs\Microsoft VS Code\bin;C:\Users\Ayush\AppData\Local\Programs\Antigravity\bin
USERNAME=Ayush
OS=Windows_NT
PROCESSOR_IDENTIFIER=Intel64 Family 6 Model 158 Stepping 10, GenuineIntel
TMP=C:\Users\Ayush\AppData\Local\Temp
TEMP=C:\Users\Ayush\AppData\Local\Temp



---------------  S Y S T E M  ---------------

OS:
 Windows 11 , 64 bit Build 26100 (10.0.26100.7019)
OS uptime: 0 days 1:09 hours

CPU: total 8 (initial active 8) (4 cores per cpu, 2 threads per core) family 6 model 158 stepping 10 microcode 0xec, cx8, cmov, fxsr, ht, mmx, 3dnowpref, sse, sse2, sse3, ssse3, sse4.1, sse4.2, popcnt, lzcnt, tsc, tscinvbit, avx, avx2, aes, erms, clmul, bmi1, bmi2, adx, fma, vzeroupper, clflush, clflushopt

Memory: 4k page, system-wide physical 8044M (1060M free)
TotalPageFile size 12140M (AvailPageFile size 9M)
current process WorkingSet (physical memory assigned to process): 141M, peak: 143M
current process commit charge ("private bytes"): 245M, peak: 247M

vm_info: OpenJDK 64-Bit Server VM (17.0.4.1+1) for windows-amd64 JRE (17.0.4.1+1), built on Aug 17 2022 07:42:43 by "temurin" with MS VC++ 16.7 (VS2019)

END.
