#
# There is insufficient memory for the Java Runtime Environment to continue.
# Native memory allocation (malloc) failed to allocate 1305408 bytes for Chunk::new
# Possible reasons:
#   The system is out of physical RAM or swap space
#   The process is running with CompressedOops enabled, and the Java Heap may be blocking the growth of the native heap
# Possible solutions:
#   Reduce memory load on the system
#   Increase physical memory or swap space
#   Check if swap backing store is full
#   Decrease Java heap size (-Xmx/-Xms)
#   Decrease number of Java threads
#   Decrease Java thread stack sizes (-Xss)
#   Set larger code cache with -XX:ReservedCodeCacheSize=
#   JVM is running with Unscaled Compressed Oops mode in which the Java heap is
#     placed in the first 4GB address space. The Java Heap base address is the
#     maximum limit for the native heap growth. Please use -XX:HeapBaseMinAddress
#     to set the Java Heap base and to place the Java Heap above 4GB virtual address.
# This output file may be truncated or incomplete.
#
#  Out of Memory Error (arena.cpp:189), pid=9868, tid=14076
#
# JRE version: OpenJDK Runtime Environment Temurin-17.0.4.1+1 (17.0.4.1+1) (build 17.0.4.1+1)
# Java VM: OpenJDK 64-Bit Server VM Temurin-17.0.4.1+1 (17.0.4.1+1, mixed mode, tiered, compressed oops, compressed class ptrs, parallel gc, windows-amd64)
# No core dump will be written. Minidumps are not enabled by default on client versions of Windows
#

---------------  S U M M A R Y ------------

Command Line: --add-modules=ALL-SYSTEM --add-opens=java.base/java.util=ALL-UNNAMED --add-opens=java.base/java.lang=ALL-UNNAMED --add-opens=java.base/sun.nio.fs=ALL-UNNAMED -Declipse.application=org.eclipse.jdt.ls.core.id1 -Dosgi.bundles.defaultStartLevel=4 -Declipse.product=org.eclipse.jdt.ls.core.product -Djava.import.generatesMetadataFilesAtProjectRoot=false -Dfile.encoding=utf8 -XX:+UseParallelGC -XX:GCTimeRatio=4 -XX:AdaptiveSizePolicyWeight=90 -Dsun.zip.disableMemoryMapping=true -Xmx1G -Xms100m -Xlog:disable -javaagent:c:\Users\Ayush\.antigravity\extensions\redhat.java-1.12.0-win32-x64\lombok\lombok-1.18.24.jar c:\Users\Ayush\.antigravity\extensions\redhat.java-1.12.0-win32-x64\server\plugins\org.eclipse.equinox.launcher_1.6.400.v20210924-0641.jar -configuration c:\Users\Ayush\AppData\Roaming\Antigravity\User\globalStorage\redhat.java\1.12.0\config_ss_win -data c:\Users\Ayush\AppData\Roaming\Antigravity\User\workspaceStorage\3f7b54dcdad3fca262c77b1c4bfa23a2\redhat.java\ss_ws

Host: Intel(R) Core(TM) i5-8300H CPU @ 2.30GHz, 8 cores, 7G,  Windows 11 , 64 bit Build 26100 (10.0.26100.7019)
Time: Wed Mar 25 22:37:13 2026 India Standard Time elapsed time: 15.094218 seconds (0d 0h 0m 15s)

---------------  T H R E A D  ---------------

Current thread (0x0000020c63d0a540):  JavaThread "C2 CompilerThread1" daemon [_thread_in_native, id=14076, stack(0x0000002d43800000,0x0000002d43900000)]


Current CompileTask:
C2:  15094 4588       4       org.eclipse.core.internal.watson.ElementTreeIterator::doIteration (114 bytes)

Stack: [0x0000002d43800000,0x0000002d43900000]
Native frames: (J=compiled Java code, j=interpreted, Vv=VM code, C=native code)
V  [jvm.dll+0x67731a]
V  [jvm.dll+0x832284]
V  [jvm.dll+0x833a2e]
V  [jvm.dll+0x834093]
V  [jvm.dll+0x245775]
V  [jvm.dll+0xabd7b]
V  [jvm.dll+0xac30c]
V  [jvm.dll+0x363a97]
V  [jvm.dll+0x32e011]
V  [jvm.dll+0x32d4ba]
V  [jvm.dll+0x218681]
V  [jvm.dll+0x217aa1]
V  [jvm.dll+0x1a3f8d]
V  [jvm.dll+0x227498]
V  [jvm.dll+0x2255e5]
V  [jvm.dll+0x7e7e9b]
V  [jvm.dll+0x7e240a]
V  [jvm.dll+0x6761a5]
C  [ucrtbase.dll+0x37b0]
C  [KERNEL32.DLL+0x2e8d7]
C  [ntdll.dll+0x8c53c]


---------------  P R O C E S S  ---------------

Threads class SMR info:
_java_thread_list=0x0000020c685e6050, length=26, elements={
0x0000020c4d0164b0, 0x0000020c4d0c5ee0, 0x0000020c4d0c7940, 0x0000020c62748020,
0x0000020c627488e0, 0x0000020c6274c960, 0x0000020c6274d220, 0x0000020c62754500,
0x0000020c627575b0, 0x0000020c62758650, 0x0000020c628c4bd0, 0x0000020c62a226e0,
0x0000020c644639f0, 0x0000020c64159f00, 0x0000020c6415a8a0, 0x0000020c6415a3d0,
0x0000020c64159090, 0x0000020c6415bbe0, 0x0000020c6415c0b0, 0x0000020c64159560,
0x0000020c64159a30, 0x0000020c643eca20, 0x0000020c643eb210, 0x0000020c643ecef0,
0x0000020c63d0a540, 0x0000020c66a75620
}

Java Threads: ( => current thread )
  0x0000020c4d0164b0 JavaThread "main" [_thread_blocked, id=9580, stack(0x0000002d42800000,0x0000002d42900000)]
  0x0000020c4d0c5ee0 JavaThread "Reference Handler" daemon [_thread_blocked, id=2136, stack(0x0000002d42b00000,0x0000002d42c00000)]
  0x0000020c4d0c7940 JavaThread "Finalizer" daemon [_thread_blocked, id=328, stack(0x0000002d42c00000,0x0000002d42d00000)]
  0x0000020c62748020 JavaThread "Signal Dispatcher" daemon [_thread_blocked, id=17936, stack(0x0000002d42d00000,0x0000002d42e00000)]
  0x0000020c627488e0 JavaThread "Attach Listener" daemon [_thread_blocked, id=18088, stack(0x0000002d42e00000,0x0000002d42f00000)]
  0x0000020c6274c960 JavaThread "Service Thread" daemon [_thread_blocked, id=7284, stack(0x0000002d42f00000,0x0000002d43000000)]
  0x0000020c6274d220 JavaThread "Monitor Deflation Thread" daemon [_thread_blocked, id=7936, stack(0x0000002d43000000,0x0000002d43100000)]
  0x0000020c62754500 JavaThread "C2 CompilerThread0" daemon [_thread_blocked, id=2524, stack(0x0000002d43100000,0x0000002d43200000)]
  0x0000020c627575b0 JavaThread "C1 CompilerThread0" daemon [_thread_blocked, id=6008, stack(0x0000002d43200000,0x0000002d43300000)]
  0x0000020c62758650 JavaThread "Sweeper thread" daemon [_thread_blocked, id=9200, stack(0x0000002d43300000,0x0000002d43400000)]
  0x0000020c628c4bd0 JavaThread "Common-Cleaner" daemon [_thread_blocked, id=11048, stack(0x0000002d43400000,0x0000002d43500000)]
  0x0000020c62a226e0 JavaThread "Notification Thread" daemon [_thread_blocked, id=9716, stack(0x0000002d43500000,0x0000002d43600000)]
  0x0000020c644639f0 JavaThread "Active Thread: Equinox Container: 673d57bb-9e1d-4b3c-b444-517c926399b3" [_thread_blocked, id=17640, stack(0x0000002d44400000,0x0000002d44500000)]
  0x0000020c64159f00 JavaThread "Framework Event Dispatcher: Equinox Container: 673d57bb-9e1d-4b3c-b444-517c926399b3" daemon [_thread_blocked, id=16332, stack(0x0000002d44500000,0x0000002d44600000)]
  0x0000020c6415a8a0 JavaThread "Start Level: Equinox Container: 673d57bb-9e1d-4b3c-b444-517c926399b3" daemon [_thread_blocked, id=18076, stack(0x0000002d44600000,0x0000002d44700000)]
  0x0000020c6415a3d0 JavaThread "Refresh Thread: Equinox Container: 673d57bb-9e1d-4b3c-b444-517c926399b3" daemon [_thread_blocked, id=16516, stack(0x0000002d44800000,0x0000002d44900000)]
  0x0000020c64159090 JavaThread "SCR Component Actor" daemon [_thread_blocked, id=768, stack(0x0000002d44b00000,0x0000002d44c00000)]
  0x0000020c6415bbe0 JavaThread "Worker-JM" [_thread_blocked, id=12292, stack(0x0000002d44e00000,0x0000002d44f00000)]
  0x0000020c6415c0b0 JavaThread "Worker-0" [_thread_blocked, id=7932, stack(0x0000002d44f00000,0x0000002d45000000)]
  0x0000020c64159560 JavaThread "Worker-1" [_thread_blocked, id=16344, stack(0x0000002d45000000,0x0000002d45100000)]
  0x0000020c64159a30 JavaThread "JNA Cleaner" daemon [_thread_blocked, id=1956, stack(0x0000002d45100000,0x0000002d45200000)]
  0x0000020c643eca20 JavaThread "pool-2-thread-1" [_thread_blocked, id=15992, stack(0x0000002d45400000,0x0000002d45500000)]
  0x0000020c643eb210 JavaThread "pool-1-thread-1" [_thread_in_vm, id=5180, stack(0x0000002d45500000,0x0000002d45600000)]
  0x0000020c643ecef0 JavaThread "Worker-2" [_thread_blocked, id=16324, stack(0x0000002d43700000,0x0000002d43800000)]
=>0x0000020c63d0a540 JavaThread "C2 CompilerThread1" daemon [_thread_in_native, id=14076, stack(0x0000002d43800000,0x0000002d43900000)]
  0x0000020c66a75620 JavaThread "C2 CompilerThread2" daemon [_thread_blocked, id=9596, stack(0x0000002d43e00000,0x0000002d43f00000)]

Other Threads:
  0x0000020c627214b0 VMThread "VM Thread" [stack: 0x0000002d42a00000,0x0000002d42b00000] [id=16960]
  0x0000020c62a1f430 WatcherThread [stack: 0x0000002d43600000,0x0000002d43700000] [id=18120]
  0x0000020c4d02bdf0 GCTaskThread "GC Thread#0" [stack: 0x0000002d42900000,0x0000002d42a00000] [id=5904]
  0x0000020c64282ed0 GCTaskThread "GC Thread#1" [stack: 0x0000002d43900000,0x0000002d43a00000] [id=16488]
  0x0000020c63ec0e10 GCTaskThread "GC Thread#2" [stack: 0x0000002d43a00000,0x0000002d43b00000] [id=10228]
  0x0000020c64283180 GCTaskThread "GC Thread#3" [stack: 0x0000002d43b00000,0x0000002d43c00000] [id=2532]
  0x0000020c64283430 GCTaskThread "GC Thread#4" [stack: 0x0000002d43c00000,0x0000002d43d00000] [id=18328]
  0x0000020c63d171e0 GCTaskThread "GC Thread#5" [stack: 0x0000002d43d00000,0x0000002d43e00000] [id=16048]
  0x0000020c63c82400 GCTaskThread "GC Thread#6" [stack: 0x0000002d44700000,0x0000002d44800000] [id=17812]
  0x0000020c64dafeb0 GCTaskThread "GC Thread#7" [stack: 0x0000002d44d00000,0x0000002d44e00000] [id=2016]

Threads with active compile tasks:
C2 CompilerThread1    15123 4588       4       org.eclipse.core.internal.watson.ElementTreeIterator::doIteration (114 bytes)

VM state: not at safepoint (normal execution)

VM Mutex/Monitor currently owned by a thread:  ([mutex/lock_event])
[0x0000020c4addd3f0] Metaspace_lock - owner thread: 0x0000020c643eb210

Heap address: 0x00000000c0000000, size: 1024 MB, Compressed Oops mode: 32-bit

CDS archive(s) not mapped
Compressed class space mapped at: 0x0000000100000000-0x0000000140000000, reserved size: 1073741824
Narrow klass base: 0x0000000000000000, Narrow klass shift: 3, Narrow klass range: 0x140000000

GC Precious Log:
 CPUs: 8 total, 8 available
 Memory: 8044M
 Large Page Support: Disabled
 NUMA Support: Disabled
 Compressed Oops: Enabled (32-bit)
 Alignments: Space 512K, Generation 512K, Heap 2M
 Heap Min Capacity: 100M
 Heap Initial Capacity: 100M
 Heap Max Capacity: 1G
 Pre-touch: Disabled
 Parallel Workers: 8

Heap:
 PSYoungGen      total 22528K, used 14292K [0x00000000eab00000, 0x00000000ec300000, 0x0000000100000000)
  eden space 22016K, 63% used [0x00000000eab00000,0x00000000eb895238,0x00000000ec080000)
  from space 512K, 75% used [0x00000000ec280000,0x00000000ec2e0000,0x00000000ec300000)
  to   space 512K, 0% used [0x00000000ec200000,0x00000000ec200000,0x00000000ec280000)
 ParOldGen       total 68608K, used 26292K [0x00000000c0000000, 0x00000000c4300000, 0x00000000eab00000)
  object space 68608K, 38% used [0x00000000c0000000,0x00000000c19ad130,0x00000000c4300000)
 Metaspace       used 38016K, committed 38592K, reserved 1089536K
  class space    used 3855K, committed 4096K, reserved 1048576K

Card table byte_map: [0x0000020c4c9b0000,0x0000020c4cbc0000] _byte_map_base: 0x0000020c4c3b0000

Marking Bits: (ParMarkBitMap*) 0x00007ffc89e52cc0
 Begin Bits: [0x0000020c5ec90000, 0x0000020c5fc90000)
 End Bits:   [0x0000020c5fc90000, 0x0000020c60c90000)

Polling page: 0x0000020c4c780000

Metaspace:

Usage:
  Non-class:     33.36 MB used.
      Class:      3.76 MB used.
       Both:     37.13 MB used.

Virtual space:
  Non-class space:       40.00 MB reserved,      33.69 MB ( 84%) committed,  5 nodes.
      Class space:        1.00 GB reserved,       4.00 MB ( <1%) committed,  1 nodes.
             Both:        1.04 GB reserved,      37.69 MB (  4%) committed. 

Chunk freelists:
   Non-Class:  2.19 MB
       Class:  3.86 MB
        Both:  6.05 MB

MaxMetaspaceSize: unlimited
CompressedClassSpaceSize: 1.00 GB
Initial GC threshold: 21.00 MB
Current GC threshold: 58.38 MB
CDS: off
MetaspaceReclaimPolicy: balanced
 - commit_granule_bytes: 65536.
 - commit_granule_words: 8192.
 - virtual_space_node_default_size: 1048576.
 - enlarge_chunks_in_place: 1.
 - new_chunks_are_fully_committed: 0.
 - uncommit_free_chunks: 1.
 - use_allocation_guard: 0.
 - handle_deallocations: 1.


Internal statistics:

num_allocs_failed_limit: 6.
num_arena_births: 270.
num_arena_deaths: 14.
num_vsnodes_births: 6.
num_vsnodes_deaths: 0.
num_space_committed: 603.
num_space_uncommitted: 0.
num_chunks_returned_to_freelist: 20.
num_chunks_taken_from_freelist: 1404.
num_chunk_merges: 10.
num_chunk_splits: 951.
num_chunks_enlarged: 694.
num_purges: 2.
num_inconsistent_stats: 0.

CodeHeap 'non-profiled nmethods': size=120000Kb used=2903Kb max_used=2903Kb free=117096Kb
 bounds [0x0000020c57760000, 0x0000020c57a40000, 0x0000020c5ec90000]
CodeHeap 'profiled nmethods': size=120000Kb used=9542Kb max_used=9542Kb free=110458Kb
 bounds [0x0000020c50230000, 0x0000020c50b90000, 0x0000020c57760000]
CodeHeap 'non-nmethods': size=5760Kb used=1257Kb max_used=1307Kb free=4502Kb
 bounds [0x0000020c4fc90000, 0x0000020c4ff00000, 0x0000020c50230000]
 total_blobs=5221 nmethods=4647 adapters=488
 compilation: enabled
              stopped_count=0, restarted_count=0
 full_count=0

Compilation events (20 events):
Event: 14.073 Thread 0x0000020c627575b0 nmethod 4648 0x0000020c50b7cb90 code [0x0000020c50b7cee0, 0x0000020c50b7e018]
Event: 14.076 Thread 0x0000020c62754500 4649       4       java.util.Properties$LineReader::readLine (584 bytes)
Event: 14.077 Thread 0x0000020c627575b0 4650       3       java.nio.Buffer::mark (10 bytes)
Event: 14.077 Thread 0x0000020c627575b0 nmethod 4650 0x0000020c50b7e610 code [0x0000020c50b7e7a0, 0x0000020c50b7e8b8]
Event: 14.078 Thread 0x0000020c627575b0 4651       3       java.util.ImmutableCollections$ListItr::hasNext (17 bytes)
Event: 14.078 Thread 0x0000020c627575b0 nmethod 4651 0x0000020c50b7e990 code [0x0000020c50b7eb20, 0x0000020c50b7ec98]
Event: 14.079 Thread 0x0000020c627575b0 4652       3       java.util.ResourceBundle::getString (9 bytes)
Event: 14.080 Thread 0x0000020c627575b0 nmethod 4652 0x0000020c50b7ed10 code [0x0000020c50b7eec0, 0x0000020c50b7f0e8]
Event: 14.080 Thread 0x0000020c627575b0 4655       3       org.eclipse.jdt.internal.compiler.util.HashtableOfInt::put (95 bytes)
Event: 14.080 Thread 0x0000020c66a75620 4658       4       java.lang.Integer::parseInt (7 bytes)
Event: 14.081 Thread 0x0000020c627575b0 nmethod 4655 0x0000020c50b7f190 code [0x0000020c50b7f380, 0x0000020c50b7f968]
Event: 14.081 Thread 0x0000020c627575b0 4653       3       sun.util.ResourceBundleEnumeration::hasMoreElements (117 bytes)
Event: 14.082 Thread 0x0000020c627575b0 nmethod 4653 0x0000020c50b7fb90 code [0x0000020c50b7fdc0, 0x0000020c50b807a8]
Event: 14.082 Thread 0x0000020c627575b0 4654       3       sun.util.ResourceBundleEnumeration::nextElement (5 bytes)
Event: 14.082 Thread 0x0000020c627575b0 nmethod 4654 0x0000020c50b80990 code [0x0000020c50b80b60, 0x0000020c50b80e58]
Event: 14.082 Thread 0x0000020c627575b0 4656       3       sun.util.ResourceBundleEnumeration::nextElement (27 bytes)
Event: 14.083 Thread 0x0000020c627575b0 nmethod 4656 0x0000020c50b80f90 code [0x0000020c50b81140, 0x0000020c50b813b8]
Event: 14.083 Thread 0x0000020c627575b0 4657       3       org.eclipse.jdt.internal.compiler.problem.DefaultProblemFactory::keyFromID (4 bytes)
Event: 14.083 Thread 0x0000020c627575b0 nmethod 4657 0x0000020c50b81510 code [0x0000020c50b816a0, 0x0000020c50b81798]
Event: 14.086 Thread 0x0000020c66a75620 nmethod 4658 0x0000020c57a33610 code [0x0000020c57a337e0, 0x0000020c57a33bf0]

GC Heap History (20 events):
Event: 4.074 GC heap before
{Heap before GC invocations=15 (full 2):
 PSYoungGen      total 24576K, used 24128K [0x00000000eab00000, 0x00000000ec600000, 0x0000000100000000)
  eden space 22016K, 100% used [0x00000000eab00000,0x00000000ec080000,0x00000000ec080000)
  from space 2560K, 82% used [0x00000000ec380000,0x00000000ec590000,0x00000000ec600000)
  to   space 2560K, 0% used [0x00000000ec080000,0x00000000ec080000,0x00000000ec300000)
 ParOldGen       total 68608K, used 17294K [0x00000000c0000000, 0x00000000c4300000, 0x00000000eab00000)
  object space 68608K, 25% used [0x00000000c0000000,0x00000000c10e3a50,0x00000000c4300000)
 Metaspace       used 36260K, committed 36864K, reserved 1089536K
  class space    used 3670K, committed 3968K, reserved 1048576K
}
Event: 4.077 GC heap after
{Heap after GC invocations=15 (full 2):
 PSYoungGen      total 24576K, used 2304K [0x00000000eab00000, 0x00000000ec580000, 0x0000000100000000)
  eden space 22016K, 0% used [0x00000000eab00000,0x00000000eab00000,0x00000000ec080000)
  from space 2560K, 90% used [0x00000000ec080000,0x00000000ec2c0010,0x00000000ec300000)
  to   space 2560K, 0% used [0x00000000ec300000,0x00000000ec300000,0x00000000ec580000)
 ParOldGen       total 68608K, used 19278K [0x00000000c0000000, 0x00000000c4300000, 0x00000000eab00000)
  object space 68608K, 28% used [0x00000000c0000000,0x00000000c12d3a50,0x00000000c4300000)
 Metaspace       used 36260K, committed 36864K, reserved 1089536K
  class space    used 3670K, committed 3968K, reserved 1048576K
}
Event: 4.125 GC heap before
{Heap before GC invocations=16 (full 2):
 PSYoungGen      total 24576K, used 24320K [0x00000000eab00000, 0x00000000ec580000, 0x0000000100000000)
  eden space 22016K, 100% used [0x00000000eab00000,0x00000000ec080000,0x00000000ec080000)
  from space 2560K, 90% used [0x00000000ec080000,0x00000000ec2c0010,0x00000000ec300000)
  to   space 2560K, 0% used [0x00000000ec300000,0x00000000ec300000,0x00000000ec580000)
 ParOldGen       total 68608K, used 19278K [0x00000000c0000000, 0x00000000c4300000, 0x00000000eab00000)
  object space 68608K, 28% used [0x00000000c0000000,0x00000000c12d3a50,0x00000000c4300000)
 Metaspace       used 36260K, committed 36864K, reserved 1089536K
  class space    used 3670K, committed 3968K, reserved 1048576K
}
Event: 4.128 GC heap after
{Heap after GC invocations=16 (full 2):
 PSYoungGen      total 24064K, used 1888K [0x00000000eab00000, 0x00000000ec500000, 0x0000000100000000)
  eden space 22016K, 0% used [0x00000000eab00000,0x00000000eab00000,0x00000000ec080000)
  from space 2048K, 92% used [0x00000000ec300000,0x00000000ec4d8000,0x00000000ec500000)
  to   space 2048K, 0% used [0x00000000ec100000,0x00000000ec100000,0x00000000ec300000)
 ParOldGen       total 68608K, used 21494K [0x00000000c0000000, 0x00000000c4300000, 0x00000000eab00000)
  object space 68608K, 31% used [0x00000000c0000000,0x00000000c14fda60,0x00000000c4300000)
 Metaspace       used 36260K, committed 36864K, reserved 1089536K
  class space    used 3670K, committed 3968K, reserved 1048576K
}
Event: 5.062 GC heap before
{Heap before GC invocations=17 (full 2):
 PSYoungGen      total 24064K, used 23904K [0x00000000eab00000, 0x00000000ec500000, 0x0000000100000000)
  eden space 22016K, 100% used [0x00000000eab00000,0x00000000ec080000,0x00000000ec080000)
  from space 2048K, 92% used [0x00000000ec300000,0x00000000ec4d8000,0x00000000ec500000)
  to   space 2048K, 0% used [0x00000000ec100000,0x00000000ec100000,0x00000000ec300000)
 ParOldGen       total 68608K, used 21494K [0x00000000c0000000, 0x00000000c4300000, 0x00000000eab00000)
  object space 68608K, 31% used [0x00000000c0000000,0x00000000c14fda60,0x00000000c4300000)
 Metaspace       used 37108K, committed 37760K, reserved 1089536K
  class space    used 3750K, committed 4032K, reserved 1048576K
}
Event: 5.064 GC heap after
{Heap after GC invocations=17 (full 2):
 PSYoungGen      total 24064K, used 1664K [0x00000000eab00000, 0x00000000ec480000, 0x0000000100000000)
  eden space 22016K, 0% used [0x00000000eab00000,0x00000000eab00000,0x00000000ec080000)
  from space 2048K, 81% used [0x00000000ec100000,0x00000000ec2a0000,0x00000000ec300000)
  to   space 1536K, 0% used [0x00000000ec300000,0x00000000ec300000,0x00000000ec480000)
 ParOldGen       total 68608K, used 23273K [0x00000000c0000000, 0x00000000c4300000, 0x00000000eab00000)
  object space 68608K, 33% used [0x00000000c0000000,0x00000000c16ba638,0x00000000c4300000)
 Metaspace       used 37108K, committed 37760K, reserved 1089536K
  class space    used 3750K, committed 4032K, reserved 1048576K
}
Event: 5.949 GC heap before
{Heap before GC invocations=18 (full 2):
 PSYoungGen      total 24064K, used 23680K [0x00000000eab00000, 0x00000000ec480000, 0x0000000100000000)
  eden space 22016K, 100% used [0x00000000eab00000,0x00000000ec080000,0x00000000ec080000)
  from space 2048K, 81% used [0x00000000ec100000,0x00000000ec2a0000,0x00000000ec300000)
  to   space 1536K, 0% used [0x00000000ec300000,0x00000000ec300000,0x00000000ec480000)
 ParOldGen       total 68608K, used 23273K [0x00000000c0000000, 0x00000000c4300000, 0x00000000eab00000)
  object space 68608K, 33% used [0x00000000c0000000,0x00000000c16ba638,0x00000000c4300000)
 Metaspace       used 37188K, committed 37824K, reserved 1089536K
  class space    used 3750K, committed 4032K, reserved 1048576K
}
Event: 5.950 GC heap after
{Heap after GC invocations=18 (full 2):
 PSYoungGen      total 23040K, used 640K [0x00000000eab00000, 0x00000000ec400000, 0x0000000100000000)
  eden space 22016K, 0% used [0x00000000eab00000,0x00000000eab00000,0x00000000ec080000)
  from space 1024K, 62% used [0x00000000ec300000,0x00000000ec3a0000,0x00000000ec400000)
  to   space 1536K, 0% used [0x00000000ec100000,0x00000000ec100000,0x00000000ec280000)
 ParOldGen       total 68608K, used 24703K [0x00000000c0000000, 0x00000000c4300000, 0x00000000eab00000)
  object space 68608K, 36% used [0x00000000c0000000,0x00000000c181fdd8,0x00000000c4300000)
 Metaspace       used 37188K, committed 37824K, reserved 1089536K
  class space    used 3750K, committed 4032K, reserved 1048576K
}
Event: 6.796 GC heap before
{Heap before GC invocations=19 (full 2):
 PSYoungGen      total 23040K, used 22656K [0x00000000eab00000, 0x00000000ec400000, 0x0000000100000000)
  eden space 22016K, 100% used [0x00000000eab00000,0x00000000ec080000,0x00000000ec080000)
  from space 1024K, 62% used [0x00000000ec300000,0x00000000ec3a0000,0x00000000ec400000)
  to   space 1536K, 0% used [0x00000000ec100000,0x00000000ec100000,0x00000000ec280000)
 ParOldGen       total 68608K, used 24703K [0x00000000c0000000, 0x00000000c4300000, 0x00000000eab00000)
  object space 68608K, 36% used [0x00000000c0000000,0x00000000c181fdd8,0x00000000c4300000)
 Metaspace       used 37188K, committed 37824K, reserved 1089536K
  class space    used 3750K, committed 4032K, reserved 1048576K
}
Event: 6.797 GC heap after
{Heap after GC invocations=19 (full 2):
 PSYoungGen      total 23552K, used 544K [0x00000000eab00000, 0x00000000ec380000, 0x0000000100000000)
  eden space 22016K, 0% used [0x00000000eab00000,0x00000000eab00000,0x00000000ec080000)
  from space 1536K, 35% used [0x00000000ec100000,0x00000000ec188000,0x00000000ec280000)
  to   space 1024K, 0% used [0x00000000ec280000,0x00000000ec280000,0x00000000ec380000)
 ParOldGen       total 68608K, used 24967K [0x00000000c0000000, 0x00000000c4300000, 0x00000000eab00000)
  object space 68608K, 36% used [0x00000000c0000000,0x00000000c1861dd8,0x00000000c4300000)
 Metaspace       used 37188K, committed 37824K, reserved 1089536K
  class space    used 3750K, committed 4032K, reserved 1048576K
}
Event: 8.844 GC heap before
{Heap before GC invocations=20 (full 2):
 PSYoungGen      total 23552K, used 22560K [0x00000000eab00000, 0x00000000ec380000, 0x0000000100000000)
  eden space 22016K, 100% used [0x00000000eab00000,0x00000000ec080000,0x00000000ec080000)
  from space 1536K, 35% used [0x00000000ec100000,0x00000000ec188000,0x00000000ec280000)
  to   space 1024K, 0% used [0x00000000ec280000,0x00000000ec280000,0x00000000ec380000)
 ParOldGen       total 68608K, used 24967K [0x00000000c0000000, 0x00000000c4300000, 0x00000000eab00000)
  object space 68608K, 36% used [0x00000000c0000000,0x00000000c1861dd8,0x00000000c4300000)
 Metaspace       used 37188K, committed 37824K, reserved 1089536K
  class space    used 3750K, committed 4032K, reserved 1048576K
}
Event: 8.846 GC heap after
{Heap after GC invocations=20 (full 2):
 PSYoungGen      total 23040K, used 544K [0x00000000eab00000, 0x00000000ec380000, 0x0000000100000000)
  eden space 22016K, 0% used [0x00000000eab00000,0x00000000eab00000,0x00000000ec080000)
  from space 1024K, 53% used [0x00000000ec280000,0x00000000ec308000,0x00000000ec380000)
  to   space 1024K, 0% used [0x00000000ec180000,0x00000000ec180000,0x00000000ec280000)
 ParOldGen       total 68608K, used 25295K [0x00000000c0000000, 0x00000000c4300000, 0x00000000eab00000)
  object space 68608K, 36% used [0x00000000c0000000,0x00000000c18b3dd8,0x00000000c4300000)
 Metaspace       used 37188K, committed 37824K, reserved 1089536K
  class space    used 3750K, committed 4032K, reserved 1048576K
}
Event: 10.664 GC heap before
{Heap before GC invocations=21 (full 2):
 PSYoungGen      total 23040K, used 22560K [0x00000000eab00000, 0x00000000ec380000, 0x0000000100000000)
  eden space 22016K, 100% used [0x00000000eab00000,0x00000000ec080000,0x00000000ec080000)
  from space 1024K, 53% used [0x00000000ec280000,0x00000000ec308000,0x00000000ec380000)
  to   space 1024K, 0% used [0x00000000ec180000,0x00000000ec180000,0x00000000ec280000)
 ParOldGen       total 68608K, used 25295K [0x00000000c0000000, 0x00000000c4300000, 0x00000000eab00000)
  object space 68608K, 36% used [0x00000000c0000000,0x00000000c18b3dd8,0x00000000c4300000)
 Metaspace       used 37211K, committed 37824K, reserved 1089536K
  class space    used 3752K, committed 4032K, reserved 1048576K
}
Event: 10.664 GC heap after
{Heap after GC invocations=21 (full 2):
 PSYoungGen      total 23040K, used 544K [0x00000000eab00000, 0x00000000ec300000, 0x0000000100000000)
  eden space 22016K, 0% used [0x00000000eab00000,0x00000000eab00000,0x00000000ec080000)
  from space 1024K, 53% used [0x00000000ec180000,0x00000000ec208000,0x00000000ec280000)
  to   space 512K, 0% used [0x00000000ec280000,0x00000000ec280000,0x00000000ec300000)
 ParOldGen       total 68608K, used 25559K [0x00000000c0000000, 0x00000000c4300000, 0x00000000eab00000)
  object space 68608K, 37% used [0x00000000c0000000,0x00000000c18f5dd8,0x00000000c4300000)
 Metaspace       used 37211K, committed 37824K, reserved 1089536K
  class space    used 3752K, committed 4032K, reserved 1048576K
}
Event: 12.379 GC heap before
{Heap before GC invocations=22 (full 2):
 PSYoungGen      total 23040K, used 22560K [0x00000000eab00000, 0x00000000ec300000, 0x0000000100000000)
  eden space 22016K, 100% used [0x00000000eab00000,0x00000000ec080000,0x00000000ec080000)
  from space 1024K, 53% used [0x00000000ec180000,0x00000000ec208000,0x00000000ec280000)
  to   space 512K, 0% used [0x00000000ec280000,0x00000000ec280000,0x00000000ec300000)
 ParOldGen       total 68608K, used 25559K [0x00000000c0000000, 0x00000000c4300000, 0x00000000eab00000)
  object space 68608K, 37% used [0x00000000c0000000,0x00000000c18f5dd8,0x00000000c4300000)
 Metaspace       used 37211K, committed 37888K, reserved 1089536K
  class space    used 3752K, committed 4032K, reserved 1048576K
}
Event: 12.379 GC heap after
{Heap after GC invocations=22 (full 2):
 PSYoungGen      total 22528K, used 512K [0x00000000eab00000, 0x00000000ec300000, 0x0000000100000000)
  eden space 22016K, 0% used [0x00000000eab00000,0x00000000eab00000,0x00000000ec080000)
  from space 512K, 100% used [0x00000000ec280000,0x00000000ec300000,0x00000000ec300000)
  to   space 1024K, 0% used [0x00000000ec100000,0x00000000ec100000,0x00000000ec200000)
 ParOldGen       total 68608K, used 25863K [0x00000000c0000000, 0x00000000c4300000, 0x00000000eab00000)
  object space 68608K, 37% used [0x00000000c0000000,0x00000000c1941dd8,0x00000000c4300000)
 Metaspace       used 37211K, committed 37888K, reserved 1089536K
  class space    used 3752K, committed 4032K, reserved 1048576K
}
Event: 13.467 GC heap before
{Heap before GC invocations=23 (full 2):
 PSYoungGen      total 22528K, used 22528K [0x00000000eab00000, 0x00000000ec300000, 0x0000000100000000)
  eden space 22016K, 100% used [0x00000000eab00000,0x00000000ec080000,0x00000000ec080000)
  from space 512K, 100% used [0x00000000ec280000,0x00000000ec300000,0x00000000ec300000)
  to   space 1024K, 0% used [0x00000000ec100000,0x00000000ec100000,0x00000000ec200000)
 ParOldGen       total 68608K, used 25863K [0x00000000c0000000, 0x00000000c4300000, 0x00000000eab00000)
  object space 68608K, 37% used [0x00000000c0000000,0x00000000c1941dd8,0x00000000c4300000)
 Metaspace       used 37212K, committed 37888K, reserved 1089536K
  class space    used 3752K, committed 4032K, reserved 1048576K
}
Event: 13.467 GC heap after
{Heap after GC invocations=23 (full 2):
 PSYoungGen      total 23040K, used 448K [0x00000000eab00000, 0x00000000ec300000, 0x0000000100000000)
  eden space 22016K, 0% used [0x00000000eab00000,0x00000000eab00000,0x00000000ec080000)
  from space 1024K, 43% used [0x00000000ec100000,0x00000000ec170000,0x00000000ec200000)
  to   space 512K, 0% used [0x00000000ec280000,0x00000000ec280000,0x00000000ec300000)
 ParOldGen       total 68608K, used 26092K [0x00000000c0000000, 0x00000000c4300000, 0x00000000eab00000)
  object space 68608K, 38% used [0x00000000c0000000,0x00000000c197b130,0x00000000c4300000)
 Metaspace       used 37212K, committed 37888K, reserved 1089536K
  class space    used 3752K, committed 4032K, reserved 1048576K
}
Event: 14.012 GC heap before
{Heap before GC invocations=24 (full 2):
 PSYoungGen      total 23040K, used 22464K [0x00000000eab00000, 0x00000000ec300000, 0x0000000100000000)
  eden space 22016K, 100% used [0x00000000eab00000,0x00000000ec080000,0x00000000ec080000)
  from space 1024K, 43% used [0x00000000ec100000,0x00000000ec170000,0x00000000ec200000)
  to   space 512K, 0% used [0x00000000ec280000,0x00000000ec280000,0x00000000ec300000)
 ParOldGen       total 68608K, used 26092K [0x00000000c0000000, 0x00000000c4300000, 0x00000000eab00000)
  object space 68608K, 38% used [0x00000000c0000000,0x00000000c197b130,0x00000000c4300000)
 Metaspace       used 37231K, committed 37888K, reserved 1089536K
  class space    used 3754K, committed 4032K, reserved 1048576K
}
Event: 14.012 GC heap after
{Heap after GC invocations=24 (full 2):
 PSYoungGen      total 22528K, used 384K [0x00000000eab00000, 0x00000000ec300000, 0x0000000100000000)
  eden space 22016K, 0% used [0x00000000eab00000,0x00000000eab00000,0x00000000ec080000)
  from space 512K, 75% used [0x00000000ec280000,0x00000000ec2e0000,0x00000000ec300000)
  to   space 512K, 0% used [0x00000000ec200000,0x00000000ec200000,0x00000000ec280000)
 ParOldGen       total 68608K, used 26292K [0x00000000c0000000, 0x00000000c4300000, 0x00000000eab00000)
  object space 68608K, 38% used [0x00000000c0000000,0x00000000c19ad130,0x00000000c4300000)
 Metaspace       used 37231K, committed 37888K, reserved 1089536K
  class space    used 3754K, committed 4032K, reserved 1048576K
}

Deoptimization events (20 events):
Event: 14.050 Thread 0x0000020c643eb210 DEOPT PACKING pc=0x0000020c579bda5c sp=0x0000002d455fd9a0
Event: 14.050 Thread 0x0000020c643eb210 DEOPT UNPACKING pc=0x0000020c4fce20a3 sp=0x0000002d455fd960 mode 2
Event: 14.076 Thread 0x0000020c643eb210 DEOPT PACKING pc=0x0000020c5085471e sp=0x0000002d455fd0e0
Event: 14.076 Thread 0x0000020c643eb210 DEOPT UNPACKING pc=0x0000020c4fce2843 sp=0x0000002d455fc5d0 mode 0
Event: 14.076 Thread 0x0000020c643eb210 DEOPT PACKING pc=0x0000020c5085471e sp=0x0000002d455fd0e0
Event: 14.076 Thread 0x0000020c643eb210 DEOPT UNPACKING pc=0x0000020c4fce2843 sp=0x0000002d455fc5d0 mode 0
Event: 14.076 Thread 0x0000020c643eb210 DEOPT PACKING pc=0x0000020c5085471e sp=0x0000002d455fd0e0
Event: 14.076 Thread 0x0000020c643eb210 DEOPT UNPACKING pc=0x0000020c4fce2843 sp=0x0000002d455fc5d0 mode 0
Event: 14.077 Thread 0x0000020c643eb210 DEOPT PACKING pc=0x0000020c5085471e sp=0x0000002d455fd0e0
Event: 14.077 Thread 0x0000020c643eb210 DEOPT UNPACKING pc=0x0000020c4fce2843 sp=0x0000002d455fc5d0 mode 0
Event: 14.077 Thread 0x0000020c643eb210 DEOPT PACKING pc=0x0000020c5085471e sp=0x0000002d455fd0e0
Event: 14.077 Thread 0x0000020c643eb210 DEOPT UNPACKING pc=0x0000020c4fce2843 sp=0x0000002d455fc5d0 mode 0
Event: 14.077 Thread 0x0000020c643eb210 DEOPT PACKING pc=0x0000020c5085471e sp=0x0000002d455fd0e0
Event: 14.077 Thread 0x0000020c643eb210 DEOPT UNPACKING pc=0x0000020c4fce2843 sp=0x0000002d455fc5d0 mode 0
Event: 14.077 Thread 0x0000020c643eb210 DEOPT PACKING pc=0x0000020c5085471e sp=0x0000002d455fd0e0
Event: 14.077 Thread 0x0000020c643eb210 DEOPT UNPACKING pc=0x0000020c4fce2843 sp=0x0000002d455fc5d0 mode 0
Event: 14.077 Thread 0x0000020c643eb210 DEOPT PACKING pc=0x0000020c5085471e sp=0x0000002d455fd0e0
Event: 14.077 Thread 0x0000020c643eb210 DEOPT UNPACKING pc=0x0000020c4fce2843 sp=0x0000002d455fc5d0 mode 0
Event: 14.077 Thread 0x0000020c643eb210 DEOPT PACKING pc=0x0000020c5085471e sp=0x0000002d455fd0e0
Event: 14.077 Thread 0x0000020c643eb210 DEOPT UNPACKING pc=0x0000020c4fce2843 sp=0x0000002d455fc5d0 mode 0

Classes unloaded (7 events):
Event: 1.776 Thread 0x0000020c627214b0 Unloading class 0x0000000100214000 'java/lang/invoke/LambdaForm$MH+0x0000000100214000'
Event: 1.776 Thread 0x0000020c627214b0 Unloading class 0x0000000100213c00 'java/lang/invoke/LambdaForm$MH+0x0000000100213c00'
Event: 1.776 Thread 0x0000020c627214b0 Unloading class 0x0000000100213800 'java/lang/invoke/LambdaForm$MH+0x0000000100213800'
Event: 1.776 Thread 0x0000020c627214b0 Unloading class 0x0000000100213400 'java/lang/invoke/LambdaForm$MH+0x0000000100213400'
Event: 1.776 Thread 0x0000020c627214b0 Unloading class 0x0000000100212c00 'java/lang/invoke/LambdaForm$BMH+0x0000000100212c00'
Event: 1.776 Thread 0x0000020c627214b0 Unloading class 0x0000000100212800 'java/lang/invoke/LambdaForm$DMH+0x0000000100212800'
Event: 1.776 Thread 0x0000020c627214b0 Unloading class 0x0000000100210000 'java/lang/invoke/LambdaForm$DMH+0x0000000100210000'

Classes redefined (0 events):
No events

Internal exceptions (20 events):
Event: 4.344 Thread 0x0000020c643eb210 Exception <a 'sun/nio/fs/WindowsException'{0x00000000eb2914f0}> (0x00000000eb2914f0) 
thrown [s\src\hotspot\share\prims\jni.cpp, line 516]
Event: 4.345 Thread 0x0000020c643eb210 Exception <a 'sun/nio/fs/WindowsException'{0x00000000eb297ec8}> (0x00000000eb297ec8) 
thrown [s\src\hotspot\share\prims\jni.cpp, line 516]
Event: 4.346 Thread 0x0000020c643eb210 Exception <a 'sun/nio/fs/WindowsException'{0x00000000eb29e1f8}> (0x00000000eb29e1f8) 
thrown [s\src\hotspot\share\prims\jni.cpp, line 516]
Event: 4.348 Thread 0x0000020c643eb210 Exception <a 'sun/nio/fs/WindowsException'{0x00000000eb2a4628}> (0x00000000eb2a4628) 
thrown [s\src\hotspot\share\prims\jni.cpp, line 516]
Event: 4.351 Thread 0x0000020c643eb210 Exception <a 'sun/nio/fs/WindowsException'{0x00000000eb2b19e8}> (0x00000000eb2b19e8) 
thrown [s\src\hotspot\share\prims\jni.cpp, line 516]
Event: 4.367 Thread 0x0000020c643eb210 Exception <a 'sun/nio/fs/WindowsException'{0x00000000eb3028a0}> (0x00000000eb3028a0) 
thrown [s\src\hotspot\share\prims\jni.cpp, line 516]
Event: 4.374 Thread 0x0000020c643eb210 Exception <a 'sun/nio/fs/WindowsException'{0x00000000eb334928}> (0x00000000eb334928) 
thrown [s\src\hotspot\share\prims\jni.cpp, line 516]
Event: 4.375 Thread 0x0000020c643eb210 Exception <a 'sun/nio/fs/WindowsException'{0x00000000eb33b858}> (0x00000000eb33b858) 
thrown [s\src\hotspot\share\prims\jni.cpp, line 516]
Event: 4.379 Thread 0x0000020c643eb210 Exception <a 'sun/nio/fs/WindowsException'{0x00000000eb34cae8}> (0x00000000eb34cae8) 
thrown [s\src\hotspot\share\prims\jni.cpp, line 516]
Event: 4.379 Thread 0x0000020c643eb210 Exception <a 'sun/nio/fs/WindowsException'{0x00000000eb34e790}> (0x00000000eb34e790) 
thrown [s\src\hotspot\share\prims\jni.cpp, line 516]
Event: 4.379 Thread 0x0000020c643eb210 Exception <a 'sun/nio/fs/WindowsException'{0x00000000eb34ef68}> (0x00000000eb34ef68) 
thrown [s\src\hotspot\share\prims\jni.cpp, line 516]
Event: 4.379 Thread 0x0000020c643eb210 Exception <a 'sun/nio/fs/WindowsException'{0x00000000eb34f3c8}> (0x00000000eb34f3c8) 
thrown [s\src\hotspot\share\prims\jni.cpp, line 516]
Event: 4.379 Thread 0x0000020c643eb210 Exception <a 'sun/nio/fs/WindowsException'{0x00000000eb3500e8}> (0x00000000eb3500e8) 
thrown [s\src\hotspot\share\prims\jni.cpp, line 516]
Event: 4.381 Thread 0x0000020c643eb210 Exception <a 'java/io/FileNotFoundException'{0x00000000eb3597f0}> (0x00000000eb3597f0) 
thrown [s\src\hotspot\share\prims\jni.cpp, line 516]
Event: 4.385 Thread 0x0000020c643eb210 Exception <a 'java/io/FileNotFoundException'{0x00000000eb3746c8}> (0x00000000eb3746c8) 
thrown [s\src\hotspot\share\prims\jni.cpp, line 516]
Event: 4.387 Thread 0x0000020c643eb210 Exception <a 'sun/nio/fs/WindowsException'{0x00000000eb37c528}> (0x00000000eb37c528) 
thrown [s\src\hotspot\share\prims\jni.cpp, line 516]
Event: 4.398 Thread 0x0000020c643eb210 Exception <a 'sun/nio/fs/WindowsException'{0x00000000eb3a64f0}> (0x00000000eb3a64f0) 
thrown [s\src\hotspot\share\prims\jni.cpp, line 516]
Event: 4.406 Thread 0x0000020c643eb210 Exception <a 'sun/nio/fs/WindowsException'{0x00000000eb3cb3d8}> (0x00000000eb3cb3d8) 
thrown [s\src\hotspot\share\prims\jni.cpp, line 516]
Event: 14.008 Thread 0x0000020c643eb210 Implicit null exception at 0x0000020c579e0be0 to 0x0000020c579e0c14
Event: 14.010 Thread 0x0000020c64159560 Implicit null exception at 0x0000020c579c73b7 to 0x0000020c579c7fec

VM Operations (20 events):
Event: 8.844 Executing VM operation: ParallelGCFailedAllocation
Event: 8.846 Executing VM operation: ParallelGCFailedAllocation done
Event: 9.860 Executing VM operation: Cleanup
Event: 9.862 Executing VM operation: Cleanup done
Event: 10.664 Executing VM operation: ParallelGCFailedAllocation
Event: 10.664 Executing VM operation: ParallelGCFailedAllocation done
Event: 11.677 Executing VM operation: Cleanup
Event: 11.677 Executing VM operation: Cleanup done
Event: 12.379 Executing VM operation: ParallelGCFailedAllocation
Event: 12.379 Executing VM operation: ParallelGCFailedAllocation done
Event: 13.381 Executing VM operation: Cleanup
Event: 13.381 Executing VM operation: Cleanup done
Event: 13.467 Executing VM operation: ParallelGCFailedAllocation
Event: 13.467 Executing VM operation: ParallelGCFailedAllocation done
Event: 14.009 Executing VM operation: HandshakeAllThreads
Event: 14.009 Executing VM operation: HandshakeAllThreads done
Event: 14.012 Executing VM operation: ParallelGCFailedAllocation
Event: 14.012 Executing VM operation: ParallelGCFailedAllocation done
Event: 15.021 Executing VM operation: Cleanup
Event: 15.021 Executing VM operation: Cleanup done

Events (20 events):
Event: 11.118 Thread 0x0000020c6415ad70 Thread exited: 0x0000020c6415ad70
Event: 11.121 Thread 0x0000020c63d0a580 Thread exited: 0x0000020c63d0a580
Event: 11.121 Thread 0x0000020c641918e0 Thread exited: 0x0000020c641918e0
Event: 11.121 Thread 0x0000020c64370040 Thread exited: 0x0000020c64370040
Event: 14.009 loading class java/util/AbstractList$ListItr
Event: 14.009 loading class java/util/AbstractList$ListItr done
Event: 14.010 loading class java/util/AbstractList$RandomAccessSpliterator
Event: 14.010 loading class java/util/AbstractList$RandomAccessSpliterator done
Event: 14.022 Thread 0x0000020c63d0a540 Thread added: 0x0000020c63d0a540
Event: 14.025 Thread 0x0000020c66a75620 Thread added: 0x0000020c66a75620
Event: 14.059 loading class sun/nio/cs/ThreadLocalCoders
Event: 14.060 loading class sun/nio/cs/ThreadLocalCoders done
Event: 14.060 loading class sun/nio/cs/ThreadLocalCoders$1
Event: 14.060 loading class sun/nio/cs/ThreadLocalCoders$Cache
Event: 14.060 loading class sun/nio/cs/ThreadLocalCoders$Cache done
Event: 14.060 loading class sun/nio/cs/ThreadLocalCoders$1 done
Event: 14.060 loading class sun/nio/cs/ThreadLocalCoders$2
Event: 14.060 loading class sun/nio/cs/ThreadLocalCoders$2 done
Event: 14.081 loading class java/lang/ExceptionInInitializerError
Event: 14.082 loading class java/lang/ExceptionInInitializerError done


Dynamic libraries:
0x00007ff7587c0000 - 0x00007ff7587ce000 	c:\Users\Ayush\.antigravity\extensions\redhat.java-1.12.0-win32-x64\jre\17.0.4.1-win32-x86_64\bin\java.exe
0x00007ffd0ba20000 - 0x00007ffd0bc88000 	C:\WINDOWS\SYSTEM32\ntdll.dll
0x00007ffd0a5e0000 - 0x00007ffd0a6a9000 	C:\WINDOWS\System32\KERNEL32.DLL
0x00007ffd09060000 - 0x00007ffd09458000 	C:\WINDOWS\System32\KERNELBASE.dll
0x00007ffd05700000 - 0x00007ffd0579f000 	C:\WINDOWS\SYSTEM32\apphelp.dll
0x00007ffd09670000 - 0x00007ffd097bb000 	C:\WINDOWS\System32\ucrtbase.dll
0x00007ffd008c0000 - 0x00007ffd008d8000 	c:\Users\Ayush\.antigravity\extensions\redhat.java-1.12.0-win32-x64\jre\17.0.4.1-win32-x86_64\bin\jli.dll
0x00007ffd008a0000 - 0x00007ffd008b9000 	c:\Users\Ayush\.antigravity\extensions\redhat.java-1.12.0-win32-x64\jre\17.0.4.1-win32-x86_64\bin\VCRUNTIME140.dll
0x00007ffd0b080000 - 0x00007ffd0b247000 	C:\WINDOWS\System32\USER32.dll
0x00007ffcf0de0000 - 0x00007ffcf1074000 	C:\WINDOWS\WinSxS\amd64_microsoft.windows.common-controls_6595b64144ccf1df_6.0.26100.7019_none_3e06ffa0e335b8a8\COMCTL32.dll
0x00007ffd09640000 - 0x00007ffd09667000 	C:\WINDOWS\System32\win32u.dll
0x00007ffd0a410000 - 0x00007ffd0a4b9000 	C:\WINDOWS\System32\msvcrt.dll
0x00007ffd09b60000 - 0x00007ffd09b8b000 	C:\WINDOWS\System32\GDI32.dll
0x00007ffd09460000 - 0x00007ffd0958c000 	C:\WINDOWS\System32\gdi32full.dll
0x00007ffd09590000 - 0x00007ffd09633000 	C:\WINDOWS\System32\msvcp_win.dll
0x00007ffd0a4c0000 - 0x00007ffd0a4f1000 	C:\WINDOWS\System32\IMM32.DLL
0x00007ffd05670000 - 0x00007ffd0567c000 	c:\Users\Ayush\.antigravity\extensions\redhat.java-1.12.0-win32-x64\jre\17.0.4.1-win32-x86_64\bin\vcruntime140_1.dll
0x00007ffce8960000 - 0x00007ffce89f1000 	c:\Users\Ayush\.antigravity\extensions\redhat.java-1.12.0-win32-x64\jre\17.0.4.1-win32-x86_64\bin\msvcp140.dll
0x00007ffc892d0000 - 0x00007ffc89f16000 	c:\Users\Ayush\.antigravity\extensions\redhat.java-1.12.0-win32-x64\jre\17.0.4.1-win32-x86_64\bin\server\jvm.dll
0x00007ffd0b540000 - 0x00007ffd0b5f4000 	C:\WINDOWS\System32\ADVAPI32.dll
0x00007ffd0a2b0000 - 0x00007ffd0a356000 	C:\WINDOWS\System32\sechost.dll
0x00007ffd0b8c0000 - 0x00007ffd0b9d8000 	C:\WINDOWS\System32\RPCRT4.dll
0x00007ffd0aee0000 - 0x00007ffd0aee8000 	C:\WINDOWS\System32\PSAPI.DLL
0x00007ffcf0060000 - 0x00007ffcf006a000 	C:\WINDOWS\SYSTEM32\WSOCK32.dll
0x00007ffcf4510000 - 0x00007ffcf4545000 	C:\WINDOWS\SYSTEM32\WINMM.dll
0x00007ffcfbc30000 - 0x00007ffcfbc3b000 	C:\WINDOWS\SYSTEM32\VERSION.dll
0x00007ffd0a360000 - 0x00007ffd0a3d4000 	C:\WINDOWS\System32\WS2_32.dll
0x00007ffd07930000 - 0x00007ffd0794b000 	C:\WINDOWS\SYSTEM32\kernel.appcore.dll
0x00007ffd036c0000 - 0x00007ffd036ca000 	c:\Users\Ayush\.antigravity\extensions\redhat.java-1.12.0-win32-x64\jre\17.0.4.1-win32-x86_64\bin\jimage.dll
0x00007ffd06070000 - 0x00007ffd062b2000 	C:\WINDOWS\SYSTEM32\DBGHELP.DLL
0x00007ffd097c0000 - 0x00007ffd09b4b000 	C:\WINDOWS\System32\combase.dll
0x00007ffd0a500000 - 0x00007ffd0a5d7000 	C:\WINDOWS\System32\OLEAUT32.dll
0x00007ffce1370000 - 0x00007ffce13ac000 	C:\WINDOWS\SYSTEM32\dbgcore.DLL
0x00007ffd08fb0000 - 0x00007ffd09055000 	C:\WINDOWS\System32\bcryptPrimitives.dll
0x00007ffd01d20000 - 0x00007ffd01d2e000 	c:\Users\Ayush\.antigravity\extensions\redhat.java-1.12.0-win32-x64\jre\17.0.4.1-win32-x86_64\bin\instrument.dll
0x00007ffcfdda0000 - 0x00007ffcfddc5000 	c:\Users\Ayush\.antigravity\extensions\redhat.java-1.12.0-win32-x64\jre\17.0.4.1-win32-x86_64\bin\java.dll
0x00007ffcf9040000 - 0x00007ffcf9058000 	c:\Users\Ayush\.antigravity\extensions\redhat.java-1.12.0-win32-x64\jre\17.0.4.1-win32-x86_64\bin\zip.dll
0x00007ffd0a6b0000 - 0x00007ffd0adff000 	C:\WINDOWS\System32\SHELL32.dll
0x00007ffd08b70000 - 0x00007ffd08cdb000 	C:\WINDOWS\System32\wintypes.dll
0x00007ffd06640000 - 0x00007ffd06e9d000 	C:\WINDOWS\SYSTEM32\windows.storage.dll
0x00007ffd0b7c0000 - 0x00007ffd0b8b2000 	C:\WINDOWS\System32\SHCORE.dll
0x00007ffd0b450000 - 0x00007ffd0b4b7000 	C:\WINDOWS\System32\shlwapi.dll
0x00007ffd08a90000 - 0x00007ffd08ab9000 	C:\WINDOWS\SYSTEM32\profapi.dll
0x00007ffd022f0000 - 0x00007ffd02309000 	C:\Users\Ayush\.antigravity\extensions\redhat.java-1.12.0-win32-x64\jre\17.0.4.1-win32-x86_64\bin\net.dll
0x00007ffcffe70000 - 0x00007ffcfff98000 	C:\WINDOWS\SYSTEM32\WINHTTP.dll
0x00007ffd07ea0000 - 0x00007ffd07f0b000 	C:\WINDOWS\system32\mswsock.dll
0x00007ffd01ba0000 - 0x00007ffd01bb5000 	C:\Users\Ayush\.antigravity\extensions\redhat.java-1.12.0-win32-x64\jre\17.0.4.1-win32-x86_64\bin\nio.dll
0x00007ffd01c80000 - 0x00007ffd01c90000 	c:\Users\Ayush\.antigravity\extensions\redhat.java-1.12.0-win32-x64\jre\17.0.4.1-win32-x86_64\bin\verify.dll
0x00007ffd00f40000 - 0x00007ffd00f7e000 	C:\Users\Ayush\AppData\Roaming\Antigravity\User\globalStorage\redhat.java\1.12.0\config_ss_win\org.eclipse.equinox.launcher\org.eclipse.equinox.launcher.win32.win32.x86_64_1.2.600.v20220720-1916\eclipse_11700.dll
0x00007ffd09c20000 - 0x00007ffd09db7000 	C:\WINDOWS\System32\ole32.dll
0x00007ffd01c20000 - 0x00007ffd01c29000 	C:\Users\Ayush\.antigravity\extensions\redhat.java-1.12.0-win32-x64\jre\17.0.4.1-win32-x86_64\bin\management.dll
0x00007ffd01b30000 - 0x00007ffd01b3b000 	C:\Users\Ayush\.antigravity\extensions\redhat.java-1.12.0-win32-x64\jre\17.0.4.1-win32-x86_64\bin\management_ext.dll
0x00007ffd08160000 - 0x00007ffd0817b000 	C:\WINDOWS\SYSTEM32\CRYPTSP.dll
0x00007ffd07890000 - 0x00007ffd078ca000 	C:\WINDOWS\system32\rsaenh.dll
0x00007ffd07f50000 - 0x00007ffd07f7b000 	C:\WINDOWS\SYSTEM32\USERENV.dll
0x00007ffd08a60000 - 0x00007ffd08a8a000 	C:\WINDOWS\SYSTEM32\bcrypt.dll
0x00007ffd08180000 - 0x00007ffd0818c000 	C:\WINDOWS\SYSTEM32\CRYPTBASE.dll
0x00007ffd07380000 - 0x00007ffd073b4000 	C:\WINDOWS\SYSTEM32\IPHLPAPI.DLL
0x00007ffd09b50000 - 0x00007ffd09b5a000 	C:\WINDOWS\System32\NSI.dll
0x00007ffd001a0000 - 0x00007ffd001be000 	C:\WINDOWS\SYSTEM32\dhcpcsvc6.DLL
0x00007ffcfeab0000 - 0x00007ffcfead3000 	C:\WINDOWS\SYSTEM32\dhcpcsvc.DLL
0x00007ffd07420000 - 0x00007ffd0754c000 	C:\WINDOWS\SYSTEM32\DNSAPI.dll
0x00007ffcee810000 - 0x00007ffcee850000 	C:\Users\Ayush\AppData\Local\Temp\jna-63749682\jna17237406687442156063.dll

dbghelp: loaded successfully - version: 4.0.5 - missing functions: none
symbol engine: initialized successfully - sym options: 0x614 - pdb path: .;c:\Users\Ayush\.antigravity\extensions\redhat.java-1.12.0-win32-x64\jre\17.0.4.1-win32-x86_64\bin;C:\WINDOWS\SYSTEM32;C:\WINDOWS\WinSxS\amd64_microsoft.windows.common-controls_6595b64144ccf1df_6.0.26100.7019_none_3e06ffa0e335b8a8;c:\Users\Ayush\.antigravity\extensions\redhat.java-1.12.0-win32-x64\jre\17.0.4.1-win32-x86_64\bin\server;C:\Users\Ayush\AppData\Roaming\Antigravity\User\globalStorage\redhat.java\1.12.0\config_ss_win\org.eclipse.equinox.launcher\org.eclipse.equinox.launcher.win32.win32.x86_64_1.2.600.v20220720-1916;C:\Users\Ayush\AppData\Local\Temp\jna-63749682

VM Arguments:
jvm_args: --add-modules=ALL-SYSTEM --add-opens=java.base/java.util=ALL-UNNAMED --add-opens=java.base/java.lang=ALL-UNNAMED --add-opens=java.base/sun.nio.fs=ALL-UNNAMED -Declipse.application=org.eclipse.jdt.ls.core.id1 -Dosgi.bundles.defaultStartLevel=4 -Declipse.product=org.eclipse.jdt.ls.core.product -Djava.import.generatesMetadataFilesAtProjectRoot=false -Dfile.encoding=utf8 -XX:+UseParallelGC -XX:GCTimeRatio=4 -XX:AdaptiveSizePolicyWeight=90 -Dsun.zip.disableMemoryMapping=true -Xmx1G -Xms100m -Xlog:disable -javaagent:c:\Users\Ayush\.antigravity\extensions\redhat.java-1.12.0-win32-x64\lombok\lombok-1.18.24.jar 
java_command: c:\Users\Ayush\.antigravity\extensions\redhat.java-1.12.0-win32-x64\server\plugins\org.eclipse.equinox.launcher_1.6.400.v20210924-0641.jar -configuration c:\Users\Ayush\AppData\Roaming\Antigravity\User\globalStorage\redhat.java\1.12.0\config_ss_win -data c:\Users\Ayush\AppData\Roaming\Antigravity\User\workspaceStorage\3f7b54dcdad3fca262c77b1c4bfa23a2\redhat.java\ss_ws
java_class_path (initial): c:\Users\Ayush\.antigravity\extensions\redhat.java-1.12.0-win32-x64\server\plugins\org.eclipse.equinox.launcher_1.6.400.v20210924-0641.jar
Launcher Type: SUN_STANDARD

[Global flags]
    uintx AdaptiveSizePolicyWeight                 = 90                                        {product} {command line}
     intx CICompilerCount                          = 4                                         {product} {ergonomic}
    uintx GCTimeRatio                              = 4                                         {product} {command line}
   size_t InitialHeapSize                          = 104857600                                 {product} {command line}
   size_t MaxHeapSize                              = 1073741824                                {product} {command line}
   size_t MaxNewSize                               = 357564416                                 {product} {ergonomic}
   size_t MinHeapDeltaBytes                        = 524288                                    {product} {ergonomic}
   size_t MinHeapSize                              = 104857600                                 {product} {command line}
   size_t NewSize                                  = 34603008                                  {product} {ergonomic}
    uintx NonNMethodCodeHeapSize                   = 5839372                                {pd product} {ergonomic}
    uintx NonProfiledCodeHeapSize                  = 122909434                              {pd product} {ergonomic}
   size_t OldSize                                  = 70254592                                  {product} {ergonomic}
    uintx ProfiledCodeHeapSize                     = 122909434                              {pd product} {ergonomic}
    uintx ReservedCodeCacheSize                    = 251658240                              {pd product} {ergonomic}
     bool SegmentedCodeCache                       = true                                      {product} {ergonomic}
   size_t SoftMaxHeapSize                          = 1073741824                             {manageable} {ergonomic}
     bool UseCompressedClassPointers               = true                           {product lp64_product} {ergonomic}
     bool UseCompressedOops                        = true                           {product lp64_product} {ergonomic}
     bool UseLargePagesIndividualAllocation        = false                                  {pd product} {ergonomic}
     bool UseParallelGC                            = true                                      {product} {command line}

Logging:
Log output configuration:
 #0: stdout all=off uptime,level,tags
 #1: stderr all=off uptime,level,tags

Environment Variables:
JAVA_HOME=C:\Program Files\Java\jdk-24
PATH=C:\Program Files\Common Files\Oracle\Java\javapath;C:\Windows\system32;C:\Windows;C:\Windows\System32\Wbem;C:\Windows\System32\WindowsPowerShell\v1.0\;C:\Windows\System32\OpenSSH\;C:\WINDOWS\system32;C:\WINDOWS;C:\WINDOWS\System32\Wbem;C:\WINDOWS\System32\WindowsPowerShell\v1.0\;C:\WINDOWS\System32\OpenSSH\;C:\MinGW\bin;C:\Users\Ayush\Downloads\opencv\build\x64\vc16\bin;C:\Program Files\CMake;C:\Users\Ayush\Downloads\opencv\build\x64\vc16\lib;C:\Program Files\Java\jdk-23\bin;C:\Program Files\Java\jdk-24\bin;C:\Program Files (x86)\NVIDIA Corporation\PhysX\Common;C:\Program Files\Common Files\Autodesk Shared\;C:\Program Files\MySQL\MySQL Server 8.0\bin;C:\Program Files\Git\cmd;C:\Program Files\nodejs\;C:\Program Files\NVIDIA Corporation\NVIDIA App\NvDLISR;C:\Program Files\MySQL\MySQL Shell 8.0\bin\;C:\Users\Ayush\AppData\Local\Programs\Python\Python313\Scripts\;C:\Users\Ayush\AppData\Local\Programs\Python\Python313\;C:\Users\Ayush\AppData\Local\Microsoft\WindowsApps;C:\MinGW\bin;C:\Users\Ayush\Downloads\opencv\build\x64\vc16\bin;C:\Program Files\CMake;C:\Users\Ayush\Downloads\opencv\build\x64\vc16\lib;C:\Program Files\CMake\bin;C:\Program Files\Java\jdk-23\bin;C:\Program Files\JetBrains\PyCharm 2024.3.5\bin;;C:\Program Files\JetBrains\PyCharm Community Edition 2023.3.3\bin;;D:\JAVA ITELLi\IntelliJ IDEA Community Edition 2025.2\bin;C:\Users\Ayush\AppData\Local\GitHubDesktop\bin;C:\Users\Ayush\AppData\Roaming\npm;C:\Users\Ayush\AppData\Local\Programs\Microsoft VS Code\bin;C:\Users\Ayush\AppData\Local\Programs\Antigravity\bin
USERNAME=Ayush
OS=Windows_NT
PROCESSOR_IDENTIFIER=Intel64 Family 6 Model 158 Stepping 10, GenuineIntel
TMP=C:\Users\Ayush\AppData\Local\Temp
TEMP=C:\Users\Ayush\AppData\Local\Temp



---------------  S Y S T E M  ---------------

OS:
 Windows 11 , 64 bit Build 26100 (10.0.26100.7019)
OS uptime: 0 days 1:09 hours

CPU: total 8 (initial active 8) (4 cores per cpu, 2 threads per core) family 6 model 158 stepping 10 microcode 0xec, cx8, cmov, fxsr, ht, mmx, 3dnowpref, sse, sse2, sse3, ssse3, sse4.1, sse4.2, popcnt, lzcnt, tsc, tscinvbit, avx, avx2, aes, erms, clmul, bmi1, bmi2, adx, fma, vzeroupper, clflush, clflushopt

Memory: 4k page, system-wide physical 8044M (1072M free)
TotalPageFile size 12140M (AvailPageFile size 5M)
current process WorkingSet (physical memory assigned to process): 171M, peak: 178M
current process commit charge ("private bytes"): 252M, peak: 266M

vm_info: OpenJDK 64-Bit Server VM (17.0.4.1+1) for windows-amd64 JRE (17.0.4.1+1), built on Aug 17 2022 07:42:43 by "temurin" with MS VC++ 16.7 (VS2019)

END.
