#
# There is insufficient memory for the Java Runtime Environment to continue.
# Native memory allocation (malloc) failed to allocate 870416 bytes for Chunk::new
# Possible reasons:
#   The system is out of physical RAM or swap space
#   The process is running with CompressedOops enabled, and the Java Heap may be blocking the growth of the native heap
# Possible solutions:
#   Reduce memory load on the system
#   Increase physical memory or swap space
#   Check if swap backing store is full
#   Decrease Java heap size (-Xmx/-Xms)
#   Decrease number of Java threads
#   Decrease Java thread stack sizes (-Xss)
#   Set larger code cache with -XX:ReservedCodeCacheSize=
#   JVM is running with Unscaled Compressed Oops mode in which the Java heap is
#     placed in the first 4GB address space. The Java Heap base address is the
#     maximum limit for the native heap growth. Please use -XX:HeapBaseMinAddress
#     to set the Java Heap base and to place the Java Heap above 4GB virtual address.
# This output file may be truncated or incomplete.
#
#  Out of Memory Error (arena.cpp:189), pid=4300, tid=8224
#
# JRE version: OpenJDK Runtime Environment Temurin-17.0.4.1+1 (17.0.4.1+1) (build 17.0.4.1+1)
# Java VM: OpenJDK 64-Bit Server VM Temurin-17.0.4.1+1 (17.0.4.1+1, mixed mode, tiered, compressed oops, compressed class ptrs, parallel gc, windows-amd64)
# No core dump will be written. Minidumps are not enabled by default on client versions of Windows
#

---------------  S U M M A R Y ------------

Command Line: --add-modules=ALL-SYSTEM --add-opens=java.base/java.util=ALL-UNNAMED --add-opens=java.base/java.lang=ALL-UNNAMED --add-opens=java.base/sun.nio.fs=ALL-UNNAMED -Declipse.application=org.eclipse.jdt.ls.core.id1 -Dosgi.bundles.defaultStartLevel=4 -Declipse.product=org.eclipse.jdt.ls.core.product -Djava.import.generatesMetadataFilesAtProjectRoot=false -Dfile.encoding=utf8 -XX:+UseParallelGC -XX:GCTimeRatio=4 -XX:AdaptiveSizePolicyWeight=90 -Dsun.zip.disableMemoryMapping=true -Xmx1G -Xms100m -Xlog:disable -javaagent:c:\Users\Ayush\.antigravity\extensions\redhat.java-1.12.0-win32-x64\lombok\lombok-1.18.24.jar -XX:+HeapDumpOnOutOfMemoryError -XX:HeapDumpPath=c:\Users\Ayush\AppData\Roaming\Antigravity\User\workspaceStorage\3f7b54dcdad3fca262c77b1c4bfa23a2\redhat.java c:\Users\Ayush\.antigravity\extensions\redhat.java-1.12.0-win32-x64\server\plugins\org.eclipse.equinox.launcher_1.6.400.v20210924-0641.jar -configuration c:\Users\Ayush\AppData\Roaming\Antigravity\User\globalStorage\redhat.java\1.12.0\config_win -data c:\Users\Ayush\AppData\Roaming\Antigravity\User\workspaceStorage\3f7b54dcdad3fca262c77b1c4bfa23a2\redhat.java\jdt_ws

Host: Intel(R) Core(TM) i5-8300H CPU @ 2.30GHz, 8 cores, 7G,  Windows 11 , 64 bit Build 26100 (10.0.26100.7019)
Time: Wed Mar 25 22:37:22 2026 India Standard Time elapsed time: 24.347861 seconds (0d 0h 0m 24s)

---------------  T H R E A D  ---------------

Current thread (0x000002e342d2d020):  JavaThread "C2 CompilerThread0" daemon [_thread_in_native, id=8224, stack(0x000000edfe700000,0x000000edfe800000)]


Current CompileTask:
C2:  24347 7172   !   4       org.eclipse.jdt.internal.core.search.indexing.BinaryIndexer::indexDocument (1144 bytes)

Stack: [0x000000edfe700000,0x000000edfe800000]
Native frames: (J=compiled Java code, j=interpreted, Vv=VM code, C=native code)
V  [jvm.dll+0x67731a]
V  [jvm.dll+0x832284]
V  [jvm.dll+0x833a2e]
V  [jvm.dll+0x834093]
V  [jvm.dll+0x245775]
V  [jvm.dll+0xabd7b]
V  [jvm.dll+0xac30c]
V  [jvm.dll+0x2ac80f]
V  [jvm.dll+0x57dd77]
V  [jvm.dll+0x220892]
V  [jvm.dll+0x21a182]
V  [jvm.dll+0x21799b]
V  [jvm.dll+0x1a3f8d]
V  [jvm.dll+0x227498]
V  [jvm.dll+0x2255e5]
V  [jvm.dll+0x7e7e9b]
V  [jvm.dll+0x7e240a]
V  [jvm.dll+0x6761a5]
C  [ucrtbase.dll+0x37b0]
C  [KERNEL32.DLL+0x2e8d7]
C  [ntdll.dll+0x8c53c]


---------------  P R O C E S S  ---------------

Threads class SMR info:
_java_thread_list=0x000002e347d2aef0, length=33, elements={
0x000002e32d5dcdc0, 0x000002e32d686ec0, 0x000002e341441010, 0x000002e32d68bdc0,
0x000002e32d68c680, 0x000002e32d68e250, 0x000002e342d25340, 0x000002e342d2d020,
0x000002e342d2f180, 0x000002e342d31570, 0x000002e342e0e3a0, 0x000002e3430006c0,
0x000002e34519c2d0, 0x000002e3451d7060, 0x000002e3451d7ed0, 0x000002e3451d7a00,
0x000002e3456f8970, 0x000002e3456f7630, 0x000002e3456f9310, 0x000002e3456f7160,
0x000002e3456f6c90, 0x000002e3456f97e0, 0x000002e3456f7b00, 0x000002e3456fa180,
0x000002e3456f67c0, 0x000002e3456fab20, 0x000002e3456f84a0, 0x000002e3456fa650,
0x000002e3456fc330, 0x000002e3456fc800, 0x000002e3456f8e40, 0x000002e3456fccd0,
0x000002e3456fd1a0
}

Java Threads: ( => current thread )
  0x000002e32d5dcdc0 JavaThread "main" [_thread_blocked, id=11608, stack(0x000000edfde00000,0x000000edfdf00000)]
  0x000002e32d686ec0 JavaThread "Reference Handler" daemon [_thread_blocked, id=15436, stack(0x000000edfe100000,0x000000edfe200000)]
  0x000002e341441010 JavaThread "Finalizer" daemon [_thread_blocked, id=14088, stack(0x000000edfe200000,0x000000edfe300000)]
  0x000002e32d68bdc0 JavaThread "Signal Dispatcher" daemon [_thread_blocked, id=17128, stack(0x000000edfe300000,0x000000edfe400000)]
  0x000002e32d68c680 JavaThread "Attach Listener" daemon [_thread_blocked, id=15548, stack(0x000000edfe400000,0x000000edfe500000)]
  0x000002e32d68e250 JavaThread "Service Thread" daemon [_thread_blocked, id=8204, stack(0x000000edfe500000,0x000000edfe600000)]
  0x000002e342d25340 JavaThread "Monitor Deflation Thread" daemon [_thread_blocked, id=16700, stack(0x000000edfe600000,0x000000edfe700000)]
=>0x000002e342d2d020 JavaThread "C2 CompilerThread0" daemon [_thread_in_native, id=8224, stack(0x000000edfe700000,0x000000edfe800000)]
  0x000002e342d2f180 JavaThread "C1 CompilerThread0" daemon [_thread_blocked, id=9320, stack(0x000000edfe800000,0x000000edfe900000)]
  0x000002e342d31570 JavaThread "Sweeper thread" daemon [_thread_blocked, id=12280, stack(0x000000edfe900000,0x000000edfea00000)]
  0x000002e342e0e3a0 JavaThread "Common-Cleaner" daemon [_thread_blocked, id=6068, stack(0x000000edfea00000,0x000000edfeb00000)]
  0x000002e3430006c0 JavaThread "Notification Thread" daemon [_thread_blocked, id=15356, stack(0x000000edfeb00000,0x000000edfec00000)]
  0x000002e34519c2d0 JavaThread "Active Thread: Equinox Container: 5bc246e2-0ced-4ec2-aa02-f21325bbabed" [_thread_blocked, id=7312, stack(0x000000edffa00000,0x000000edffb00000)]
  0x000002e3451d7060 JavaThread "Framework Event Dispatcher: Equinox Container: 5bc246e2-0ced-4ec2-aa02-f21325bbabed" daemon [_thread_blocked, id=3564, stack(0x000000edffb00000,0x000000edffc00000)]
  0x000002e3451d7ed0 JavaThread "Start Level: Equinox Container: 5bc246e2-0ced-4ec2-aa02-f21325bbabed" daemon [_thread_blocked, id=13264, stack(0x000000edffc00000,0x000000edffd00000)]
  0x000002e3451d7a00 JavaThread "Refresh Thread: Equinox Container: 5bc246e2-0ced-4ec2-aa02-f21325bbabed" daemon [_thread_blocked, id=8084, stack(0x000000edffe00000,0x000000edfff00000)]
  0x000002e3456f8970 JavaThread "SCR Component Actor" daemon [_thread_blocked, id=10304, stack(0x000000ed80200000,0x000000ed80300000)]
  0x000002e3456f7630 JavaThread "Worker-JM" [_thread_blocked, id=1720, stack(0x000000ed80400000,0x000000ed80500000)]
  0x000002e3456f9310 JavaThread "Worker-0: Initialize Workspace" [_thread_blocked, id=15600, stack(0x000000ed80500000,0x000000ed80600000)]
  0x000002e3456f7160 JavaThread "Worker-1: Java indexing... " [_thread_blocked, id=10452, stack(0x000000ed80600000,0x000000ed80700000)]
  0x000002e3456f6c90 JavaThread "Bundle File Closer" daemon [_thread_blocked, id=3676, stack(0x000000ed80700000,0x000000ed80800000)]
  0x000002e3456f97e0 JavaThread "Java indexing" daemon [_thread_blocked, id=18256, stack(0x000000ed80800000,0x000000ed80900000)]
  0x000002e3456f7b00 JavaThread "JNA Cleaner" daemon [_thread_blocked, id=15440, stack(0x000000ed80900000,0x000000ed80a00000)]
  0x000002e3456fa180 JavaThread "pool-2-thread-1" [_thread_blocked, id=5436, stack(0x000000ed80c00000,0x000000ed80d00000)]
  0x000002e3456f67c0 JavaThread "pool-1-thread-1" [_thread_blocked, id=3516, stack(0x000000ed80d00000,0x000000ed80e00000)]
  0x000002e3456fab20 JavaThread "Worker-2" [_thread_blocked, id=17728, stack(0x000000ed80e00000,0x000000ed80f00000)]
  0x000002e3456f84a0 JavaThread "Worker-3" [_thread_blocked, id=5416, stack(0x000000ed80f00000,0x000000ed81000000)]
  0x000002e3456fa650 JavaThread "OkHttp ConnectionPool" daemon [_thread_blocked, id=10260, stack(0x000000ed80300000,0x000000ed80400000)]
  0x000002e3456fc330 JavaThread "Okio Watchdog" daemon [_thread_blocked, id=14548, stack(0x000000ed81300000,0x000000ed81400000)]
  0x000002e3456fc800 
[error occurred during error reporting (printing all threads), id 0xc0000005, EXCEPTION_ACCESS_VIOLATION (0xc0000005) at pc=0x00007ffc893f2510]

VM state: at safepoint (normal execution)

VM Mutex/Monitor currently owned by a thread:  ([mutex/lock_event])
[0x000002e32b3d9190] Threads_lock - owner thread: 0x000002e32d686960
[0x000002e32b3d79f0] Heap_lock - owner thread: 0x000002e3456f97e0

Heap address: 0x00000000c0000000, size: 1024 MB, Compressed Oops mode: 32-bit

CDS archive(s) not mapped
Compressed class space mapped at: 0x0000000100000000-0x0000000140000000, reserved size: 1073741824
Narrow klass base: 0x0000000000000000, Narrow klass shift: 3, Narrow klass range: 0x140000000

GC Precious Log:
 CPUs: 8 total, 8 available
 Memory: 8044M
 Large Page Support: Disabled
 NUMA Support: Disabled
 Compressed Oops: Enabled (32-bit)
 Alignments: Space 512K, Generation 512K, Heap 2M
 Heap Min Capacity: 100M
 Heap Initial Capacity: 100M
 Heap Max Capacity: 1G
 Pre-touch: Disabled
 Parallel Workers: 8

Heap:
 PSYoungGen      total 14336K, used 13824K [0x00000000eab00000, 0x00000000ec080000, 0x0000000100000000)
  eden space 13824K, 100% used [0x00000000eab00000,0x00000000eb880000,0x00000000eb880000)
  from space 512K, 0% used [0x00000000eb900000,0x00000000eb900000,0x00000000eb980000)
  to   space 4096K, 0% used [0x00000000ebc80000,0x00000000ebc80000,0x00000000ec080000)
 ParOldGen       total 216064K, used 215821K [0x00000000c0000000, 0x00000000cd300000, 0x00000000eab00000)
  object space 216064K, 99% used [0x00000000c0000000,0x00000000cd2c3538,0x00000000cd300000)
 Metaspace       used 55336K, committed 56192K, reserved 1105920K
  class space    used 5977K, committed 6336K, reserved 1048576K

Card table byte_map: [0x000002e32cf70000,0x000002e32d180000] _byte_map_base: 0x000002e32c970000

Marking Bits: (ParMarkBitMap*) 0x00007ffc89e52cc0
 Begin Bits: [0x000002e33f250000, 0x000002e340250000)
 End Bits:   [0x000002e340250000, 0x000002e341250000)

Polling page: 0x000002e32cce0000

Metaspace:

Usage:
  Non-class:     48.20 MB used.
      Class:      5.84 MB used.
       Both:     54.04 MB used.

Virtual space:
  Non-class space:       56.00 MB reserved,      48.69 MB ( 87%) committed,  7 nodes.
      Class space:        1.00 GB reserved,       6.19 MB ( <1%) committed,  1 nodes.
             Both:        1.05 GB reserved,      54.88 MB (  5%) committed. 

Chunk freelists:
   Non-Class:  2.98 MB
       Class:  1.62 MB
        Both:  4.60 MB

MaxMetaspaceSize: unlimited
CompressedClassSpaceSize: 1.00 GB
Initial GC threshold: 21.00 MB
Current GC threshold: 91.50 MB
CDS: off
MetaspaceReclaimPolicy: balanced
 - commit_granule_bytes: 65536.
 - commit_granule_words: 8192.
 - virtual_space_node_default_size: 1048576.
 - enlarge_chunks_in_place: 1.
 - new_chunks_are_fully_committed: 0.
 - uncommit_free_chunks: 1.
 - use_allocation_guard: 0.
 - handle_deallocations: 1.


Internal statistics:

num_allocs_failed_limit: 6.
num_arena_births: 440.
num_arena_deaths: 14.
num_vsnodes_births: 8.
num_vsnodes_deaths: 0.
num_space_committed: 878.
num_space_uncommitted: 0.
num_chunks_returned_to_freelist: 20.
num_chunks_taken_from_freelist: 2225.
num_chunk_merges: 10.
num_chunk_splits: 1479.
num_chunks_enlarged: 1008.
num_purges: 2.
num_inconsistent_stats: 0.

CodeHeap 'non-profiled nmethods': size=120000Kb used=4198Kb max_used=4865Kb free=115802Kb
 bounds [0x000002e337d20000, 0x000002e3381f0000, 0x000002e33f250000]
CodeHeap 'profiled nmethods': size=120000Kb used=11017Kb max_used=12994Kb free=108982Kb
 bounds [0x000002e3307f0000, 0x000002e3314b0000, 0x000002e337d20000]
CodeHeap 'non-nmethods': size=5760Kb used=1333Kb max_used=1446Kb free=4427Kb
 bounds [0x000002e330250000, 0x000002e3304c0000, 0x000002e3307f0000]
 total_blobs=6391 nmethods=5728 adapters=577
 compilation: enabled
              stopped_count=0, restarted_count=0
 full_count=0

Compilation events (20 events):
Event: 18.096 Thread 0x000002e347c3f570 nmethod 7170 0x000002e337e70390 code [0x000002e337e70500, 0x000002e337e70618]
Event: 18.135 Thread 0x000002e342d2d020 7171       4       java.util.stream.Sink$ChainedReference::end (10 bytes)
Event: 18.135 Thread 0x000002e342d2d020 nmethod 7171 0x000002e337e6fe10 code [0x000002e337e6ff80, 0x000002e337e70018]
Event: 18.143 Thread 0x000002e342d2d020 7172   !   4       org.eclipse.jdt.internal.core.search.indexing.BinaryIndexer::indexDocument (1144 bytes)
Event: 18.151 Thread 0x000002e347c3f570 7173       4       org.eclipse.jdt.core.Signature::appendTypeSignature (513 bytes)
Event: 18.152 Thread 0x000002e347c3f570 nmethod 7173 0x000002e337dcab90 code [0x000002e337dcad20, 0x000002e337dcae68]
Event: 22.314 Thread 0x000002e342d2f180 7176       3       java.nio.HeapByteBuffer::get (64 bytes)
Event: 22.315 Thread 0x000002e342d2f180 nmethod 7176 0x000002e3309b3f90 code [0x000002e3309b41c0, 0x000002e3309b4b38]
Event: 22.315 Thread 0x000002e342d2f180 7174   !   3       javax.crypto.Cipher::chooseFirstProvider (302 bytes)
Event: 22.316 Thread 0x000002e342d2f180 nmethod 7174 0x000002e330b59d10 code [0x000002e330b5a040, 0x000002e330b5b658]
Event: 22.316 Thread 0x000002e342d2f180 7177       1       org.eclipse.m2e.core.internal.embedder.FilterRepositorySystemSession::getSession (5 bytes)
Event: 22.316 Thread 0x000002e342d2f180 nmethod 7177 0x000002e337dca610 code [0x000002e337dca7a0, 0x000002e337dca878]
Event: 22.316 Thread 0x000002e342d2f180 7175       3       com.sun.crypto.provider.GaloisCounterMode::checkInit (68 bytes)
Event: 22.316 Thread 0x000002e342d2f180 nmethod 7175 0x000002e330b39a90 code [0x000002e330b39c80, 0x000002e330b3a148]
Event: 22.317 Thread 0x000002e342d2f180 7178       3       okio.Buffer::writeByte (36 bytes)
Event: 22.317 Thread 0x000002e342d2f180 nmethod 7178 0x000002e330ab8b10 code [0x000002e330ab8cc0, 0x000002e330ab8e68]
Event: 22.317 Thread 0x000002e342d2f180 7179       3       okio.Buffer::writeByte (6 bytes)
Event: 22.317 Thread 0x000002e342d2f180 nmethod 7179 0x000002e330962b90 code [0x000002e330962d20, 0x000002e330962e68]
Event: 22.317 Thread 0x000002e342d2f180 7180       3       com.sun.crypto.provider.FeedbackCipher::<init> (18 bytes)
Event: 22.317 Thread 0x000002e342d2f180 nmethod 7180 0x000002e3308d8c10 code [0x000002e3308d8dc0, 0x000002e3308d9008]

GC Heap History (20 events):
Event: 17.971 GC heap after
{Heap after GC invocations=116 (full 9):
 PSYoungGen      total 12800K, used 2093K [0x00000000eab00000, 0x00000000eba00000, 0x0000000100000000)
  eden space 10240K, 0% used [0x00000000eab00000,0x00000000eab00000,0x00000000eb500000)
  from space 2560K, 81% used [0x00000000eb780000,0x00000000eb98b448,0x00000000eba00000)
  to   space 2560K, 0% used [0x00000000eb500000,0x00000000eb500000,0x00000000eb780000)
 ParOldGen       total 216064K, used 193893K [0x00000000c0000000, 0x00000000cd300000, 0x00000000eab00000)
  object space 216064K, 89% used [0x00000000c0000000,0x00000000cbd594a0,0x00000000cd300000)
 Metaspace       used 55325K, committed 56192K, reserved 1105920K
  class space    used 5977K, committed 6336K, reserved 1048576K
}
Event: 17.994 GC heap before
{Heap before GC invocations=117 (full 9):
 PSYoungGen      total 12800K, used 12333K [0x00000000eab00000, 0x00000000eba00000, 0x0000000100000000)
  eden space 10240K, 100% used [0x00000000eab00000,0x00000000eb500000,0x00000000eb500000)
  from space 2560K, 81% used [0x00000000eb780000,0x00000000eb98b448,0x00000000eba00000)
  to   space 2560K, 0% used [0x00000000eb500000,0x00000000eb500000,0x00000000eb780000)
 ParOldGen       total 216064K, used 193893K [0x00000000c0000000, 0x00000000cd300000, 0x00000000eab00000)
  object space 216064K, 89% used [0x00000000c0000000,0x00000000cbd594a0,0x00000000cd300000)
 Metaspace       used 55325K, committed 56192K, reserved 1105920K
  class space    used 5977K, committed 6336K, reserved 1048576K
}
Event: 17.996 GC heap after
{Heap after GC invocations=117 (full 9):
 PSYoungGen      total 12800K, used 2538K [0x00000000eab00000, 0x00000000ec000000, 0x0000000100000000)
  eden space 10240K, 0% used [0x00000000eab00000,0x00000000eab00000,0x00000000eb500000)
  from space 2560K, 99% used [0x00000000eb500000,0x00000000eb77ab78,0x00000000eb780000)
  to   space 5120K, 0% used [0x00000000ebb00000,0x00000000ebb00000,0x00000000ec000000)
 ParOldGen       total 216064K, used 195653K [0x00000000c0000000, 0x00000000cd300000, 0x00000000eab00000)
  object space 216064K, 90% used [0x00000000c0000000,0x00000000cbf11740,0x00000000cd300000)
 Metaspace       used 55325K, committed 56192K, reserved 1105920K
  class space    used 5977K, committed 6336K, reserved 1048576K
}
Event: 18.016 GC heap before
{Heap before GC invocations=118 (full 9):
 PSYoungGen      total 12800K, used 12778K [0x00000000eab00000, 0x00000000ec000000, 0x0000000100000000)
  eden space 10240K, 100% used [0x00000000eab00000,0x00000000eb500000,0x00000000eb500000)
  from space 2560K, 99% used [0x00000000eb500000,0x00000000eb77ab78,0x00000000eb780000)
  to   space 5120K, 0% used [0x00000000ebb00000,0x00000000ebb00000,0x00000000ec000000)
 ParOldGen       total 216064K, used 195653K [0x00000000c0000000, 0x00000000cd300000, 0x00000000eab00000)
  object space 216064K, 90% used [0x00000000c0000000,0x00000000cbf11740,0x00000000cd300000)
 Metaspace       used 55325K, committed 56192K, reserved 1105920K
  class space    used 5977K, committed 6336K, reserved 1048576K
}
Event: 18.018 GC heap after
{Heap after GC invocations=118 (full 9):
 PSYoungGen      total 13824K, used 2303K [0x00000000eab00000, 0x00000000ebd80000, 0x0000000100000000)
  eden space 11264K, 0% used [0x00000000eab00000,0x00000000eab00000,0x00000000eb600000)
  from space 2560K, 89% used [0x00000000ebb00000,0x00000000ebd3fed8,0x00000000ebd80000)
  to   space 3072K, 0% used [0x00000000eb780000,0x00000000eb780000,0x00000000eba80000)
 ParOldGen       total 216064K, used 198187K [0x00000000c0000000, 0x00000000cd300000, 0x00000000eab00000)
  object space 216064K, 91% used [0x00000000c0000000,0x00000000cc18adb8,0x00000000cd300000)
 Metaspace       used 55325K, committed 56192K, reserved 1105920K
  class space    used 5977K, committed 6336K, reserved 1048576K
}
Event: 18.046 GC heap before
{Heap before GC invocations=119 (full 9):
 PSYoungGen      total 13824K, used 13567K [0x00000000eab00000, 0x00000000ebd80000, 0x0000000100000000)
  eden space 11264K, 100% used [0x00000000eab00000,0x00000000eb600000,0x00000000eb600000)
  from space 2560K, 89% used [0x00000000ebb00000,0x00000000ebd3fed8,0x00000000ebd80000)
  to   space 3072K, 0% used [0x00000000eb780000,0x00000000eb780000,0x00000000eba80000)
 ParOldGen       total 216064K, used 198187K [0x00000000c0000000, 0x00000000cd300000, 0x00000000eab00000)
  object space 216064K, 91% used [0x00000000c0000000,0x00000000cc18adb8,0x00000000cd300000)
 Metaspace       used 55325K, committed 56192K, reserved 1105920K
  class space    used 5977K, committed 6336K, reserved 1048576K
}
Event: 18.048 GC heap after
{Heap after GC invocations=119 (full 9):
 PSYoungGen      total 15872K, used 3063K [0x00000000eab00000, 0x00000000ec280000, 0x0000000100000000)
  eden space 12800K, 0% used [0x00000000eab00000,0x00000000eab00000,0x00000000eb780000)
  from space 3072K, 99% used [0x00000000eb780000,0x00000000eba7dc80,0x00000000eba80000)
  to   space 5632K, 0% used [0x00000000ebd00000,0x00000000ebd00000,0x00000000ec280000)
 ParOldGen       total 216064K, used 199972K [0x00000000c0000000, 0x00000000cd300000, 0x00000000eab00000)
  object space 216064K, 92% used [0x00000000c0000000,0x00000000cc349188,0x00000000cd300000)
 Metaspace       used 55325K, committed 56192K, reserved 1105920K
  class space    used 5977K, committed 6336K, reserved 1048576K
}
Event: 18.077 GC heap before
{Heap before GC invocations=120 (full 9):
 PSYoungGen      total 15872K, used 15863K [0x00000000eab00000, 0x00000000ec280000, 0x0000000100000000)
  eden space 12800K, 100% used [0x00000000eab00000,0x00000000eb780000,0x00000000eb780000)
  from space 3072K, 99% used [0x00000000eb780000,0x00000000eba7dc80,0x00000000eba80000)
  to   space 5632K, 0% used [0x00000000ebd00000,0x00000000ebd00000,0x00000000ec280000)
 ParOldGen       total 216064K, used 199972K [0x00000000c0000000, 0x00000000cd300000, 0x00000000eab00000)
  object space 216064K, 92% used [0x00000000c0000000,0x00000000cc349188,0x00000000cd300000)
 Metaspace       used 55325K, committed 56192K, reserved 1105920K
  class space    used 5977K, committed 6336K, reserved 1048576K
}
Event: 18.080 GC heap after
{Heap after GC invocations=120 (full 9):
 PSYoungGen      total 15872K, used 2951K [0x00000000eab00000, 0x00000000ec000000, 0x0000000100000000)
  eden space 12800K, 0% used [0x00000000eab00000,0x00000000eab00000,0x00000000eb780000)
  from space 3072K, 96% used [0x00000000ebd00000,0x00000000ebfe1c38,0x00000000ec000000)
  to   space 4096K, 0% used [0x00000000eb800000,0x00000000eb800000,0x00000000ebc00000)
 ParOldGen       total 216064K, used 203039K [0x00000000c0000000, 0x00000000cd300000, 0x00000000eab00000)
  object space 216064K, 93% used [0x00000000c0000000,0x00000000cc647d18,0x00000000cd300000)
 Metaspace       used 55325K, committed 56192K, reserved 1105920K
  class space    used 5977K, committed 6336K, reserved 1048576K
}
Event: 18.110 GC heap before
{Heap before GC invocations=121 (full 9):
 PSYoungGen      total 15872K, used 15751K [0x00000000eab00000, 0x00000000ec000000, 0x0000000100000000)
  eden space 12800K, 100% used [0x00000000eab00000,0x00000000eb780000,0x00000000eb780000)
  from space 3072K, 96% used [0x00000000ebd00000,0x00000000ebfe1c38,0x00000000ec000000)
  to   space 4096K, 0% used [0x00000000eb800000,0x00000000eb800000,0x00000000ebc00000)
 ParOldGen       total 216064K, used 203039K [0x00000000c0000000, 0x00000000cd300000, 0x00000000eab00000)
  object space 216064K, 93% used [0x00000000c0000000,0x00000000cc647d18,0x00000000cd300000)
 Metaspace       used 55325K, committed 56192K, reserved 1105920K
  class space    used 5977K, committed 6336K, reserved 1048576K
}
Event: 18.112 GC heap after
{Heap after GC invocations=121 (full 9):
 PSYoungGen      total 16896K, used 4094K [0x00000000eab00000, 0x00000000ec480000, 0x0000000100000000)
  eden space 12800K, 0% used [0x00000000eab00000,0x00000000eab00000,0x00000000eb780000)
  from space 4096K, 99% used [0x00000000eb800000,0x00000000ebbffae8,0x00000000ebc00000)
  to   space 6656K, 0% used [0x00000000ebe00000,0x00000000ebe00000,0x00000000ec480000)
 ParOldGen       total 216064K, used 204715K [0x00000000c0000000, 0x00000000cd300000, 0x00000000eab00000)
  object space 216064K, 94% used [0x00000000c0000000,0x00000000cc7eade8,0x00000000cd300000)
 Metaspace       used 55325K, committed 56192K, reserved 1105920K
  class space    used 5977K, committed 6336K, reserved 1048576K
}
Event: 18.136 GC heap before
{Heap before GC invocations=122 (full 9):
 PSYoungGen      total 16896K, used 16894K [0x00000000eab00000, 0x00000000ec480000, 0x0000000100000000)
  eden space 12800K, 100% used [0x00000000eab00000,0x00000000eb780000,0x00000000eb780000)
  from space 4096K, 99% used [0x00000000eb800000,0x00000000ebbffae8,0x00000000ebc00000)
  to   space 6656K, 0% used [0x00000000ebe00000,0x00000000ebe00000,0x00000000ec480000)
 ParOldGen       total 216064K, used 204715K [0x00000000c0000000, 0x00000000cd300000, 0x00000000eab00000)
  object space 216064K, 94% used [0x00000000c0000000,0x00000000cc7eade8,0x00000000cd300000)
 Metaspace       used 55325K, committed 56192K, reserved 1105920K
  class space    used 5977K, committed 6336K, reserved 1048576K
}
Event: 18.139 GC heap after
{Heap after GC invocations=122 (full 9):
 PSYoungGen      total 15872K, used 2975K [0x00000000eab00000, 0x00000000ec100000, 0x0000000100000000)
  eden space 12800K, 0% used [0x00000000eab00000,0x00000000eab00000,0x00000000eb780000)
  from space 3072K, 96% used [0x00000000ebe00000,0x00000000ec0e7c48,0x00000000ec100000)
  to   space 4096K, 0% used [0x00000000eb900000,0x00000000eb900000,0x00000000ebd00000)
 ParOldGen       total 216064K, used 208889K [0x00000000c0000000, 0x00000000cd300000, 0x00000000eab00000)
  object space 216064K, 96% used [0x00000000c0000000,0x00000000ccbfe5c8,0x00000000cd300000)
 Metaspace       used 55325K, committed 56192K, reserved 1105920K
  class space    used 5977K, committed 6336K, reserved 1048576K
}
Event: 18.166 GC heap before
{Heap before GC invocations=123 (full 9):
 PSYoungGen      total 15872K, used 15775K [0x00000000eab00000, 0x00000000ec100000, 0x0000000100000000)
  eden space 12800K, 100% used [0x00000000eab00000,0x00000000eb780000,0x00000000eb780000)
  from space 3072K, 96% used [0x00000000ebe00000,0x00000000ec0e7c48,0x00000000ec100000)
  to   space 4096K, 0% used [0x00000000eb900000,0x00000000eb900000,0x00000000ebd00000)
 ParOldGen       total 216064K, used 208889K [0x00000000c0000000, 0x00000000cd300000, 0x00000000eab00000)
  object space 216064K, 96% used [0x00000000c0000000,0x00000000ccbfe5c8,0x00000000cd300000)
 Metaspace       used 55325K, committed 56192K, reserved 1105920K
  class space    used 5977K, committed 6336K, reserved 1048576K
}
Event: 18.168 GC heap after
{Heap after GC invocations=123 (full 9):
 PSYoungGen      total 16896K, used 4083K [0x00000000eab00000, 0x00000000ec480000, 0x0000000100000000)
  eden space 12800K, 0% used [0x00000000eab00000,0x00000000eab00000,0x00000000eb780000)
  from space 4096K, 99% used [0x00000000eb900000,0x00000000ebcfcdb0,0x00000000ebd00000)
  to   space 6656K, 0% used [0x00000000ebe00000,0x00000000ebe00000,0x00000000ec480000)
 ParOldGen       total 216064K, used 210588K [0x00000000c0000000, 0x00000000cd300000, 0x00000000eab00000)
  object space 216064K, 97% used [0x00000000c0000000,0x00000000ccda7128,0x00000000cd300000)
 Metaspace       used 55325K, committed 56192K, reserved 1105920K
  class space    used 5977K, committed 6336K, reserved 1048576K
}
Event: 18.198 GC heap before
{Heap before GC invocations=124 (full 9):
 PSYoungGen      total 16896K, used 16883K [0x00000000eab00000, 0x00000000ec480000, 0x0000000100000000)
  eden space 12800K, 100% used [0x00000000eab00000,0x00000000eb780000,0x00000000eb780000)
  from space 4096K, 99% used [0x00000000eb900000,0x00000000ebcfcdb0,0x00000000ebd00000)
  to   space 6656K, 0% used [0x00000000ebe00000,0x00000000ebe00000,0x00000000ec480000)
 ParOldGen       total 216064K, used 210588K [0x00000000c0000000, 0x00000000cd300000, 0x00000000eab00000)
  object space 216064K, 97% used [0x00000000c0000000,0x00000000ccda7128,0x00000000cd300000)
 Metaspace       used 55325K, committed 56192K, reserved 1105920K
  class space    used 5977K, committed 6336K, reserved 1048576K
}
Event: 18.201 GC heap after
{Heap after GC invocations=124 (full 9):
 PSYoungGen      total 15872K, used 3033K [0x00000000eab00000, 0x00000000ec100000, 0x0000000100000000)
  eden space 12800K, 0% used [0x00000000eab00000,0x00000000eab00000,0x00000000eb780000)
  from space 3072K, 98% used [0x00000000ebe00000,0x00000000ec0f6420,0x00000000ec100000)
  to   space 4096K, 0% used [0x00000000eb900000,0x00000000eb900000,0x00000000ebd00000)
 ParOldGen       total 216064K, used 214617K [0x00000000c0000000, 0x00000000cd300000, 0x00000000eab00000)
  object space 216064K, 99% used [0x00000000c0000000,0x00000000cd1967d8,0x00000000cd300000)
 Metaspace       used 55325K, committed 56192K, reserved 1105920K
  class space    used 5977K, committed 6336K, reserved 1048576K
}
Event: 18.201 GC heap before
{Heap before GC invocations=125 (full 10):
 PSYoungGen      total 15872K, used 3033K [0x00000000eab00000, 0x00000000ec100000, 0x0000000100000000)
  eden space 12800K, 0% used [0x00000000eab00000,0x00000000eab00000,0x00000000eb780000)
  from space 3072K, 98% used [0x00000000ebe00000,0x00000000ec0f6420,0x00000000ec100000)
  to   space 4096K, 0% used [0x00000000eb900000,0x00000000eb900000,0x00000000ebd00000)
 ParOldGen       total 216064K, used 214617K [0x00000000c0000000, 0x00000000cd300000, 0x00000000eab00000)
  object space 216064K, 99% used [0x00000000c0000000,0x00000000cd1967d8,0x00000000cd300000)
 Metaspace       used 55325K, committed 56192K, reserved 1105920K
  class space    used 5977K, committed 6336K, reserved 1048576K
}
Event: 22.314 GC heap after
{Heap after GC invocations=125 (full 10):
 PSYoungGen      total 14336K, used 0K [0x00000000eab00000, 0x00000000ec080000, 0x0000000100000000)
  eden space 13824K, 0% used [0x00000000eab00000,0x00000000eab00000,0x00000000eb880000)
  from space 512K, 0% used [0x00000000eb900000,0x00000000eb900000,0x00000000eb980000)
  to   space 4096K, 0% used [0x00000000ebc80000,0x00000000ebc80000,0x00000000ec080000)
 ParOldGen       total 216064K, used 215821K [0x00000000c0000000, 0x00000000cd300000, 0x00000000eab00000)
  object space 216064K, 99% used [0x00000000c0000000,0x00000000cd2c3538,0x00000000cd300000)
 Metaspace       used 55325K, committed 56192K, reserved 1105920K
  class space    used 5977K, committed 6336K, reserved 1048576K
}
Event: 22.343 GC heap before
{Heap before GC invocations=126 (full 11):
 PSYoungGen      total 14336K, used 13824K [0x00000000eab00000, 0x00000000ec080000, 0x0000000100000000)
  eden space 13824K, 100% used [0x00000000eab00000,0x00000000eb880000,0x00000000eb880000)
  from space 512K, 0% used [0x00000000eb900000,0x00000000eb900000,0x00000000eb980000)
  to   space 4096K, 0% used [0x00000000ebc80000,0x00000000ebc80000,0x00000000ec080000)
 ParOldGen       total 216064K, used 215821K [0x00000000c0000000, 0x00000000cd300000, 0x00000000eab00000)
  object space 216064K, 99% used [0x00000000c0000000,0x00000000cd2c3538,0x00000000cd300000)
 Metaspace       used 55336K, committed 56192K, reserved 1105920K
  class space    used 5977K, committed 6336K, reserved 1048576K
}

Deoptimization events (20 events):
Event: 17.898 Thread 0x000002e3456f9310 Uncommon trap: trap_request=0xffffff45 fr.pc=0x000002e337f9d76c relative=0x000000000000692c
Event: 17.898 Thread 0x000002e3456f9310 Uncommon trap: reason=unstable_if action=reinterpret pc=0x000002e337f9d76c method=jdk.internal.org.objectweb.asm.Frame.execute(IILjdk/internal/org/objectweb/asm/Symbol;Ljdk/internal/org/objectweb/asm/SymbolTable;)V @ 1 c2
Event: 17.898 Thread 0x000002e3456f9310 DEOPT PACKING pc=0x000002e337f9d76c sp=0x000000ed805fb700
Event: 17.898 Thread 0x000002e3456f9310 DEOPT UNPACKING pc=0x000002e3302a20a3 sp=0x000000ed805fb6a8 mode 2
Event: 17.899 Thread 0x000002e3456f9310 Uncommon trap: trap_request=0xffffff45 fr.pc=0x000002e337e2c56c relative=0x00000000000000ec
Event: 17.899 Thread 0x000002e3456f9310 Uncommon trap: reason=unstable_if action=reinterpret pc=0x000002e337e2c56c method=jdk.internal.org.objectweb.asm.ByteVector.putShort(I)Ljdk/internal/org/objectweb/asm/ByteVector; @ 13 c2
Event: 17.899 Thread 0x000002e3456f9310 DEOPT PACKING pc=0x000002e337e2c56c sp=0x000000ed805fb570
Event: 17.899 Thread 0x000002e3456f9310 DEOPT UNPACKING pc=0x000002e3302a20a3 sp=0x000000ed805fb4f8 mode 2
Event: 17.905 Thread 0x000002e3456f9310 Uncommon trap: trap_request=0xffffffbe fr.pc=0x000002e33803cc04 relative=0x00000000000009e4
Event: 17.905 Thread 0x000002e3456f9310 Uncommon trap: reason=profile_predicate action=maybe_recompile pc=0x000002e33803cc04 method=java.util.regex.Pattern$CharPropertyGreedy.match(Ljava/util/regex/Matcher;ILjava/lang/CharSequence;)Z @ 15 c2
Event: 17.905 Thread 0x000002e3456f9310 DEOPT PACKING pc=0x000002e33803cc04 sp=0x000000ed805fd580
Event: 17.905 Thread 0x000002e3456f9310 DEOPT UNPACKING pc=0x000002e3302a20a3 sp=0x000000ed805fd530 mode 2
Event: 17.910 Thread 0x000002e3456f9310 Uncommon trap: trap_request=0xffffff45 fr.pc=0x000002e337d42908 relative=0x00000000000004e8
Event: 17.910 Thread 0x000002e3456f9310 Uncommon trap: reason=unstable_if action=reinterpret pc=0x000002e337d42908 method=java.lang.String.replace(CC)Ljava/lang/String; @ 2 c2
Event: 17.910 Thread 0x000002e3456f9310 DEOPT PACKING pc=0x000002e337d42908 sp=0x000000ed805fdab0
Event: 17.910 Thread 0x000002e3456f9310 DEOPT UNPACKING pc=0x000002e3302a20a3 sp=0x000000ed805fda60 mode 2
Event: 18.021 Thread 0x000002e3456f97e0 Uncommon trap: trap_request=0xffffff45 fr.pc=0x000002e3381d23e0 relative=0x000000000000b460
Event: 18.021 Thread 0x000002e3456f97e0 Uncommon trap: reason=unstable_if action=reinterpret pc=0x000002e3381d23e0 method=org.eclipse.jdt.internal.compiler.util.Util.scanTypeSignature([CI)I @ 17 c2
Event: 18.021 Thread 0x000002e3456f97e0 DEOPT PACKING pc=0x000002e3381d23e0 sp=0x000000ed808fea80
Event: 18.021 Thread 0x000002e3456f97e0 DEOPT UNPACKING pc=0x000002e3302a20a3 sp=0x000000ed808fe978 mode 2

Classes unloaded (7 events):
Event: 1.883 Thread 0x000002e32d686960 Unloading class 0x0000000100214000 'java/lang/invoke/LambdaForm$MH+0x0000000100214000'
Event: 1.883 Thread 0x000002e32d686960 Unloading class 0x0000000100213c00 'java/lang/invoke/LambdaForm$MH+0x0000000100213c00'
Event: 1.883 Thread 0x000002e32d686960 Unloading class 0x0000000100213800 'java/lang/invoke/LambdaForm$MH+0x0000000100213800'
Event: 1.883 Thread 0x000002e32d686960 Unloading class 0x0000000100213400 'java/lang/invoke/LambdaForm$MH+0x0000000100213400'
Event: 1.883 Thread 0x000002e32d686960 Unloading class 0x0000000100212c00 'java/lang/invoke/LambdaForm$BMH+0x0000000100212c00'
Event: 1.883 Thread 0x000002e32d686960 Unloading class 0x0000000100212800 'java/lang/invoke/LambdaForm$DMH+0x0000000100212800'
Event: 1.883 Thread 0x000002e32d686960 Unloading class 0x0000000100210000 'java/lang/invoke/LambdaForm$DMH+0x0000000100210000'

Classes redefined (0 events):
No events

Internal exceptions (20 events):
Event: 9.667 Thread 0x000002e3456f9310 Exception <a 'java/lang/NoSuchMethodError'{0x00000000eab268e8}: 'java.lang.Object java.lang.invoke.DirectMethodHandle$Holder.invokeStaticInit(java.lang.Object, java.lang.Object, java.lang.Object)'> (0x00000000eab268e8) 
thrown [s\src\hotspot\share\interpreter\linkResolver.cpp, line 759]
Event: 9.670 Thread 0x000002e3456f9310 Exception <a 'java/lang/NoSuchMethodError'{0x00000000eab3db20}: 'java.lang.Object java.lang.invoke.DirectMethodHandle$Holder.invokeStatic(java.lang.Object, java.lang.Object, int, java.lang.Object)'> (0x00000000eab3db20) 
thrown [s\src\hotspot\share\interpreter\linkResolver.cpp, line 759]
Event: 9.671 Thread 0x000002e3456f9310 Exception <a 'java/lang/NoSuchMethodError'{0x00000000eab44448}: 'java.lang.Object java.lang.invoke.DirectMethodHandle$Holder.newInvokeSpecial(java.lang.Object, java.lang.Object, int)'> (0x00000000eab44448) 
thrown [s\src\hotspot\share\interpreter\linkResolver.cpp, line 759]
Event: 10.278 Thread 0x000002e3456f97e0 Implicit null exception at 0x000002e33806fbac to 0x000002e33806fccc
Event: 11.472 Thread 0x000002e3456f97e0 Implicit null exception at 0x000002e33810dd6c to 0x000002e3381166d8
Event: 17.884 Thread 0x000002e3456f9310 Exception <a 'java/lang/NoSuchMethodError'{0x00000000ead8f6b8}: 'java.lang.Object java.lang.invoke.DirectMethodHandle$Holder.invokeStaticInit(java.lang.Object, java.lang.Object, java.lang.Object, java.lang.Object, java.lang.Object, java.lang.Object, java.lang.Object)'> (0x00000000ead8f6b8) 
thrown [s\src\hotspot\share\interpreter\linkResolver.cpp, line 759]
Event: 17.884 Thread 0x000002e3456f9310 Exception <a 'java/lang/NoSuchMethodError'{0x00000000eae06528}: 'java.lang.Object java.lang.invoke.DirectMethodHandle$Holder.invokeSpecial(java.lang.Object, java.lang.Object, java.lang.Object, java.lang.Object, java.lang.Object, java.lang.Object, java.lang.Object, java.lang.Object, java.lang.Object, java.lang.Object, java.lang.Object)'> (0x00000000eae06528) 
thrown [s\src\hotspot\share\interpreter\linkResolver.cpp, line 759]
Event: 17.884 Thread 0x000002e3456f9310 Exception <a 'java/lang/NoSuchMethodError'{0x00000000eae522a8}: 'java.lang.Object java.lang.invoke.Invokers$Holder.invoke_MT(java.lang.Object, java.lang.Object, java.lang.Object, java.lang.Object, java.lang.Object, java.lang.Object, java.lang.Object, java.lang.Object, java.lang.Object, java.lang.Object, java.lang.Object)'> (0x00000000eae522a8) 
thrown [s\src\hotspot\share\interpreter\linkResolver.cpp, line 759]
Event: 17.888 Thread 0x000002e3456f9310 Exception <a 'java/lang/NoSuchMethodError'{0x00000000eb091a90}: 'int java.lang.invoke.DirectMethodHandle$Holder.invokeVirtual(java.lang.Object, java.lang.Object, java.lang.Object)'> (0x00000000eb091a90) 
thrown [s\src\hotspot\share\interpreter\linkResolver.cpp, line 759]
Event: 17.888 Thread 0x000002e3456f9310 Exception <a 'java/lang/NoSuchMethodError'{0x00000000eb0dc2c0}: 'int java.lang.invoke.DirectMethodHandle$Holder.invokeVirtual(java.lang.Object, java.lang.Object)'> (0x00000000eb0dc2c0) 
thrown [s\src\hotspot\share\interpreter\linkResolver.cpp, line 759]
Event: 17.888 Thread 0x000002e3456f9310 Exception <a 'java/lang/NoSuchMethodError'{0x00000000eb0e0a20}: 'int java.lang.invoke.DirectMethodHandle$Holder.invokeStaticInit(java.lang.Object, int, int)'> (0x00000000eb0e0a20) 
thrown [s\src\hotspot\share\interpreter\linkResolver.cpp, line 759]
Event: 17.889 Thread 0x000002e3456f9310 Exception <a 'java/lang/NoSuchMethodError'{0x00000000eb1527e8}: 'int java.lang.invoke.DirectMethodHandle$Holder.invokeStaticInit(java.lang.Object, long, long)'> (0x00000000eb1527e8) 
thrown [s\src\hotspot\share\interpreter\linkResolver.cpp, line 759]
Event: 17.889 Thread 0x000002e3456f9310 Exception <a 'java/lang/NoSuchMethodError'{0x00000000eb1a05a8}: 'int java.lang.invoke.DirectMethodHandle$Holder.invokeStaticInit(java.lang.Object, float, float)'> (0x00000000eb1a05a8) 
thrown [s\src\hotspot\share\interpreter\linkResolver.cpp, line 759]
Event: 17.890 Thread 0x000002e3456f9310 Exception <a 'java/lang/NoSuchMethodError'{0x00000000eb1cafb0}: 'int java.lang.invoke.DirectMethodHandle$Holder.invokeStaticInit(java.lang.Object, double, double)'> (0x00000000eb1cafb0) 
thrown [s\src\hotspot\share\interpreter\linkResolver.cpp, line 759]
Event: 17.892 Thread 0x000002e3456f9310 Exception <a 'java/lang/NoSuchMethodError'{0x00000000eab00968}: 'int java.lang.invoke.DirectMethodHandle$Holder.invokeStatic(java.lang.Object, long)'> (0x00000000eab00968) 
thrown [s\src\hotspot\share\interpreter\linkResolver.cpp, line 759]
Event: 17.893 Thread 0x000002e3456f9310 Exception <a 'java/lang/NoSuchMethodError'{0x00000000eabfc6f8}: 'int java.lang.invoke.DirectMethodHandle$Holder.invokeSpecial(java.lang.Object, java.lang.Object, int, int)'> (0x00000000eabfc6f8) 
thrown [s\src\hotspot\share\interpreter\linkResolver.cpp, line 759]
Event: 17.894 Thread 0x000002e3456f9310 Exception <a 'java/lang/NoSuchMethodError'{0x00000000eac56a18}: 'int java.lang.invoke.Invokers$Holder.linkToTargetMethod(java.lang.Object, java.lang.Object)'> (0x00000000eac56a18) 
thrown [s\src\hotspot\share\interpreter\linkResolver.cpp, line 759]
Event: 17.895 Thread 0x000002e3456f9310 Exception <a 'java/lang/NoSuchMethodError'{0x00000000eacf7bf0}: 'int java.lang.invoke.DirectMethodHandle$Holder.invokeSpecial(java.lang.Object, java.lang.Object, java.lang.Object, java.lang.Object)'> (0x00000000eacf7bf0) 
thrown [s\src\hotspot\share\interpreter\linkResolver.cpp, line 759]
Event: 17.897 Thread 0x000002e3456f9310 Exception <a 'java/lang/NoSuchMethodError'{0x00000000ead68430}: 'java.lang.Object java.lang.invoke.DelegatingMethodHandle$Holder.delegate(java.lang.Object, int, java.lang.Object, java.lang.Object)'> (0x00000000ead68430) 
thrown [s\src\hotspot\share\interpreter\linkResolver.cpp, line 759]
Event: 17.900 Thread 0x000002e3456f9310 Exception <a 'java/lang/NoSuchMethodError'{0x00000000eae38dd0}: 'int java.lang.invoke.Invokers$Holder.linkToTargetMethod(java.lang.Object, java.lang.Object, java.lang.Object)'> (0x00000000eae38dd0) 
thrown [s\src\hotspot\share\interpreter\linkResolver.cpp, line 759]

VM Operations (20 events):
Event: 17.950 Executing VM operation: ParallelGCFailedAllocation done
Event: 17.969 Executing VM operation: ParallelGCFailedAllocation
Event: 17.971 Executing VM operation: ParallelGCFailedAllocation done
Event: 17.994 Executing VM operation: ParallelGCFailedAllocation
Event: 17.996 Executing VM operation: ParallelGCFailedAllocation done
Event: 18.015 Executing VM operation: ParallelGCFailedAllocation
Event: 18.018 Executing VM operation: ParallelGCFailedAllocation done
Event: 18.046 Executing VM operation: ParallelGCFailedAllocation
Event: 18.048 Executing VM operation: ParallelGCFailedAllocation done
Event: 18.077 Executing VM operation: ParallelGCFailedAllocation
Event: 18.080 Executing VM operation: ParallelGCFailedAllocation done
Event: 18.110 Executing VM operation: ParallelGCFailedAllocation
Event: 18.112 Executing VM operation: ParallelGCFailedAllocation done
Event: 18.136 Executing VM operation: ParallelGCFailedAllocation
Event: 18.139 Executing VM operation: ParallelGCFailedAllocation done
Event: 18.166 Executing VM operation: ParallelGCFailedAllocation
Event: 18.168 Executing VM operation: ParallelGCFailedAllocation done
Event: 18.198 Executing VM operation: ParallelGCFailedAllocation
Event: 22.314 Executing VM operation: ParallelGCFailedAllocation done
Event: 22.343 Executing VM operation: ParallelGCFailedAllocation

Events (20 events):
Event: 17.910 Thread 0x000002e342d31570 flushing nmethod 0x000002e3313fed90
Event: 17.910 Thread 0x000002e342d31570 flushing nmethod 0x000002e331404c90
Event: 17.910 Thread 0x000002e342d31570 flushing nmethod 0x000002e331407190
Event: 17.910 Thread 0x000002e342d31570 flushing nmethod 0x000002e331409f90
Event: 17.910 Thread 0x000002e342d31570 flushing nmethod 0x000002e33140ec90
Event: 17.910 Thread 0x000002e342d31570 flushing nmethod 0x000002e331418410
Event: 17.910 Thread 0x000002e342d31570 flushing nmethod 0x000002e33141c190
Event: 17.910 Thread 0x000002e342d31570 flushing nmethod 0x000002e33141ee90
Event: 17.910 Thread 0x000002e342d31570 flushing nmethod 0x000002e331421290
Event: 17.910 Thread 0x000002e342d31570 flushing nmethod 0x000002e331425490
Event: 17.910 Thread 0x000002e342d31570 flushing nmethod 0x000002e33143da10
Event: 17.910 Thread 0x000002e342d31570 flushing nmethod 0x000002e331440190
Event: 17.910 Thread 0x000002e342d31570 flushing nmethod 0x000002e331442c10
Event: 17.910 Thread 0x000002e342d31570 flushing nmethod 0x000002e331445d10
Event: 17.910 Thread 0x000002e342d31570 flushing nmethod 0x000002e331452990
Event: 17.910 Thread 0x000002e342d31570 flushing nmethod 0x000002e331455610
Event: 17.910 Thread 0x000002e342d31570 flushing nmethod 0x000002e331468d10
Event: 17.911 Thread 0x000002e342d31570 flushing nmethod 0x000002e331473b90
Event: 17.911 Thread 0x000002e342d31570 flushing nmethod 0x000002e33147fe90
Event: 22.314 Thread 0x000002e347c3f570 Thread exited: 0x000002e347c3f570


Dynamic libraries:
0x00007ff7587c0000 - 0x00007ff7587ce000 	c:\Users\Ayush\.antigravity\extensions\redhat.java-1.12.0-win32-x64\jre\17.0.4.1-win32-x86_64\bin\java.exe
0x00007ffd0ba20000 - 0x00007ffd0bc88000 	C:\WINDOWS\SYSTEM32\ntdll.dll
0x00007ffd0a5e0000 - 0x00007ffd0a6a9000 	C:\WINDOWS\System32\KERNEL32.DLL
0x00007ffd09060000 - 0x00007ffd09458000 	C:\WINDOWS\System32\KERNELBASE.dll
0x00007ffd05700000 - 0x00007ffd0579f000 	C:\WINDOWS\SYSTEM32\apphelp.dll
0x00007ffd09670000 - 0x00007ffd097bb000 	C:\WINDOWS\System32\ucrtbase.dll
0x00007ffd008c0000 - 0x00007ffd008d8000 	c:\Users\Ayush\.antigravity\extensions\redhat.java-1.12.0-win32-x64\jre\17.0.4.1-win32-x86_64\bin\jli.dll
0x00007ffd008a0000 - 0x00007ffd008b9000 	c:\Users\Ayush\.antigravity\extensions\redhat.java-1.12.0-win32-x64\jre\17.0.4.1-win32-x86_64\bin\VCRUNTIME140.dll
0x00007ffd0b080000 - 0x00007ffd0b247000 	C:\WINDOWS\System32\USER32.dll
0x00007ffcf0de0000 - 0x00007ffcf1074000 	C:\WINDOWS\WinSxS\amd64_microsoft.windows.common-controls_6595b64144ccf1df_6.0.26100.7019_none_3e06ffa0e335b8a8\COMCTL32.dll
0x00007ffd09640000 - 0x00007ffd09667000 	C:\WINDOWS\System32\win32u.dll
0x00007ffd0a410000 - 0x00007ffd0a4b9000 	C:\WINDOWS\System32\msvcrt.dll
0x00007ffd09b60000 - 0x00007ffd09b8b000 	C:\WINDOWS\System32\GDI32.dll
0x00007ffd09460000 - 0x00007ffd0958c000 	C:\WINDOWS\System32\gdi32full.dll
0x00007ffd09590000 - 0x00007ffd09633000 	C:\WINDOWS\System32\msvcp_win.dll
0x00007ffd0a4c0000 - 0x00007ffd0a4f1000 	C:\WINDOWS\System32\IMM32.DLL
0x00007ffd05670000 - 0x00007ffd0567c000 	c:\Users\Ayush\.antigravity\extensions\redhat.java-1.12.0-win32-x64\jre\17.0.4.1-win32-x86_64\bin\vcruntime140_1.dll
0x00007ffce8960000 - 0x00007ffce89f1000 	c:\Users\Ayush\.antigravity\extensions\redhat.java-1.12.0-win32-x64\jre\17.0.4.1-win32-x86_64\bin\msvcp140.dll
0x00007ffc892d0000 - 0x00007ffc89f16000 	c:\Users\Ayush\.antigravity\extensions\redhat.java-1.12.0-win32-x64\jre\17.0.4.1-win32-x86_64\bin\server\jvm.dll
0x00007ffd0b540000 - 0x00007ffd0b5f4000 	C:\WINDOWS\System32\ADVAPI32.dll
0x00007ffd0a2b0000 - 0x00007ffd0a356000 	C:\WINDOWS\System32\sechost.dll
0x00007ffd0b8c0000 - 0x00007ffd0b9d8000 	C:\WINDOWS\System32\RPCRT4.dll
0x00007ffd0aee0000 - 0x00007ffd0aee8000 	C:\WINDOWS\System32\PSAPI.DLL
0x00007ffcf0060000 - 0x00007ffcf006a000 	C:\WINDOWS\SYSTEM32\WSOCK32.dll
0x00007ffcf4510000 - 0x00007ffcf4545000 	C:\WINDOWS\SYSTEM32\WINMM.dll
0x00007ffd0a360000 - 0x00007ffd0a3d4000 	C:\WINDOWS\System32\WS2_32.dll
0x00007ffcfbc30000 - 0x00007ffcfbc3b000 	C:\WINDOWS\SYSTEM32\VERSION.dll
0x00007ffd07930000 - 0x00007ffd0794b000 	C:\WINDOWS\SYSTEM32\kernel.appcore.dll
0x00007ffd036c0000 - 0x00007ffd036ca000 	c:\Users\Ayush\.antigravity\extensions\redhat.java-1.12.0-win32-x64\jre\17.0.4.1-win32-x86_64\bin\jimage.dll
0x00007ffd06070000 - 0x00007ffd062b2000 	C:\WINDOWS\SYSTEM32\DBGHELP.DLL
0x00007ffd097c0000 - 0x00007ffd09b4b000 	C:\WINDOWS\System32\combase.dll
0x00007ffd0a500000 - 0x00007ffd0a5d7000 	C:\WINDOWS\System32\OLEAUT32.dll
0x00007ffce1370000 - 0x00007ffce13ac000 	C:\WINDOWS\SYSTEM32\dbgcore.DLL
0x00007ffd08fb0000 - 0x00007ffd09055000 	C:\WINDOWS\System32\bcryptPrimitives.dll
0x00007ffd01d20000 - 0x00007ffd01d2e000 	c:\Users\Ayush\.antigravity\extensions\redhat.java-1.12.0-win32-x64\jre\17.0.4.1-win32-x86_64\bin\instrument.dll
0x00007ffcfdda0000 - 0x00007ffcfddc5000 	c:\Users\Ayush\.antigravity\extensions\redhat.java-1.12.0-win32-x64\jre\17.0.4.1-win32-x86_64\bin\java.dll
0x00007ffcf9040000 - 0x00007ffcf9058000 	c:\Users\Ayush\.antigravity\extensions\redhat.java-1.12.0-win32-x64\jre\17.0.4.1-win32-x86_64\bin\zip.dll
0x00007ffd0a6b0000 - 0x00007ffd0adff000 	C:\WINDOWS\System32\SHELL32.dll
0x00007ffd08b70000 - 0x00007ffd08cdb000 	C:\WINDOWS\System32\wintypes.dll
0x00007ffd06640000 - 0x00007ffd06e9d000 	C:\WINDOWS\SYSTEM32\windows.storage.dll
0x00007ffd0b7c0000 - 0x00007ffd0b8b2000 	C:\WINDOWS\System32\SHCORE.dll
0x00007ffd0b450000 - 0x00007ffd0b4b7000 	C:\WINDOWS\System32\shlwapi.dll
0x00007ffd08a90000 - 0x00007ffd08ab9000 	C:\WINDOWS\SYSTEM32\profapi.dll
0x00007ffd022f0000 - 0x00007ffd02309000 	C:\Users\Ayush\.antigravity\extensions\redhat.java-1.12.0-win32-x64\jre\17.0.4.1-win32-x86_64\bin\net.dll
0x00007ffcffe70000 - 0x00007ffcfff98000 	C:\WINDOWS\SYSTEM32\WINHTTP.dll
0x00007ffd07ea0000 - 0x00007ffd07f0b000 	C:\WINDOWS\system32\mswsock.dll
0x00007ffd01ba0000 - 0x00007ffd01bb5000 	C:\Users\Ayush\.antigravity\extensions\redhat.java-1.12.0-win32-x64\jre\17.0.4.1-win32-x86_64\bin\nio.dll
0x00007ffd01c80000 - 0x00007ffd01c90000 	c:\Users\Ayush\.antigravity\extensions\redhat.java-1.12.0-win32-x64\jre\17.0.4.1-win32-x86_64\bin\verify.dll
0x00007ffcef0e0000 - 0x00007ffcef11e000 	C:\Users\Ayush\AppData\Roaming\Antigravity\User\globalStorage\redhat.java\1.12.0\config_win\org.eclipse.equinox.launcher\org.eclipse.equinox.launcher.win32.win32.x86_64_1.2.600.v20220720-1916\eclipse_11700.dll
0x00007ffd09c20000 - 0x00007ffd09db7000 	C:\WINDOWS\System32\ole32.dll
0x00007ffd01c20000 - 0x00007ffd01c29000 	C:\Users\Ayush\.antigravity\extensions\redhat.java-1.12.0-win32-x64\jre\17.0.4.1-win32-x86_64\bin\management.dll
0x00007ffd01b30000 - 0x00007ffd01b3b000 	C:\Users\Ayush\.antigravity\extensions\redhat.java-1.12.0-win32-x64\jre\17.0.4.1-win32-x86_64\bin\management_ext.dll
0x00007ffd08160000 - 0x00007ffd0817b000 	C:\WINDOWS\SYSTEM32\CRYPTSP.dll
0x00007ffd07890000 - 0x00007ffd078ca000 	C:\WINDOWS\system32\rsaenh.dll
0x00007ffd07f50000 - 0x00007ffd07f7b000 	C:\WINDOWS\SYSTEM32\USERENV.dll
0x00007ffd08a60000 - 0x00007ffd08a8a000 	C:\WINDOWS\SYSTEM32\bcrypt.dll
0x00007ffd08180000 - 0x00007ffd0818c000 	C:\WINDOWS\SYSTEM32\CRYPTBASE.dll
0x00007ffd07380000 - 0x00007ffd073b4000 	C:\WINDOWS\SYSTEM32\IPHLPAPI.DLL
0x00007ffd09b50000 - 0x00007ffd09b5a000 	C:\WINDOWS\System32\NSI.dll
0x00007ffd001a0000 - 0x00007ffd001be000 	C:\WINDOWS\SYSTEM32\dhcpcsvc6.DLL
0x00007ffcfeab0000 - 0x00007ffcfead3000 	C:\WINDOWS\SYSTEM32\dhcpcsvc.DLL
0x00007ffd07420000 - 0x00007ffd0754c000 	C:\WINDOWS\SYSTEM32\DNSAPI.dll
0x00007ffcef0a0000 - 0x00007ffcef0e0000 	C:\Users\Ayush\AppData\Local\Temp\jna-63749682\jna16060309808195113800.dll
0x00007ffd01570000 - 0x00007ffd0157e000 	C:\Users\Ayush\.antigravity\extensions\redhat.java-1.12.0-win32-x64\jre\17.0.4.1-win32-x86_64\bin\sunmscapi.dll
0x00007ffd08e30000 - 0x00007ffd08fa7000 	C:\WINDOWS\System32\CRYPT32.dll
0x00007ffd08380000 - 0x00007ffd083b0000 	C:\WINDOWS\SYSTEM32\ncrypt.dll
0x00007ffd08330000 - 0x00007ffd0836f000 	C:\WINDOWS\SYSTEM32\NTASN1.dll
0x00007ffcf6750000 - 0x00007ffcf675b000 	C:\Windows\System32\rasadhlp.dll
0x00007ffcfac70000 - 0x00007ffcfacf6000 	C:\WINDOWS\System32\fwpuclnt.dll

dbghelp: loaded successfully - version: 4.0.5 - missing functions: none
symbol engine: initialized successfully - sym options: 0x614 - pdb path: .;c:\Users\Ayush\.antigravity\extensions\redhat.java-1.12.0-win32-x64\jre\17.0.4.1-win32-x86_64\bin;C:\WINDOWS\SYSTEM32;C:\WINDOWS\WinSxS\amd64_microsoft.windows.common-controls_6595b64144ccf1df_6.0.26100.7019_none_3e06ffa0e335b8a8;c:\Users\Ayush\.antigravity\extensions\redhat.java-1.12.0-win32-x64\jre\17.0.4.1-win32-x86_64\bin\server;C:\Users\Ayush\AppData\Roaming\Antigravity\User\globalStorage\redhat.java\1.12.0\config_win\org.eclipse.equinox.launcher\org.eclipse.equinox.launcher.win32.win32.x86_64_1.2.600.v20220720-1916;C:\Users\Ayush\AppData\Local\Temp\jna-63749682

VM Arguments:
jvm_args: --add-modules=ALL-SYSTEM --add-opens=java.base/java.util=ALL-UNNAMED --add-opens=java.base/java.lang=ALL-UNNAMED --add-opens=java.base/sun.nio.fs=ALL-UNNAMED -Declipse.application=org.eclipse.jdt.ls.core.id1 -Dosgi.bundles.defaultStartLevel=4 -Declipse.product=org.eclipse.jdt.ls.core.product -Djava.import.generatesMetadataFilesAtProjectRoot=false -Dfile.encoding=utf8 -XX:+UseParallelGC -XX:GCTimeRatio=4 -XX:AdaptiveSizePolicyWeight=90 -Dsun.zip.disableMemoryMapping=true -Xmx1G -Xms100m -Xlog:disable -javaagent:c:\Users\Ayush\.antigravity\extensions\redhat.java-1.12.0-win32-x64\lombok\lombok-1.18.24.jar -XX:+HeapDumpOnOutOfMemoryError -XX:HeapDumpPath=c:\Users\Ayush\AppData\Roaming\Antigravity\User\workspaceStorage\3f7b54dcdad3fca262c77b1c4bfa23a2\redhat.java 
java_command: c:\Users\Ayush\.antigravity\extensions\redhat.java-1.12.0-win32-x64\server\plugins\org.eclipse.equinox.launcher_1.6.400.v20210924-0641.jar -configuration c:\Users\Ayush\AppData\Roaming\Antigravity\User\globalStorage\redhat.java\1.12.0\config_win -data c:\Users\Ayush\AppData\Roaming\Antigravity\User\workspaceStorage\3f7b54dcdad3fca262c77b1c4bfa23a2\redhat.java\jdt_ws
java_class_path (initial): c:\Users\Ayush\.antigravity\extensions\redhat.java-1.12.0-win32-x64\server\plugins\org.eclipse.equinox.launcher_1.6.400.v20210924-0641.jar
Launcher Type: SUN_STANDARD

[Global flags]
    uintx AdaptiveSizePolicyWeight                 = 90                                        {product} {command line}
     intx CICompilerCount                          = 4                                         {product} {ergonomic}
    uintx GCTimeRatio                              = 4                                         {product} {command line}
     bool HeapDumpOnOutOfMemoryError               = true                                   {manageable} {command line}
    ccstr HeapDumpPath                             = c:\Users\Ayush\AppData\Roaming\Antigravity\User\workspaceStorage\3f7b54dcdad3fca262c77b1c4bfa23a2\redhat.java         {manageable} {command line}
   size_t InitialHeapSize                          = 104857600                                 {product} {command line}
   size_t MaxHeapSize                              = 1073741824                                {product} {command line}
   size_t MaxNewSize                               = 357564416                                 {product} {ergonomic}
   size_t MinHeapDeltaBytes                        = 524288                                    {product} {ergonomic}
   size_t MinHeapSize                              = 104857600                                 {product} {command line}
   size_t NewSize                                  = 34603008                                  {product} {ergonomic}
    uintx NonNMethodCodeHeapSize                   = 5839372                                {pd product} {ergonomic}
    uintx NonProfiledCodeHeapSize                  = 122909434                              {pd product} {ergonomic}
   size_t OldSize                                  = 70254592                                  {product} {ergonomic}
    uintx ProfiledCodeHeapSize                     = 122909434                              {pd product} {ergonomic}
    uintx ReservedCodeCacheSize                    = 251658240                              {pd product} {ergonomic}
     bool SegmentedCodeCache                       = true                                      {product} {ergonomic}
   size_t SoftMaxHeapSize                          = 1073741824                             {manageable} {ergonomic}
     bool UseCompressedClassPointers               = true                           {product lp64_product} {ergonomic}
     bool UseCompressedOops                        = true                           {product lp64_product} {ergonomic}
     bool UseLargePagesIndividualAllocation        = false                                  {pd product} {ergonomic}
     bool UseParallelGC                            = true                                      {product} {command line}

Logging:
Log output configuration:
 #0: stdout all=off uptime,level,tags
 #1: stderr all=off uptime,level,tags

Environment Variables:
JAVA_HOME=C:\Program Files\Java\jdk-24
PATH=C:\Program Files\Common Files\Oracle\Java\javapath;C:\Windows\system32;C:\Windows;C:\Windows\System32\Wbem;C:\Windows\System32\WindowsPowerShell\v1.0\;C:\Windows\System32\OpenSSH\;C:\WINDOWS\system32;C:\WINDOWS;C:\WINDOWS\System32\Wbem;C:\WINDOWS\System32\WindowsPowerShell\v1.0\;C:\WINDOWS\System32\OpenSSH\;C:\MinGW\bin;C:\Users\Ayush\Downloads\opencv\build\x64\vc16\bin;C:\Program Files\CMake;C:\Users\Ayush\Downloads\opencv\build\x64\vc16\lib;C:\Program Files\Java\jdk-23\bin;C:\Program Files\Java\jdk-24\bin;C:\Program Files (x86)\NVIDIA Corporation\PhysX\Common;C:\Program Files\Common Files\Autodesk Shared\;C:\Program Files\MySQL\MySQL Server 8.0\bin;C:\Program Files\Git\cmd;C:\Program Files\nodejs\;C:\Program Files\NVIDIA Corporation\NVIDIA App\NvDLISR;C:\Program Files\MySQL\MySQL Shell 8.0\bin\;C:\Users\Ayush\AppData\Local\Programs\Python\Python313\Scripts\;C:\Users\Ayush\AppData\Local\Programs\Python\Python313\;C:\Users\Ayush\AppData\Local\Microsoft\WindowsApps;C:\MinGW\bin;C:\Users\Ayush\Downloads\opencv\build\x64\vc16\bin;C:\Program Files\CMake;C:\Users\Ayush\Downloads\opencv\build\x64\vc16\lib;C:\Program Files\CMake\bin;C:\Program Files\Java\jdk-23\bin;C:\Program Files\JetBrains\PyCharm 2024.3.5\bin;;C:\Program Files\JetBrains\PyCharm Community Edition 2023.3.3\bin;;D:\JAVA ITELLi\IntelliJ IDEA Community Edition 2025.2\bin;C:\Users\Ayush\AppData\Local\GitHubDesktop\bin;C:\Users\Ayush\AppData\Roaming\npm;C:\Users\Ayush\AppData\Local\Programs\Microsoft VS Code\bin;C:\Users\Ayush\AppData\Local\Programs\Antigravity\bin
USERNAME=Ayush
OS=Windows_NT
PROCESSOR_IDENTIFIER=Intel64 Family 6 Model 158 Stepping 10, GenuineIntel
TMP=C:\Users\Ayush\AppData\Local\Temp
TEMP=C:\Users\Ayush\AppData\Local\Temp



---------------  S Y S T E M  ---------------

OS:
 Windows 11 , 64 bit Build 26100 (10.0.26100.7019)
OS uptime: 0 days 1:09 hours

CPU: total 8 (initial active 8) (4 cores per cpu, 2 threads per core) family 6 model 158 stepping 10 microcode 0xec, cx8, cmov, fxsr, ht, mmx, 3dnowpref, sse, sse2, sse3, ssse3, sse4.1, sse4.2, popcnt, lzcnt, tsc, tscinvbit, avx, avx2, aes, erms, clmul, bmi1, bmi2, adx, fma, vzeroupper, clflush, clflushopt

Memory: 4k page, system-wide physical 8044M (1059M free)
TotalPageFile size 12140M (AvailPageFile size 1M)
current process WorkingSet (physical memory assigned to process): 483M, peak: 499M
current process commit charge ("private bytes"): 429M, peak: 921M

vm_info: OpenJDK 64-Bit Server VM (17.0.4.1+1) for windows-amd64 JRE (17.0.4.1+1), built on Aug 17 2022 07:42:43 by "temurin" with MS VC++ 16.7 (VS2019)

END.
