#
# There is insufficient memory for the Java Runtime Environment to continue.
# Native memory allocation (malloc) failed to allocate 1166416 bytes for Chunk::new
# Possible reasons:
#   The system is out of physical RAM or swap space
#   The process is running with CompressedOops enabled, and the Java Heap may be blocking the growth of the native heap
# Possible solutions:
#   Reduce memory load on the system
#   Increase physical memory or swap space
#   Check if swap backing store is full
#   Decrease Java heap size (-Xmx/-Xms)
#   Decrease number of Java threads
#   Decrease Java thread stack sizes (-Xss)
#   Set larger code cache with -XX:ReservedCodeCacheSize=
#   JVM is running with Unscaled Compressed Oops mode in which the Java heap is
#     placed in the first 4GB address space. The Java Heap base address is the
#     maximum limit for the native heap growth. Please use -XX:HeapBaseMinAddress
#     to set the Java Heap base and to place the Java Heap above 4GB virtual address.
# This output file may be truncated or incomplete.
#
#  Out of Memory Error (arena.cpp:189), pid=6928, tid=17068
#
# JRE version: OpenJDK Runtime Environment Temurin-17.0.4.1+1 (17.0.4.1+1) (build 17.0.4.1+1)
# Java VM: OpenJDK 64-Bit Server VM Temurin-17.0.4.1+1 (17.0.4.1+1, mixed mode, tiered, compressed oops, compressed class ptrs, parallel gc, windows-amd64)
# No core dump will be written. Minidumps are not enabled by default on client versions of Windows
#

---------------  S U M M A R Y ------------

Command Line: --add-modules=ALL-SYSTEM --add-opens=java.base/java.util=ALL-UNNAMED --add-opens=java.base/java.lang=ALL-UNNAMED --add-opens=java.base/sun.nio.fs=ALL-UNNAMED -Declipse.application=org.eclipse.jdt.ls.core.id1 -Dosgi.bundles.defaultStartLevel=4 -Declipse.product=org.eclipse.jdt.ls.core.product -Djava.import.generatesMetadataFilesAtProjectRoot=false -Dfile.encoding=utf8 -XX:+UseParallelGC -XX:GCTimeRatio=4 -XX:AdaptiveSizePolicyWeight=90 -Dsun.zip.disableMemoryMapping=true -Xmx1G -Xms100m -Xlog:disable -javaagent:c:\Users\Ayush\.antigravity\extensions\redhat.java-1.12.0-win32-x64\lombok\lombok-1.18.24.jar -XX:+HeapDumpOnOutOfMemoryError -XX:HeapDumpPath=c:\Users\Ayush\AppData\Roaming\Antigravity\User\workspaceStorage\3f7b54dcdad3fca262c77b1c4bfa23a2\redhat.java c:\Users\Ayush\.antigravity\extensions\redhat.java-1.12.0-win32-x64\server\plugins\org.eclipse.equinox.launcher_1.6.400.v20210924-0641.jar -configuration c:\Users\Ayush\AppData\Roaming\Antigravity\User\globalStorage\redhat.java\1.12.0\config_win -data c:\Users\Ayush\AppData\Roaming\Antigravity\User\workspaceStorage\3f7b54dcdad3fca262c77b1c4bfa23a2\redhat.java\jdt_ws

Host: Intel(R) Core(TM) i5-8300H CPU @ 2.30GHz, 8 cores, 7G,  Windows 11 , 64 bit Build 26100 (10.0.26100.7019)
Time: Wed Mar 25 22:36:58 2026 India Standard Time elapsed time: 11.732361 seconds (0d 0h 0m 11s)

---------------  T H R E A D  ---------------

Current thread (0x0000014231861d60):  JavaThread "C2 CompilerThread1" daemon [_thread_in_native, id=17068, stack(0x00000031f4b00000,0x00000031f4c00000)]


Current CompileTask:
C2:  11732 1910       4       org.apache.felix.resolver.ResolverImpl::mergeUses (495 bytes)

Stack: [0x00000031f4b00000,0x00000031f4c00000]
Native frames: (J=compiled Java code, j=interpreted, Vv=VM code, C=native code)
V  [jvm.dll+0x67731a]
V  [jvm.dll+0x832284]
V  [jvm.dll+0x833a2e]
V  [jvm.dll+0x834093]
V  [jvm.dll+0x245775]
V  [jvm.dll+0xabd7b]
V  [jvm.dll+0xac30c]
V  [jvm.dll+0x2ac80f]
V  [jvm.dll+0x57dd77]
V  [jvm.dll+0x220892]
V  [jvm.dll+0x220c6f]
V  [jvm.dll+0x21a4d5]
V  [jvm.dll+0x21799b]
V  [jvm.dll+0x1a3f8d]
V  [jvm.dll+0x227498]
V  [jvm.dll+0x2255e5]
V  [jvm.dll+0x7e7e9b]
V  [jvm.dll+0x7e240a]
V  [jvm.dll+0x6761a5]
C  [ucrtbase.dll+0x37b0]
C  [KERNEL32.DLL+0x2e8d7]
C  [ntdll.dll+0x8c53c]


---------------  P R O C E S S  ---------------

Threads class SMR info:
_java_thread_list=0x0000014232f99790, length=27, elements={
0x0000014218f46a50, 0x0000014218ff7f30, 0x000001422ed907b0, 0x0000014218ffcda0,
0x0000014218ffd660, 0x0000014218ffea90, 0x0000014230645f90, 0x0000014230661700,
0x0000014230662000, 0x0000014230662900, 0x0000014218faebf0, 0x000001423094d180,
0x0000014231861d60, 0x0000014231c560a0, 0x00000142309dd000, 0x0000014231dfc460,
0x0000014231dfc930, 0x0000014231e71a10, 0x0000014231e71ee0, 0x0000014232b53dd0,
0x0000014232bb3b80, 0x0000014232bb4ec0, 0x0000014232bb4520, 0x0000014232bb49f0,
0x0000014232bb5860, 0x0000014232bb5390, 0x0000014232bb5d30
}

Java Threads: ( => current thread )
  0x0000014218f46a50 JavaThread "main" [_thread_blocked, id=4896, stack(0x00000031f3c00000,0x00000031f3d00000)]
  0x0000014218ff7f30 JavaThread "Reference Handler" daemon [_thread_blocked, id=100, stack(0x00000031f3f00000,0x00000031f4000000)]
  0x000001422ed907b0 JavaThread "Finalizer" daemon [_thread_blocked, id=3924, stack(0x00000031f4000000,0x00000031f4100000)]
  0x0000014218ffcda0 JavaThread "Signal Dispatcher" daemon [_thread_blocked, id=10960, stack(0x00000031f4100000,0x00000031f4200000)]
  0x0000014218ffd660 JavaThread "Attach Listener" daemon [_thread_blocked, id=16204, stack(0x00000031f4200000,0x00000031f4300000)]
  0x0000014218ffea90 JavaThread "Service Thread" daemon [_thread_blocked, id=16804, stack(0x00000031f4300000,0x00000031f4400000)]
  0x0000014230645f90 JavaThread "Monitor Deflation Thread" daemon [_thread_blocked, id=2348, stack(0x00000031f4400000,0x00000031f4500000)]
  0x0000014230661700 JavaThread "C2 CompilerThread0" daemon [_thread_blocked, id=15216, stack(0x00000031f4500000,0x00000031f4600000)]
  0x0000014230662000 JavaThread "C1 CompilerThread0" daemon [_thread_blocked, id=15140, stack(0x00000031f4600000,0x00000031f4700000)]
  0x0000014230662900 JavaThread "Sweeper thread" daemon [_thread_blocked, id=15384, stack(0x00000031f4700000,0x00000031f4800000)]
  0x0000014218faebf0 JavaThread "Common-Cleaner" daemon [_thread_blocked, id=18340, stack(0x00000031f4800000,0x00000031f4900000)]
  0x000001423094d180 JavaThread "Notification Thread" daemon [_thread_blocked, id=8264, stack(0x00000031f4900000,0x00000031f4a00000)]
=>0x0000014231861d60 JavaThread "C2 CompilerThread1" daemon [_thread_in_native, id=17068, stack(0x00000031f4b00000,0x00000031f4c00000)]
  0x0000014231c560a0 JavaThread "Equinox resolver thread - Equinox Container: ab11830f-d7c7-471b-9d51-7da31e11d23a" daemon [_thread_blocked, id=9544, stack(0x00000031f5200000,0x00000031f5300000)]
  0x00000142309dd000 JavaThread "Equinox resolver thread - Equinox Container: ab11830f-d7c7-471b-9d51-7da31e11d23a" daemon [_thread_blocked, id=2952, stack(0x00000031f5300000,0x00000031f5400000)]
  0x0000014231dfc460 JavaThread "Equinox resolver thread - Equinox Container: ab11830f-d7c7-471b-9d51-7da31e11d23a" daemon [_thread_blocked, id=1552, stack(0x00000031f5400000,0x00000031f5500000)]
  0x0000014231dfc930 JavaThread "Equinox resolver thread - Equinox Container: ab11830f-d7c7-471b-9d51-7da31e11d23a" daemon [_thread_blocked, id=17904, stack(0x00000031f5500000,0x00000031f5600000)]
  0x0000014231e71a10 JavaThread "Equinox resolver thread - Equinox Container: ab11830f-d7c7-471b-9d51-7da31e11d23a" daemon [_thread_blocked, id=18388, stack(0x00000031f5600000,0x00000031f5700000)]
  0x0000014231e71ee0 JavaThread "Equinox resolver thread - Equinox Container: ab11830f-d7c7-471b-9d51-7da31e11d23a" daemon [_thread_blocked, id=17172, stack(0x00000031f5700000,0x00000031f5800000)]
  0x0000014232b53dd0 JavaThread "Active Thread: Equinox Container: ab11830f-d7c7-471b-9d51-7da31e11d23a" [_thread_blocked, id=10524, stack(0x00000031f5800000,0x00000031f5900000)]
  0x0000014232bb3b80 JavaThread "Framework Event Dispatcher: Equinox Container: ab11830f-d7c7-471b-9d51-7da31e11d23a" daemon [_thread_blocked, id=3352, stack(0x00000031f5900000,0x00000031f5a00000)]
  0x0000014232bb4ec0 JavaThread "Start Level: Equinox Container: ab11830f-d7c7-471b-9d51-7da31e11d23a" daemon [_thread_in_native, id=17952, stack(0x00000031f5a00000,0x00000031f5b00000)]
  0x0000014232bb4520 JavaThread "Refresh Thread: Equinox Container: ab11830f-d7c7-471b-9d51-7da31e11d23a" daemon [_thread_blocked, id=17708, stack(0x00000031f5c00000,0x00000031f5d00000)]
  0x0000014232bb49f0 JavaThread "Equinox resolver thread - Equinox Container: ab11830f-d7c7-471b-9d51-7da31e11d23a" daemon [_thread_blocked, id=16236, stack(0x00000031f4c00000,0x00000031f4d00000)]
  0x0000014232bb5860 JavaThread "Equinox resolver thread - Equinox Container: ab11830f-d7c7-471b-9d51-7da31e11d23a" daemon [_thread_blocked, id=18052, stack(0x00000031f5d00000,0x00000031f5e00000)]
  0x0000014232bb5390 JavaThread "SCR Component Actor" daemon [_thread_blocked, id=9604, stack(0x00000031f6000000,0x00000031f6100000)]
  0x0000014232bb5d30 JavaThread "SCR Component Registry" daemon [_thread_blocked, id=3432, stack(0x00000031f5e00000,0x00000031f5f00000)]

Other Threads:
  0x00000142306214b0 VMThread "VM Thread" [stack: 0x00000031f3e00000,0x00000031f3f00000] [id=3396]
  0x000001423094d650 WatcherThread [stack: 0x00000031f4a00000,0x00000031f4b00000] [id=9712]
  0x0000014218f5baa0 GCTaskThread "GC Thread#0" [stack: 0x00000031f3d00000,0x00000031f3e00000] [id=3608]
  0x00000142329d6960 GCTaskThread "GC Thread#1" [stack: 0x00000031f4d00000,0x00000031f4e00000] [id=12056]
  0x0000014231b943e0 GCTaskThread "GC Thread#2" [stack: 0x00000031f4e00000,0x00000031f4f00000] [id=8464]
  0x0000014231b94690 GCTaskThread "GC Thread#3" [stack: 0x00000031f4f00000,0x00000031f5000000] [id=6592]
  0x0000014231ceb120 GCTaskThread "GC Thread#4" [stack: 0x00000031f5000000,0x00000031f5100000] [id=17560]
  0x0000014231ceb3d0 GCTaskThread "GC Thread#5" [stack: 0x00000031f5100000,0x00000031f5200000] [id=17748]
  0x0000014231d5e270 GCTaskThread "GC Thread#6" [stack: 0x00000031f5b00000,0x00000031f5c00000] [id=14280]
  0x0000014232f30b50 GCTaskThread "GC Thread#7" [stack: 0x00000031f5f00000,0x00000031f6000000] [id=9648]

Threads with active compile tasks:
C1 CompilerThread0    11759 2204       3       org.eclipse.osgi.internal.loader.BundleLoader::searchHooks (192 bytes)
C2 CompilerThread1    11759 1910       4       org.apache.felix.resolver.ResolverImpl::mergeUses (495 bytes)

VM state: not at safepoint (normal execution)

VM Mutex/Monitor currently owned by a thread: None

Heap address: 0x00000000c0000000, size: 1024 MB, Compressed Oops mode: 32-bit

CDS archive(s) not mapped
Compressed class space mapped at: 0x0000000100000000-0x0000000140000000, reserved size: 1073741824
Narrow klass base: 0x0000000000000000, Narrow klass shift: 3, Narrow klass range: 0x140000000

GC Precious Log:
 CPUs: 8 total, 8 available
 Memory: 8044M
 Large Page Support: Disabled
 NUMA Support: Disabled
 Compressed Oops: Enabled (32-bit)
 Alignments: Space 512K, Generation 512K, Heap 2M
 Heap Min Capacity: 100M
 Heap Initial Capacity: 100M
 Heap Max Capacity: 1G
 Pre-touch: Disabled
 Parallel Workers: 8

Heap:
 PSYoungGen      total 29696K, used 17914K [0x00000000eab00000, 0x00000000ecc00000, 0x0000000100000000)
  eden space 25600K, 54% used [0x00000000eab00000,0x00000000eb8848d0,0x00000000ec400000)
  from space 4096K, 99% used [0x00000000ec400000,0x00000000ec7f9f48,0x00000000ec800000)
  to   space 4096K, 0% used [0x00000000ec800000,0x00000000ec800000,0x00000000ecc00000)
 ParOldGen       total 68608K, used 3703K [0x00000000c0000000, 0x00000000c4300000, 0x00000000eab00000)
  object space 68608K, 5% used [0x00000000c0000000,0x00000000c039dd38,0x00000000c4300000)
 Metaspace       used 16706K, committed 17024K, reserved 1064960K
  class space    used 1707K, committed 1856K, reserved 1048576K

Card table byte_map: [0x000001422c630000,0x000001422c840000] _byte_map_base: 0x000001422c030000

Marking Bits: (ParMarkBitMap*) 0x00007ffc89e52cc0
 Begin Bits: [0x000001422c9a0000, 0x000001422d9a0000)
 End Bits:   [0x000001422d9a0000, 0x000001422e9a0000)

Polling page: 0x0000014219000000

Metaspace:

Usage:
  Non-class:     14.65 MB used.
      Class:      1.67 MB used.
       Both:     16.32 MB used.

Virtual space:
  Non-class space:       16.00 MB reserved,      14.81 MB ( 93%) committed,  2 nodes.
      Class space:        1.00 GB reserved,       1.81 MB ( <1%) committed,  1 nodes.
             Both:        1.02 GB reserved,      16.62 MB (  2%) committed. 

Chunk freelists:
   Non-Class:  288.00 KB
       Class:  2.23 MB
        Both:  2.51 MB

MaxMetaspaceSize: unlimited
CompressedClassSpaceSize: 1.00 GB
Initial GC threshold: 21.00 MB
Current GC threshold: 21.00 MB
CDS: off
MetaspaceReclaimPolicy: balanced
 - commit_granule_bytes: 65536.
 - commit_granule_words: 8192.
 - virtual_space_node_default_size: 1048576.
 - enlarge_chunks_in_place: 1.
 - new_chunks_are_fully_committed: 0.
 - uncommit_free_chunks: 1.
 - use_allocation_guard: 0.
 - handle_deallocations: 1.


Internal statistics:

num_allocs_failed_limit: 0.
num_arena_births: 100.
num_arena_deaths: 0.
num_vsnodes_births: 3.
num_vsnodes_deaths: 0.
num_space_committed: 266.
num_space_uncommitted: 0.
num_chunks_returned_to_freelist: 0.
num_chunks_taken_from_freelist: 381.
num_chunk_merges: 0.
num_chunk_splits: 260.
num_chunks_enlarged: 204.
num_purges: 0.
num_inconsistent_stats: 0.

CodeHeap 'non-profiled nmethods': size=120000Kb used=858Kb max_used=858Kb free=119141Kb
 bounds [0x0000014225010000, 0x0000014225280000, 0x000001422c540000]
CodeHeap 'profiled nmethods': size=120000Kb used=4262Kb max_used=4262Kb free=115737Kb
 bounds [0x000001421dae0000, 0x000001421df10000, 0x0000014225010000]
CodeHeap 'non-nmethods': size=5760Kb used=1164Kb max_used=1184Kb free=4595Kb
 bounds [0x000001421d540000, 0x000001421d7b0000, 0x000001421dae0000]
 total_blobs=2655 nmethods=2201 adapters=368
 compilation: enabled
              stopped_count=0, restarted_count=0
 full_count=0

Compilation events (20 events):
Event: 8.690 Thread 0x0000014230662000 2167       3       java.lang.ThreadLocal$ThreadLocalMap::set (133 bytes)
Event: 8.690 Thread 0x0000014230662000 nmethod 2167 0x000001421def9a90 code [0x000001421def9d00, 0x000001421defa908]
Event: 8.693 Thread 0x0000014230662000 2168       1       org.eclipse.osgi.internal.loader.EquinoxClassLoader::getGeneration (5 bytes)
Event: 8.693 Thread 0x0000014230662000 nmethod 2168 0x00000142250e3c90 code [0x00000142250e3e20, 0x00000142250e3ef8]
Event: 8.694 Thread 0x0000014230662000 2169       3       java.util.ArrayList::remove (76 bytes)
Event: 8.694 Thread 0x0000014230662000 nmethod 2169 0x000001421defad90 code [0x000001421defaf80, 0x000001421defb478]
Event: 8.695 Thread 0x0000014230662000 2170       1       org.eclipse.osgi.internal.loader.EquinoxClassLoader::getClasspathManager (5 bytes)
Event: 8.695 Thread 0x0000014230662000 nmethod 2170 0x00000142250e3f90 code [0x00000142250e4120, 0x00000142250e41f8]
Event: 8.696 Thread 0x0000014230662000 2171       3       java.lang.StringBuilder::append (9 bytes)
Event: 8.696 Thread 0x0000014230662000 nmethod 2171 0x000001421defb690 code [0x000001421defb860, 0x000001421defbb98]
Event: 8.696 Thread 0x0000014230662000 2173       3       org.eclipse.osgi.internal.hookregistry.ClassLoaderHook::preFindLocalClass (1 bytes)
Event: 8.696 Thread 0x0000014230662000 nmethod 2173 0x000001421defbd10 code [0x000001421defbea0, 0x000001421defbfb8]
Event: 8.696 Thread 0x0000014230662000 2172       1       org.eclipse.osgi.internal.loader.classpath.ClasspathManager::getGeneration (5 bytes)
Event: 8.696 Thread 0x0000014230662000 nmethod 2172 0x00000142250e4290 code [0x00000142250e4420, 0x00000142250e44f8]
Event: 8.696 Thread 0x0000014230662000 2174       3       org.eclipse.osgi.internal.hookregistry.ClassLoaderHook::postFindLocalClass (1 bytes)
Event: 8.696 Thread 0x0000014230662000 nmethod 2174 0x000001421defc090 code [0x000001421defc220, 0x000001421defc338]
Event: 10.717 Thread 0x0000014230662000 2177       1       org.eclipse.osgi.internal.hookregistry.HookRegistry::getContainer (5 bytes)
Event: 10.717 Thread 0x0000014230662000 nmethod 2177 0x00000142250e4d90 code [0x00000142250e4f20, 0x00000142250e4ff8]
Event: 10.764 Thread 0x0000014230662000 2178       3       java.util.concurrent.locks.LockSupport::parkNanos (29 bytes)
Event: 10.764 Thread 0x0000014230662000 nmethod 2178 0x000001421defc410 code [0x000001421defc5e0, 0x000001421defc7e8]

GC Heap History (6 events):
Event: 3.005 GC heap before
{Heap before GC invocations=1 (full 0):
 PSYoungGen      total 29696K, used 25600K [0x00000000eab00000, 0x00000000ecc00000, 0x0000000100000000)
  eden space 25600K, 100% used [0x00000000eab00000,0x00000000ec400000,0x00000000ec400000)
  from space 4096K, 0% used [0x00000000ec800000,0x00000000ec800000,0x00000000ecc00000)
  to   space 4096K, 0% used [0x00000000ec400000,0x00000000ec400000,0x00000000ec800000)
 ParOldGen       total 68608K, used 0K [0x00000000c0000000, 0x00000000c4300000, 0x00000000eab00000)
  object space 68608K, 0% used [0x00000000c0000000,0x00000000c0000000,0x00000000c4300000)
 Metaspace       used 10841K, committed 11008K, reserved 1064960K
  class space    used 1097K, committed 1216K, reserved 1048576K
}
Event: 3.010 GC heap after
{Heap after GC invocations=1 (full 0):
 PSYoungGen      total 29696K, used 3199K [0x00000000eab00000, 0x00000000ecc00000, 0x0000000100000000)
  eden space 25600K, 0% used [0x00000000eab00000,0x00000000eab00000,0x00000000ec400000)
  from space 4096K, 78% used [0x00000000ec400000,0x00000000ec71fc80,0x00000000ec800000)
  to   space 4096K, 0% used [0x00000000ec800000,0x00000000ec800000,0x00000000ecc00000)
 ParOldGen       total 68608K, used 16K [0x00000000c0000000, 0x00000000c4300000, 0x00000000eab00000)
  object space 68608K, 0% used [0x00000000c0000000,0x00000000c0004000,0x00000000c4300000)
 Metaspace       used 10841K, committed 11008K, reserved 1064960K
  class space    used 1097K, committed 1216K, reserved 1048576K
}
Event: 3.276 GC heap before
{Heap before GC invocations=2 (full 0):
 PSYoungGen      total 29696K, used 28799K [0x00000000eab00000, 0x00000000ecc00000, 0x0000000100000000)
  eden space 25600K, 100% used [0x00000000eab00000,0x00000000ec400000,0x00000000ec400000)
  from space 4096K, 78% used [0x00000000ec400000,0x00000000ec71fc80,0x00000000ec800000)
  to   space 4096K, 0% used [0x00000000ec800000,0x00000000ec800000,0x00000000ecc00000)
 ParOldGen       total 68608K, used 16K [0x00000000c0000000, 0x00000000c4300000, 0x00000000eab00000)
  object space 68608K, 0% used [0x00000000c0000000,0x00000000c0004000,0x00000000c4300000)
 Metaspace       used 13612K, committed 13824K, reserved 1064960K
  class space    used 1367K, committed 1472K, reserved 1048576K
}
Event: 3.279 GC heap after
{Heap after GC invocations=2 (full 0):
 PSYoungGen      total 29696K, used 4072K [0x00000000eab00000, 0x00000000ecc00000, 0x0000000100000000)
  eden space 25600K, 0% used [0x00000000eab00000,0x00000000eab00000,0x00000000ec400000)
  from space 4096K, 99% used [0x00000000ec800000,0x00000000ecbfa060,0x00000000ecc00000)
  to   space 4096K, 0% used [0x00000000ec400000,0x00000000ec400000,0x00000000ec800000)
 ParOldGen       total 68608K, used 896K [0x00000000c0000000, 0x00000000c4300000, 0x00000000eab00000)
  object space 68608K, 1% used [0x00000000c0000000,0x00000000c00e0138,0x00000000c4300000)
 Metaspace       used 13612K, committed 13824K, reserved 1064960K
  class space    used 1367K, committed 1472K, reserved 1048576K
}
Event: 4.499 GC heap before
{Heap before GC invocations=3 (full 0):
 PSYoungGen      total 29696K, used 29672K [0x00000000eab00000, 0x00000000ecc00000, 0x0000000100000000)
  eden space 25600K, 100% used [0x00000000eab00000,0x00000000ec400000,0x00000000ec400000)
  from space 4096K, 99% used [0x00000000ec800000,0x00000000ecbfa060,0x00000000ecc00000)
  to   space 4096K, 0% used [0x00000000ec400000,0x00000000ec400000,0x00000000ec800000)
 ParOldGen       total 68608K, used 896K [0x00000000c0000000, 0x00000000c4300000, 0x00000000eab00000)
  object space 68608K, 1% used [0x00000000c0000000,0x00000000c00e0138,0x00000000c4300000)
 Metaspace       used 14081K, committed 14336K, reserved 1064960K
  class space    used 1404K, committed 1536K, reserved 1048576K
}
Event: 4.503 GC heap after
{Heap after GC invocations=3 (full 0):
 PSYoungGen      total 29696K, used 4071K [0x00000000eab00000, 0x00000000ecc00000, 0x0000000100000000)
  eden space 25600K, 0% used [0x00000000eab00000,0x00000000eab00000,0x00000000ec400000)
  from space 4096K, 99% used [0x00000000ec400000,0x00000000ec7f9f48,0x00000000ec800000)
  to   space 4096K, 0% used [0x00000000ec800000,0x00000000ec800000,0x00000000ecc00000)
 ParOldGen       total 68608K, used 3703K [0x00000000c0000000, 0x00000000c4300000, 0x00000000eab00000)
  object space 68608K, 5% used [0x00000000c0000000,0x00000000c039dd38,0x00000000c4300000)
 Metaspace       used 14081K, committed 14336K, reserved 1064960K
  class space    used 1404K, committed 1536K, reserved 1048576K
}

Deoptimization events (20 events):
Event: 3.406 Thread 0x0000014232bb4520 Uncommon trap: trap_request=0xffffff45 fr.pc=0x000001422503d39c relative=0x00000000000002fc
Event: 3.406 Thread 0x0000014232bb4520 Uncommon trap: reason=unstable_if action=reinterpret pc=0x000001422503d39c method=java.util.HashMap$HashIterator.<init>(Ljava/util/HashMap;)V @ 45 c2
Event: 3.406 Thread 0x0000014232bb4520 DEOPT PACKING pc=0x000001422503d39c sp=0x00000031f5cfefe0
Event: 3.406 Thread 0x0000014232bb4520 DEOPT UNPACKING pc=0x000001421d5920a3 sp=0x00000031f5cfeeb0 mode 2
Event: 4.446 Thread 0x0000014232bb4520 Uncommon trap: trap_request=0xffffff45 fr.pc=0x00000142250bca84 relative=0x00000000000000e4
Event: 4.446 Thread 0x0000014232bb4520 Uncommon trap: reason=unstable_if action=reinterpret pc=0x00000142250bca84 method=org.eclipse.osgi.internal.framework.FilterImpl$Parser.skipWhiteSpace()V @ 39 c2
Event: 4.446 Thread 0x0000014232bb4520 DEOPT PACKING pc=0x00000142250bca84 sp=0x00000031f5cfe6a0
Event: 4.446 Thread 0x0000014232bb4520 DEOPT UNPACKING pc=0x000001421d5920a3 sp=0x00000031f5cfe640 mode 2
Event: 4.471 Thread 0x0000014231c560a0 Uncommon trap: trap_request=0xffffff45 fr.pc=0x000001422507b174 relative=0x0000000000000254
Event: 4.471 Thread 0x0000014231c560a0 Uncommon trap: reason=unstable_if action=reinterpret pc=0x000001422507b174 method=java.util.concurrent.ConcurrentHashMap.get(Ljava/lang/Object;)Ljava/lang/Object; @ 86 c2
Event: 4.471 Thread 0x0000014231c560a0 DEOPT PACKING pc=0x000001422507b174 sp=0x00000031f52fefd0
Event: 4.471 Thread 0x0000014231c560a0 DEOPT UNPACKING pc=0x000001421d5920a3 sp=0x00000031f52fef48 mode 2
Event: 4.509 Thread 0x0000014232bb4520 DEOPT PACKING pc=0x000001421dbc1880 sp=0x00000031f5cfdb80
Event: 5.509 Thread 0x0000014232bb4520 DEOPT UNPACKING pc=0x000001421d592843 sp=0x00000031f5cfcff0 mode 0
Event: 6.518 Thread 0x0000014232bb4520 DEOPT PACKING pc=0x000001421dbd7761 sp=0x00000031f5cfd4e0
Event: 6.518 Thread 0x0000014232bb4520 DEOPT UNPACKING pc=0x000001421d592843 sp=0x00000031f5cfc968 mode 0
Event: 6.613 Thread 0x0000014232bb4ec0 Uncommon trap: trap_request=0xffffffcc fr.pc=0x00000142250e0618 relative=0x00000000000001f8
Event: 6.613 Thread 0x0000014232bb4ec0 Uncommon trap: reason=intrinsic_or_type_checked_inlining action=make_not_entrant pc=0x00000142250e0618 method=java.util.Arrays.copyOf([Ljava/lang/Object;ILjava/lang/Class;)[Ljava/lang/Object; @ 35 c2
Event: 6.613 Thread 0x0000014232bb4ec0 DEOPT PACKING pc=0x00000142250e0618 sp=0x00000031f5afc730
Event: 6.613 Thread 0x0000014232bb4ec0 DEOPT UNPACKING pc=0x000001421d5920a3 sp=0x00000031f5afc6d8 mode 2

Classes unloaded (0 events):
No events

Classes redefined (0 events):
No events

Internal exceptions (20 events):
Event: 1.793 Thread 0x0000014218f46a50 Exception <a 'sun/nio/fs/WindowsException'{0x00000000eb7c6410}> (0x00000000eb7c6410) 
thrown [s\src\hotspot\share\prims\jni.cpp, line 516]
Event: 2.934 Thread 0x0000014218f46a50 Exception <a 'java/lang/ClassNotFoundException'{0x00000000ebfcc8f8}: sun/net/www/protocol/c/Handler> (0x00000000ebfcc8f8) 
thrown [s\src\hotspot\share\classfile\systemDictionary.cpp, line 256]
Event: 2.934 Thread 0x0000014218f46a50 Exception <a 'java/lang/ClassNotFoundException'{0x00000000ebfcdc98}: sun/net/www/protocol/c/Handler> (0x00000000ebfcdc98) 
thrown [s\src\hotspot\share\classfile\systemDictionary.cpp, line 256]
Event: 2.934 Thread 0x0000014218f46a50 Exception <a 'java/lang/ClassNotFoundException'{0x00000000ebfceeb0}: sun/net/www/protocol/c/Handler> (0x00000000ebfceeb0) 
thrown [s\src\hotspot\share\classfile\systemDictionary.cpp, line 256]
Event: 2.940 Thread 0x0000014218f46a50 Exception <a 'java/io/FileNotFoundException'{0x00000000ebff5678}> (0x00000000ebff5678) 
thrown [s\src\hotspot\share\prims\jni.cpp, line 516]
Event: 2.958 Thread 0x0000014218f46a50 Implicit null exception at 0x000001422505fa00 to 0x00000142250603fc
Event: 2.958 Thread 0x0000014218f46a50 Implicit null exception at 0x000001422505a0ec to 0x000001422505a2d8
Event: 2.958 Thread 0x0000014218f46a50 Implicit null exception at 0x000001422504a18e to 0x000001422504a3dc
Event: 2.958 Thread 0x0000014218f46a50 Implicit null exception at 0x0000014225046e0f to 0x0000014225046e89
Event: 2.983 Thread 0x0000014218f46a50 Exception <a 'java/lang/NoSuchMethodError'{0x00000000ec2c13f8}: 'int java.lang.invoke.DirectMethodHandle$Holder.invokeStaticInit(java.lang.Object, java.lang.Object, java.lang.Object, java.lang.Object)'> (0x00000000ec2c13f8) 
thrown [s\src\hotspot\share\interpreter\linkResolver.cpp, line 759]
Event: 2.984 Thread 0x0000014218f46a50 Exception <a 'java/lang/NoSuchMethodError'{0x00000000ec2cba68}: 'java.lang.Object java.lang.invoke.DirectMethodHandle$Holder.invokeInterface(java.lang.Object, java.lang.Object)'> (0x00000000ec2cba68) 
thrown [s\src\hotspot\share\interpreter\linkResolver.cpp, line 759]
Event: 2.984 Thread 0x0000014218f46a50 Exception <a 'java/lang/IncompatibleClassChangeError'{0x00000000ec2cf260}: Found class java.lang.Object, but interface was expected> (0x00000000ec2cf260) 
thrown [s\src\hotspot\share\interpreter\linkResolver.cpp, line 826]
Event: 2.984 Thread 0x0000014218f46a50 Exception <a 'java/lang/NoSuchMethodError'{0x00000000ec2d3758}: 'void java.lang.invoke.DirectMethodHandle$Holder.invokeStatic(java.lang.Object, java.lang.Object)'> (0x00000000ec2d3758) 
thrown [s\src\hotspot\share\interpreter\linkResolver.cpp, line 759]
Event: 2.984 Thread 0x0000014218f46a50 Exception <a 'java/lang/NoSuchMethodError'{0x00000000ec2d6f58}: 'void java.lang.invoke.DirectMethodHandle$Holder.invokeStaticInit(java.lang.Object, java.lang.Object)'> (0x00000000ec2d6f58) 
thrown [s\src\hotspot\share\interpreter\linkResolver.cpp, line 759]
Event: 2.985 Thread 0x0000014218f46a50 Exception <a 'java/lang/NoSuchMethodError'{0x00000000ec2de2e0}: 'int java.lang.invoke.DirectMethodHandle$Holder.invokeStaticInit(java.lang.Object, java.lang.Object)'> (0x00000000ec2de2e0) 
thrown [s\src\hotspot\share\interpreter\linkResolver.cpp, line 759]
Event: 3.118 Thread 0x0000014218f46a50 Exception <a 'java/lang/NoSuchMethodError'{0x00000000eb4696a8}: 'int java.lang.invoke.DirectMethodHandle$Holder.invokeSpecial(java.lang.Object, java.lang.Object, java.lang.Object)'> (0x00000000eb4696a8) 
thrown [s\src\hotspot\share\interpreter\linkResolver.cpp, line 759]
Event: 3.156 Thread 0x0000014218f46a50 Exception <a 'java/lang/NoSuchMethodError'{0x00000000eba0f118}: 'java.lang.Object java.lang.invoke.DirectMethodHandle$Holder.newInvokeSpecial(java.lang.Object, int, java.lang.Object)'> (0x00000000eba0f118) 
thrown [s\src\hotspot\share\interpreter\linkResolver.cpp, line 759]
Event: 3.402 Thread 0x0000014218f46a50 Exception <a 'java/lang/UnsatisfiedLinkError'{0x00000000eb8cff60}: 'void org.eclipse.equinox.launcher.JNIBridge._update_splash()'> (0x00000000eb8cff60) 
thrown [s\src\hotspot\share\prims\nativeLookup.cpp, line 543]
Event: 3.407 Thread 0x0000014232bb4520 Exception <a 'java/lang/NoSuchMethodError'{0x00000000eb96d8c0}: 'java.lang.Object java.lang.invoke.Invokers$Holder.invokeExact_MT(java.lang.Object, java.lang.Object, java.lang.Object, java.lang.Object, java.lang.Object, java.lang.Object)'> (0x00000000eb96d8c0) 
thrown [s\src\hotspot\share\interpreter\linkResolver.cpp, line 759]
Event: 6.581 Thread 0x0000014232bb4ec0 Exception <a 'java/lang/NoSuchMethodError'{0x00000000eaf78e48}: 'java.lang.Object java.lang.invoke.DirectMethodHandle$Holder.invokeStaticInit(java.lang.Object)'> (0x00000000eaf78e48) 
thrown [s\src\hotspot\share\interpreter\linkResolver.cpp, line 759]

VM Operations (20 events):
Event: 3.275 Executing VM operation: ParallelGCFailedAllocation
Event: 3.279 Executing VM operation: ParallelGCFailedAllocation done
Event: 3.405 Executing VM operation: HandshakeAllThreads
Event: 3.405 Executing VM operation: HandshakeAllThreads done
Event: 4.408 Executing VM operation: Cleanup
Event: 4.441 Executing VM operation: Cleanup done
Event: 4.454 Executing VM operation: HandshakeAllThreads
Event: 4.454 Executing VM operation: HandshakeAllThreads done
Event: 4.499 Executing VM operation: ParallelGCFailedAllocation
Event: 4.503 Executing VM operation: ParallelGCFailedAllocation done
Event: 5.509 Executing VM operation: Cleanup
Event: 5.509 Executing VM operation: Cleanup done
Event: 6.518 Executing VM operation: Cleanup
Event: 6.519 Executing VM operation: Cleanup done
Event: 6.592 Executing VM operation: HandshakeAllThreads
Event: 6.592 Executing VM operation: HandshakeAllThreads done
Event: 7.606 Executing VM operation: Cleanup
Event: 8.647 Executing VM operation: Cleanup done
Event: 9.656 Executing VM operation: Cleanup
Event: 9.656 Executing VM operation: Cleanup done

Events (20 events):
Event: 8.672 loading class com/sun/org/apache/xerces/internal/impl/Constants done
Event: 8.672 loading class com/sun/org/apache/xerces/internal/impl/Constants$ArrayEnumeration
Event: 8.672 loading class com/sun/org/apache/xerces/internal/impl/Constants$ArrayEnumeration done
Event: 8.678 loading class com/sun/org/apache/xerces/internal/impl/io/MalformedByteSequenceException
Event: 8.678 loading class java/io/CharConversionException
Event: 8.678 loading class java/io/CharConversionException done
Event: 8.678 loading class com/sun/org/apache/xerces/internal/impl/io/MalformedByteSequenceException done
Event: 8.686 loading class java/util/concurrent/CompletionStage
Event: 8.686 loading class java/util/concurrent/CompletionStage done
Event: 8.687 loading class java/util/Timer
Event: 8.687 loading class java/util/Timer done
Event: 8.687 loading class java/util/TaskQueue
Event: 8.687 loading class java/util/TaskQueue done
Event: 8.687 loading class java/util/TimerThread
Event: 8.687 loading class java/util/TimerThread done
Event: 8.687 loading class java/util/Timer$ThreadReaper
Event: 8.688 loading class java/util/Timer$ThreadReaper done
Event: 8.688 Thread 0x0000014232bb5d30 Thread added: 0x0000014232bb5d30
Event: 8.696 loading class java/util/concurrent/locks/ReentrantLock$FairSync
Event: 8.696 loading class java/util/concurrent/locks/ReentrantLock$FairSync done


Dynamic libraries:
0x00007ff7587c0000 - 0x00007ff7587ce000 	c:\Users\Ayush\.antigravity\extensions\redhat.java-1.12.0-win32-x64\jre\17.0.4.1-win32-x86_64\bin\java.exe
0x00007ffd0ba20000 - 0x00007ffd0bc88000 	C:\WINDOWS\SYSTEM32\ntdll.dll
0x00007ffd0a5e0000 - 0x00007ffd0a6a9000 	C:\WINDOWS\System32\KERNEL32.DLL
0x00007ffd09060000 - 0x00007ffd09458000 	C:\WINDOWS\System32\KERNELBASE.dll
0x00007ffd05700000 - 0x00007ffd0579f000 	C:\WINDOWS\SYSTEM32\apphelp.dll
0x00007ffd09670000 - 0x00007ffd097bb000 	C:\WINDOWS\System32\ucrtbase.dll
0x00007ffd00f60000 - 0x00007ffd00f79000 	c:\Users\Ayush\.antigravity\extensions\redhat.java-1.12.0-win32-x64\jre\17.0.4.1-win32-x86_64\bin\VCRUNTIME140.dll
0x00007ffd01b80000 - 0x00007ffd01b98000 	c:\Users\Ayush\.antigravity\extensions\redhat.java-1.12.0-win32-x64\jre\17.0.4.1-win32-x86_64\bin\jli.dll
0x00007ffd0b080000 - 0x00007ffd0b247000 	C:\WINDOWS\System32\USER32.dll
0x00007ffd09640000 - 0x00007ffd09667000 	C:\WINDOWS\System32\win32u.dll
0x00007ffcf0de0000 - 0x00007ffcf1074000 	C:\WINDOWS\WinSxS\amd64_microsoft.windows.common-controls_6595b64144ccf1df_6.0.26100.7019_none_3e06ffa0e335b8a8\COMCTL32.dll
0x00007ffd09b60000 - 0x00007ffd09b8b000 	C:\WINDOWS\System32\GDI32.dll
0x00007ffd0a410000 - 0x00007ffd0a4b9000 	C:\WINDOWS\System32\msvcrt.dll
0x00007ffd09460000 - 0x00007ffd0958c000 	C:\WINDOWS\System32\gdi32full.dll
0x00007ffd09590000 - 0x00007ffd09633000 	C:\WINDOWS\System32\msvcp_win.dll
0x00007ffd0a4c0000 - 0x00007ffd0a4f1000 	C:\WINDOWS\System32\IMM32.DLL
0x00007ffd036c0000 - 0x00007ffd036cc000 	c:\Users\Ayush\.antigravity\extensions\redhat.java-1.12.0-win32-x64\jre\17.0.4.1-win32-x86_64\bin\vcruntime140_1.dll
0x00007ffce8960000 - 0x00007ffce89f1000 	c:\Users\Ayush\.antigravity\extensions\redhat.java-1.12.0-win32-x64\jre\17.0.4.1-win32-x86_64\bin\msvcp140.dll
0x00007ffc892d0000 - 0x00007ffc89f16000 	c:\Users\Ayush\.antigravity\extensions\redhat.java-1.12.0-win32-x64\jre\17.0.4.1-win32-x86_64\bin\server\jvm.dll
0x00007ffd0b540000 - 0x00007ffd0b5f4000 	C:\WINDOWS\System32\ADVAPI32.dll
0x00007ffd0a2b0000 - 0x00007ffd0a356000 	C:\WINDOWS\System32\sechost.dll
0x00007ffd0b8c0000 - 0x00007ffd0b9d8000 	C:\WINDOWS\System32\RPCRT4.dll
0x00007ffd0aee0000 - 0x00007ffd0aee8000 	C:\WINDOWS\System32\PSAPI.DLL
0x00007ffcf0060000 - 0x00007ffcf006a000 	C:\WINDOWS\SYSTEM32\WSOCK32.dll
0x00007ffcf4510000 - 0x00007ffcf4545000 	C:\WINDOWS\SYSTEM32\WINMM.dll
0x00007ffcfbc30000 - 0x00007ffcfbc3b000 	C:\WINDOWS\SYSTEM32\VERSION.dll
0x00007ffd0a360000 - 0x00007ffd0a3d4000 	C:\WINDOWS\System32\WS2_32.dll
0x00007ffd07930000 - 0x00007ffd0794b000 	C:\WINDOWS\SYSTEM32\kernel.appcore.dll
0x00007ffd01d20000 - 0x00007ffd01d2a000 	c:\Users\Ayush\.antigravity\extensions\redhat.java-1.12.0-win32-x64\jre\17.0.4.1-win32-x86_64\bin\jimage.dll
0x00007ffd06070000 - 0x00007ffd062b2000 	C:\WINDOWS\SYSTEM32\DBGHELP.DLL
0x00007ffd097c0000 - 0x00007ffd09b4b000 	C:\WINDOWS\System32\combase.dll
0x00007ffd0a500000 - 0x00007ffd0a5d7000 	C:\WINDOWS\System32\OLEAUT32.dll
0x00007ffce1370000 - 0x00007ffce13ac000 	C:\WINDOWS\SYSTEM32\dbgcore.DLL
0x00007ffd08fb0000 - 0x00007ffd09055000 	C:\WINDOWS\System32\bcryptPrimitives.dll
0x00007ffd01c80000 - 0x00007ffd01c8e000 	c:\Users\Ayush\.antigravity\extensions\redhat.java-1.12.0-win32-x64\jre\17.0.4.1-win32-x86_64\bin\instrument.dll
0x00007ffd00f30000 - 0x00007ffd00f55000 	c:\Users\Ayush\.antigravity\extensions\redhat.java-1.12.0-win32-x64\jre\17.0.4.1-win32-x86_64\bin\java.dll
0x00007ffd008c0000 - 0x00007ffd008d8000 	c:\Users\Ayush\.antigravity\extensions\redhat.java-1.12.0-win32-x64\jre\17.0.4.1-win32-x86_64\bin\zip.dll
0x00007ffd0a6b0000 - 0x00007ffd0adff000 	C:\WINDOWS\System32\SHELL32.dll
0x00007ffd08b70000 - 0x00007ffd08cdb000 	C:\WINDOWS\System32\wintypes.dll
0x00007ffd06640000 - 0x00007ffd06e9d000 	C:\WINDOWS\SYSTEM32\windows.storage.dll
0x00007ffd0b7c0000 - 0x00007ffd0b8b2000 	C:\WINDOWS\System32\SHCORE.dll
0x00007ffd0b450000 - 0x00007ffd0b4b7000 	C:\WINDOWS\System32\shlwapi.dll
0x00007ffd08a90000 - 0x00007ffd08ab9000 	C:\WINDOWS\SYSTEM32\profapi.dll
0x00007ffd008a0000 - 0x00007ffd008b9000 	C:\Users\Ayush\.antigravity\extensions\redhat.java-1.12.0-win32-x64\jre\17.0.4.1-win32-x86_64\bin\net.dll
0x00007ffcffe70000 - 0x00007ffcfff98000 	C:\WINDOWS\SYSTEM32\WINHTTP.dll
0x00007ffd07ea0000 - 0x00007ffd07f0b000 	C:\WINDOWS\system32\mswsock.dll
0x00007ffcfddb0000 - 0x00007ffcfddc5000 	C:\Users\Ayush\.antigravity\extensions\redhat.java-1.12.0-win32-x64\jre\17.0.4.1-win32-x86_64\bin\nio.dll
0x00007ffd01c20000 - 0x00007ffd01c30000 	c:\Users\Ayush\.antigravity\extensions\redhat.java-1.12.0-win32-x64\jre\17.0.4.1-win32-x86_64\bin\verify.dll
0x00007ffcf9020000 - 0x00007ffcf905e000 	C:\Users\Ayush\AppData\Roaming\Antigravity\User\globalStorage\redhat.java\1.12.0\config_win\org.eclipse.equinox.launcher\org.eclipse.equinox.launcher.win32.win32.x86_64_1.2.600.v20220720-1916\eclipse_11700.dll
0x00007ffd09c20000 - 0x00007ffd09db7000 	C:\WINDOWS\System32\ole32.dll

dbghelp: loaded successfully - version: 4.0.5 - missing functions: none
symbol engine: initialized successfully - sym options: 0x614 - pdb path: .;c:\Users\Ayush\.antigravity\extensions\redhat.java-1.12.0-win32-x64\jre\17.0.4.1-win32-x86_64\bin;C:\WINDOWS\SYSTEM32;C:\WINDOWS\WinSxS\amd64_microsoft.windows.common-controls_6595b64144ccf1df_6.0.26100.7019_none_3e06ffa0e335b8a8;c:\Users\Ayush\.antigravity\extensions\redhat.java-1.12.0-win32-x64\jre\17.0.4.1-win32-x86_64\bin\server;C:\Users\Ayush\AppData\Roaming\Antigravity\User\globalStorage\redhat.java\1.12.0\config_win\org.eclipse.equinox.launcher\org.eclipse.equinox.launcher.win32.win32.x86_64_1.2.600.v20220720-1916

VM Arguments:
jvm_args: --add-modules=ALL-SYSTEM --add-opens=java.base/java.util=ALL-UNNAMED --add-opens=java.base/java.lang=ALL-UNNAMED --add-opens=java.base/sun.nio.fs=ALL-UNNAMED -Declipse.application=org.eclipse.jdt.ls.core.id1 -Dosgi.bundles.defaultStartLevel=4 -Declipse.product=org.eclipse.jdt.ls.core.product -Djava.import.generatesMetadataFilesAtProjectRoot=false -Dfile.encoding=utf8 -XX:+UseParallelGC -XX:GCTimeRatio=4 -XX:AdaptiveSizePolicyWeight=90 -Dsun.zip.disableMemoryMapping=true -Xmx1G -Xms100m -Xlog:disable -javaagent:c:\Users\Ayush\.antigravity\extensions\redhat.java-1.12.0-win32-x64\lombok\lombok-1.18.24.jar -XX:+HeapDumpOnOutOfMemoryError -XX:HeapDumpPath=c:\Users\Ayush\AppData\Roaming\Antigravity\User\workspaceStorage\3f7b54dcdad3fca262c77b1c4bfa23a2\redhat.java 
java_command: c:\Users\Ayush\.antigravity\extensions\redhat.java-1.12.0-win32-x64\server\plugins\org.eclipse.equinox.launcher_1.6.400.v20210924-0641.jar -configuration c:\Users\Ayush\AppData\Roaming\Antigravity\User\globalStorage\redhat.java\1.12.0\config_win -data c:\Users\Ayush\AppData\Roaming\Antigravity\User\workspaceStorage\3f7b54dcdad3fca262c77b1c4bfa23a2\redhat.java\jdt_ws
java_class_path (initial): c:\Users\Ayush\.antigravity\extensions\redhat.java-1.12.0-win32-x64\server\plugins\org.eclipse.equinox.launcher_1.6.400.v20210924-0641.jar
Launcher Type: SUN_STANDARD

[Global flags]
    uintx AdaptiveSizePolicyWeight                 = 90                                        {product} {command line}
     intx CICompilerCount                          = 4                                         {product} {ergonomic}
    uintx GCTimeRatio                              = 4                                         {product} {command line}
     bool HeapDumpOnOutOfMemoryError               = true                                   {manageable} {command line}
    ccstr HeapDumpPath                             = c:\Users\Ayush\AppData\Roaming\Antigravity\User\workspaceStorage\3f7b54dcdad3fca262c77b1c4bfa23a2\redhat.java         {manageable} {command line}
   size_t InitialHeapSize                          = 104857600                                 {product} {command line}
   size_t MaxHeapSize                              = 1073741824                                {product} {command line}
   size_t MaxNewSize                               = 357564416                                 {product} {ergonomic}
   size_t MinHeapDeltaBytes                        = 524288                                    {product} {ergonomic}
   size_t MinHeapSize                              = 104857600                                 {product} {command line}
   size_t NewSize                                  = 34603008                                  {product} {ergonomic}
    uintx NonNMethodCodeHeapSize                   = 5839372                                {pd product} {ergonomic}
    uintx NonProfiledCodeHeapSize                  = 122909434                              {pd product} {ergonomic}
   size_t OldSize                                  = 70254592                                  {product} {ergonomic}
    uintx ProfiledCodeHeapSize                     = 122909434                              {pd product} {ergonomic}
    uintx ReservedCodeCacheSize                    = 251658240                              {pd product} {ergonomic}
     bool SegmentedCodeCache                       = true                                      {product} {ergonomic}
   size_t SoftMaxHeapSize                          = 1073741824                             {manageable} {ergonomic}
     bool UseCompressedClassPointers               = true                           {product lp64_product} {ergonomic}
     bool UseCompressedOops                        = true                           {product lp64_product} {ergonomic}
     bool UseLargePagesIndividualAllocation        = false                                  {pd product} {ergonomic}
     bool UseParallelGC                            = true                                      {product} {command line}

Logging:
Log output configuration:
 #0: stdout all=off uptime,level,tags
 #1: stderr all=off uptime,level,tags

Environment Variables:
JAVA_HOME=C:\Program Files\Java\jdk-24
PATH=C:\Program Files\Common Files\Oracle\Java\javapath;C:\Windows\system32;C:\Windows;C:\Windows\System32\Wbem;C:\Windows\System32\WindowsPowerShell\v1.0\;C:\Windows\System32\OpenSSH\;C:\WINDOWS\system32;C:\WINDOWS;C:\WINDOWS\System32\Wbem;C:\WINDOWS\System32\WindowsPowerShell\v1.0\;C:\WINDOWS\System32\OpenSSH\;C:\MinGW\bin;C:\Users\Ayush\Downloads\opencv\build\x64\vc16\bin;C:\Program Files\CMake;C:\Users\Ayush\Downloads\opencv\build\x64\vc16\lib;C:\Program Files\Java\jdk-23\bin;C:\Program Files\Java\jdk-24\bin;C:\Program Files (x86)\NVIDIA Corporation\PhysX\Common;C:\Program Files\Common Files\Autodesk Shared\;C:\Program Files\MySQL\MySQL Server 8.0\bin;C:\Program Files\Git\cmd;C:\Program Files\nodejs\;C:\Program Files\NVIDIA Corporation\NVIDIA App\NvDLISR;C:\Program Files\MySQL\MySQL Shell 8.0\bin\;C:\Users\Ayush\AppData\Local\Programs\Python\Python313\Scripts\;C:\Users\Ayush\AppData\Local\Programs\Python\Python313\;C:\Users\Ayush\AppData\Local\Microsoft\WindowsApps;C:\MinGW\bin;C:\Users\Ayush\Downloads\opencv\build\x64\vc16\bin;C:\Program Files\CMake;C:\Users\Ayush\Downloads\opencv\build\x64\vc16\lib;C:\Program Files\CMake\bin;C:\Program Files\Java\jdk-23\bin;C:\Program Files\JetBrains\PyCharm 2024.3.5\bin;;C:\Program Files\JetBrains\PyCharm Community Edition 2023.3.3\bin;;D:\JAVA ITELLi\IntelliJ IDEA Community Edition 2025.2\bin;C:\Users\Ayush\AppData\Local\GitHubDesktop\bin;C:\Users\Ayush\AppData\Roaming\npm;C:\Users\Ayush\AppData\Local\Programs\Microsoft VS Code\bin;C:\Users\Ayush\AppData\Local\Programs\Antigravity\bin
USERNAME=Ayush
OS=Windows_NT
PROCESSOR_IDENTIFIER=Intel64 Family 6 Model 158 Stepping 10, GenuineIntel
TMP=C:\Users\Ayush\AppData\Local\Temp
TEMP=C:\Users\Ayush\AppData\Local\Temp



---------------  S Y S T E M  ---------------

OS:
 Windows 11 , 64 bit Build 26100 (10.0.26100.7019)
OS uptime: 0 days 1:09 hours

CPU: total 8 (initial active 8) (4 cores per cpu, 2 threads per core) family 6 model 158 stepping 10 microcode 0xec, cx8, cmov, fxsr, ht, mmx, 3dnowpref, sse, sse2, sse3, ssse3, sse4.1, sse4.2, popcnt, lzcnt, tsc, tscinvbit, avx, avx2, aes, erms, clmul, bmi1, bmi2, adx, fma, vzeroupper, clflush, clflushopt

Memory: 4k page, system-wide physical 8044M (732M free)
TotalPageFile size 12140M (AvailPageFile size 47M)
current process WorkingSet (physical memory assigned to process): 113M, peak: 113M
current process commit charge ("private bytes"): 221M, peak: 222M

vm_info: OpenJDK 64-Bit Server VM (17.0.4.1+1) for windows-amd64 JRE (17.0.4.1+1), built on Aug 17 2022 07:42:43 by "temurin" with MS VC++ 16.7 (VS2019)

END.
